Archive member included because of file (symbol)

c:/winavr-20100110/bin/../lib/gcc/avr/4.3.3/avr5\libgcc.a(_mulsi3.o)
                              ./hal/CLCD_program.o (__mulsi3)
c:/winavr-20100110/bin/../lib/gcc/avr/4.3.3/avr5\libgcc.a(_udivmodhi4.o)
                              ./hal/LDR_prog.o (__udivmodhi4)
c:/winavr-20100110/bin/../lib/gcc/avr/4.3.3/avr5\libgcc.a(_udivmodsi4.o)
                              ./hal/CLCD_program.o (__udivmodsi4)
c:/winavr-20100110/bin/../lib/gcc/avr/4.3.3/avr5\libgcc.a(_divmodsi4.o)
                              ./hal/CLCD_program.o (__divmodsi4)
c:/winavr-20100110/bin/../lib/gcc/avr/4.3.3/avr5\libgcc.a(_exit.o)
                              c:/winavr-20100110/bin/../lib/gcc/avr/4.3.3/../../../../avr/lib/avr5/crtm32.o (exit)
c:/winavr-20100110/bin/../lib/gcc/avr/4.3.3/avr5\libgcc.a(_copy_data.o)
                              ./hal/CLCD_program.o (__do_copy_data)
c:/winavr-20100110/bin/../lib/gcc/avr/4.3.3/avr5\libgcc.a(_clear_bss.o)
                              ./hal/PIR_prog.o (__do_clear_bss)
c:/winavr-20100110/bin/../lib/gcc/avr/4.3.3/avr5\libgcc.a(_fixunssfsi.o)
                              ./hal/CLCD_program.o (__fixunssfsi)
c:/winavr-20100110/bin/../lib/gcc/avr/4.3.3/avr5\libgcc.a(_fixsfdi.o)
                              ./hal/CLCD_program.o (__fixsfdi)
c:/winavr-20100110/bin/../lib/gcc/avr/4.3.3/avr5\libgcc.a(_fixunssfdi.o)
                              c:/winavr-20100110/bin/../lib/gcc/avr/4.3.3/avr5\libgcc.a(_fixsfdi.o) (__fixunssfdi)
c:/winavr-20100110/bin/../lib/gcc/avr/4.3.3/avr5\libgcc.a(_addsub_sf.o)
                              ./hal/CLCD_program.o (__subsf3)
c:/winavr-20100110/bin/../lib/gcc/avr/4.3.3/avr5\libgcc.a(_mul_sf.o)
                              ./hal/CLCD_program.o (__mulsf3)
c:/winavr-20100110/bin/../lib/gcc/avr/4.3.3/avr5\libgcc.a(_div_sf.o)
                              ./hal/DHT11_prog.o (__divsf3)
c:/winavr-20100110/bin/../lib/gcc/avr/4.3.3/avr5\libgcc.a(_gt_sf.o)
                              ./hal/CLCD_program.o (__gtsf2)
c:/winavr-20100110/bin/../lib/gcc/avr/4.3.3/avr5\libgcc.a(_ge_sf.o)
                              c:/winavr-20100110/bin/../lib/gcc/avr/4.3.3/avr5\libgcc.a(_fixunssfsi.o) (__gesf2)
c:/winavr-20100110/bin/../lib/gcc/avr/4.3.3/avr5\libgcc.a(_lt_sf.o)
                              ./hal/CLCD_program.o (__ltsf2)
c:/winavr-20100110/bin/../lib/gcc/avr/4.3.3/avr5\libgcc.a(_si_to_sf.o)
                              ./hal/CLCD_program.o (__floatsisf)
c:/winavr-20100110/bin/../lib/gcc/avr/4.3.3/avr5\libgcc.a(_sf_to_si.o)
                              ./hal/CLCD_program.o (__fixsfsi)
c:/winavr-20100110/bin/../lib/gcc/avr/4.3.3/avr5\libgcc.a(_thenan_sf.o)
                              c:/winavr-20100110/bin/../lib/gcc/avr/4.3.3/avr5\libgcc.a(_addsub_sf.o) (__thenan_sf)
c:/winavr-20100110/bin/../lib/gcc/avr/4.3.3/avr5\libgcc.a(_usi_to_sf.o)
                              ./hal/LDR_prog.o (__floatunsisf)
c:/winavr-20100110/bin/../lib/gcc/avr/4.3.3/avr5\libgcc.a(_prologue.o)
                              c:/winavr-20100110/bin/../lib/gcc/avr/4.3.3/avr5\libgcc.a(_fixunssfdi.o) (__prologue_saves__)
c:/winavr-20100110/bin/../lib/gcc/avr/4.3.3/avr5\libgcc.a(_epilogue.o)
                              c:/winavr-20100110/bin/../lib/gcc/avr/4.3.3/avr5\libgcc.a(_fixunssfdi.o) (__epilogue_restores__)
c:/winavr-20100110/bin/../lib/gcc/avr/4.3.3/avr5\libgcc.a(_ashldi3.o)
                              c:/winavr-20100110/bin/../lib/gcc/avr/4.3.3/avr5\libgcc.a(_fixunssfdi.o) (__ashldi3)
c:/winavr-20100110/bin/../lib/gcc/avr/4.3.3/avr5\libgcc.a(_clzsi2.o)
                              c:/winavr-20100110/bin/../lib/gcc/avr/4.3.3/avr5\libgcc.a(_si_to_sf.o) (__clzsi2)
c:/winavr-20100110/bin/../lib/gcc/avr/4.3.3/avr5\libgcc.a(_pack_sf.o)
                              c:/winavr-20100110/bin/../lib/gcc/avr/4.3.3/avr5\libgcc.a(_addsub_sf.o) (__pack_f)
c:/winavr-20100110/bin/../lib/gcc/avr/4.3.3/avr5\libgcc.a(_unpack_sf.o)
                              c:/winavr-20100110/bin/../lib/gcc/avr/4.3.3/avr5\libgcc.a(_addsub_sf.o) (__unpack_f)
c:/winavr-20100110/bin/../lib/gcc/avr/4.3.3/avr5\libgcc.a(_fpcmp_parts_sf.o)
                              c:/winavr-20100110/bin/../lib/gcc/avr/4.3.3/avr5\libgcc.a(_gt_sf.o) (__fpcmp_parts_f)
c:/winavr-20100110/bin/../lib/gcc/avr/4.3.3/avr5\libgcc.a(_clz.o)
                              c:/winavr-20100110/bin/../lib/gcc/avr/4.3.3/avr5\libgcc.a(_clzsi2.o) (__clz_tab)
c:/winavr-20100110/bin/../lib/gcc/avr/4.3.3/../../../../avr/lib/avr5\libc.a(strlen.o)
                              ./main.o (strlen)

Allocating common symbols
Common symbol       size              file

dhtData             0x2               ./main.o

Memory Configuration

Name             Origin             Length             Attributes
text             0x00000000         0x00020000         xr
data             0x00800060         0x0000ffa0         rw !x
eeprom           0x00810000         0x00010000         rw !x
fuse             0x00820000         0x00000400         rw !x
lock             0x00830000         0x00000400         rw !x
signature        0x00840000         0x00000400         rw !x
*default*        0x00000000         0xffffffff

Linker script and memory map

LOAD c:/winavr-20100110/bin/../lib/gcc/avr/4.3.3/../../../../avr/lib/avr5/crtm32.o
LOAD ./hal/BUZ_prog.o
LOAD ./hal/CLCD_program.o
LOAD ./hal/DCMOTOR_program.o
LOAD ./hal/DHT11_prog.o
LOAD ./hal/EEPROM_program.o
LOAD ./hal/IR_prog.o
LOAD ./hal/KPD_prog.o
LOAD ./hal/LDR_prog.o
LOAD ./hal/LED_prog.o
LOAD ./hal/MQ2_prog.o
LOAD ./hal/PIR_prog.o
LOAD ./hal/Servo_Motor_prog.o
LOAD ./hal/soil moisture_program.o
LOAD ./MCAL/ADC_prog.o
LOAD ./MCAL/DIO_program.o
LOAD ./MCAL/EEPROM_prog.o
LOAD ./MCAL/TIMER_program.o
LOAD ./MCAL/TWI_prog.o
LOAD ./main.o
LOAD c:/winavr-20100110/bin/../lib/gcc/avr/4.3.3/avr5\libgcc.a
LOAD c:/winavr-20100110/bin/../lib/gcc/avr/4.3.3/../../../../avr/lib/avr5\libc.a
LOAD c:/winavr-20100110/bin/../lib/gcc/avr/4.3.3/avr5\libgcc.a

.hash
 *(.hash)

.dynsym
 *(.dynsym)

.dynstr
 *(.dynstr)

.gnu.version
 *(.gnu.version)

.gnu.version_d
 *(.gnu.version_d)

.gnu.version_r
 *(.gnu.version_r)

.rel.init
 *(.rel.init)

.rela.init
 *(.rela.init)

.rel.text
 *(.rel.text)
 *(.rel.text.*)
 *(.rel.gnu.linkonce.t*)

.rela.text
 *(.rela.text)
 *(.rela.text.*)
 *(.rela.gnu.linkonce.t*)

.rel.fini
 *(.rel.fini)

.rela.fini
 *(.rela.fini)

.rel.rodata
 *(.rel.rodata)
 *(.rel.rodata.*)
 *(.rel.gnu.linkonce.r*)

.rela.rodata
 *(.rela.rodata)
 *(.rela.rodata.*)
 *(.rela.gnu.linkonce.r*)

.rel.data
 *(.rel.data)
 *(.rel.data.*)
 *(.rel.gnu.linkonce.d*)

.rela.data
 *(.rela.data)
 *(.rela.data.*)
 *(.rela.gnu.linkonce.d*)

.rel.ctors
 *(.rel.ctors)

.rela.ctors
 *(.rela.ctors)

.rel.dtors
 *(.rel.dtors)

.rela.dtors
 *(.rela.dtors)

.rel.got
 *(.rel.got)

.rela.got
 *(.rela.got)

.rel.bss
 *(.rel.bss)

.rela.bss
 *(.rela.bss)

.rel.plt
 *(.rel.plt)

.rela.plt
 *(.rela.plt)

.text           0x00000000     0x75a4
 *(.vectors)
 .vectors       0x00000000       0x54 c:/winavr-20100110/bin/../lib/gcc/avr/4.3.3/../../../../avr/lib/avr5/crtm32.o
                0x00000000                __vectors
                0x00000000                __vector_default
 *(.vectors)
 *(.progmem.gcc*)
 *(.progmem*)
                0x00000054                . = ALIGN (0x2)
                0x00000054                __trampolines_start = .
 *(.trampolines)
 .trampolines   0x00000054        0x0 linker stubs
 *(.trampolines*)
                0x00000054                __trampolines_end = .
 *(.jumptables)
 *(.jumptables*)
 *(.lowtext)
 *(.lowtext*)
                0x00000054                __ctors_start = .
 *(.ctors)
                0x00000054                __ctors_end = .
                0x00000054                __dtors_start = .
 *(.dtors)
                0x00000054                __dtors_end = .
 SORT(*)(.ctors)
 SORT(*)(.dtors)
 *(.init0)
 .init0         0x00000054        0x0 c:/winavr-20100110/bin/../lib/gcc/avr/4.3.3/../../../../avr/lib/avr5/crtm32.o
                0x00000054                __init
 *(.init0)
 *(.init1)
 *(.init1)
 *(.init2)
 .init2         0x00000054        0xc c:/winavr-20100110/bin/../lib/gcc/avr/4.3.3/../../../../avr/lib/avr5/crtm32.o
 *(.init2)
 *(.init3)
 *(.init3)
 *(.init4)
 .init4         0x00000060       0x16 c:/winavr-20100110/bin/../lib/gcc/avr/4.3.3/avr5\libgcc.a(_copy_data.o)
                0x00000060                __do_copy_data
 .init4         0x00000076       0x10 c:/winavr-20100110/bin/../lib/gcc/avr/4.3.3/avr5\libgcc.a(_clear_bss.o)
                0x00000076                __do_clear_bss
 *(.init4)
 *(.init5)
 *(.init5)
 *(.init6)
 *(.init6)
 *(.init7)
 *(.init7)
 *(.init8)
 *(.init8)
 *(.init9)
 .init9         0x00000086        0x8 c:/winavr-20100110/bin/../lib/gcc/avr/4.3.3/../../../../avr/lib/avr5/crtm32.o
 *(.init9)
 *(.text)
 .text          0x0000008e        0x4 c:/winavr-20100110/bin/../lib/gcc/avr/4.3.3/../../../../avr/lib/avr5/crtm32.o
                0x0000008e                __vector_1
                0x0000008e                __vector_12
                0x0000008e                __bad_interrupt
                0x0000008e                __vector_3
                0x0000008e                __vector_13
                0x0000008e                __vector_17
                0x0000008e                __vector_19
                0x0000008e                __vector_2
                0x0000008e                __vector_15
                0x0000008e                __vector_14
                0x0000008e                __vector_18
                0x0000008e                __vector_20
 .text          0x00000092        0x0 ./hal/BUZ_prog.o
 .text          0x00000092        0x0 ./hal/CLCD_program.o
 .text          0x00000092        0x0 ./hal/DCMOTOR_program.o
 .text          0x00000092        0x0 ./hal/DHT11_prog.o
 .text          0x00000092        0x0 ./hal/EEPROM_program.o
 .text          0x00000092        0x0 ./hal/IR_prog.o
 .text          0x00000092        0x0 ./hal/KPD_prog.o
 .text          0x00000092        0x0 ./hal/LDR_prog.o
 .text          0x00000092        0x0 ./hal/LED_prog.o
 .text          0x00000092        0x0 ./hal/MQ2_prog.o
 .text          0x00000092        0x0 ./hal/PIR_prog.o
 .text          0x00000092        0x0 ./hal/Servo_Motor_prog.o
 .text          0x00000092        0x0 ./hal/soil moisture_program.o
 .text          0x00000092        0x0 ./MCAL/ADC_prog.o
 .text          0x00000092        0x0 ./MCAL/DIO_program.o
 .text          0x00000092        0x0 ./MCAL/EEPROM_prog.o
 .text          0x00000092        0x0 ./MCAL/TIMER_program.o
 .text          0x00000092        0x0 ./MCAL/TWI_prog.o
 .text          0x00000092        0x0 ./main.o
 .text          0x00000092        0x0 c:/winavr-20100110/bin/../lib/gcc/avr/4.3.3/avr5\libgcc.a(_mulsi3.o)
 .text          0x00000092        0x0 c:/winavr-20100110/bin/../lib/gcc/avr/4.3.3/avr5\libgcc.a(_udivmodhi4.o)
 .text          0x00000092        0x0 c:/winavr-20100110/bin/../lib/gcc/avr/4.3.3/avr5\libgcc.a(_udivmodsi4.o)
 .text          0x00000092        0x0 c:/winavr-20100110/bin/../lib/gcc/avr/4.3.3/avr5\libgcc.a(_divmodsi4.o)
 .text          0x00000092        0x0 c:/winavr-20100110/bin/../lib/gcc/avr/4.3.3/avr5\libgcc.a(_exit.o)
 .text          0x00000092        0x0 c:/winavr-20100110/bin/../lib/gcc/avr/4.3.3/avr5\libgcc.a(_copy_data.o)
 .text          0x00000092        0x0 c:/winavr-20100110/bin/../lib/gcc/avr/4.3.3/avr5\libgcc.a(_clear_bss.o)
 .text          0x00000092       0x58 c:/winavr-20100110/bin/../lib/gcc/avr/4.3.3/avr5\libgcc.a(_fixunssfsi.o)
                0x00000092                __fixunssfsi
 .text          0x000000ea       0xe8 c:/winavr-20100110/bin/../lib/gcc/avr/4.3.3/avr5\libgcc.a(_fixsfdi.o)
                0x000000ea                __fixsfdi
 .text          0x000001d2      0x150 c:/winavr-20100110/bin/../lib/gcc/avr/4.3.3/avr5\libgcc.a(_fixunssfdi.o)
                0x000001d2                __fixunssfdi
 .text          0x00000322      0x354 c:/winavr-20100110/bin/../lib/gcc/avr/4.3.3/avr5\libgcc.a(_addsub_sf.o)
                0x000005ba                __subsf3
                0x0000061c                __addsf3
 .text          0x00000676      0x1f4 c:/winavr-20100110/bin/../lib/gcc/avr/4.3.3/avr5\libgcc.a(_mul_sf.o)
                0x00000676                __mulsf3
 .text          0x0000086a      0x158 c:/winavr-20100110/bin/../lib/gcc/avr/4.3.3/avr5\libgcc.a(_div_sf.o)
                0x0000086a                __divsf3
 .text          0x000009c2       0x60 c:/winavr-20100110/bin/../lib/gcc/avr/4.3.3/avr5\libgcc.a(_gt_sf.o)
                0x000009c2                __gtsf2
 .text          0x00000a22       0x60 c:/winavr-20100110/bin/../lib/gcc/avr/4.3.3/avr5\libgcc.a(_ge_sf.o)
                0x00000a22                __gesf2
 .text          0x00000a82       0x60 c:/winavr-20100110/bin/../lib/gcc/avr/4.3.3/avr5\libgcc.a(_lt_sf.o)
                0x00000a82                __ltsf2
 .text          0x00000ae2       0xbc c:/winavr-20100110/bin/../lib/gcc/avr/4.3.3/avr5\libgcc.a(_si_to_sf.o)
                0x00000ae2                __floatsisf
 .text          0x00000b9e       0xa8 c:/winavr-20100110/bin/../lib/gcc/avr/4.3.3/avr5\libgcc.a(_sf_to_si.o)
                0x00000b9e                __fixsfsi
 .text          0x00000c46        0x0 c:/winavr-20100110/bin/../lib/gcc/avr/4.3.3/avr5\libgcc.a(_thenan_sf.o)
 .text          0x00000c46       0xf2 c:/winavr-20100110/bin/../lib/gcc/avr/4.3.3/avr5\libgcc.a(_usi_to_sf.o)
                0x00000c46                __floatunsisf
 .text          0x00000d38        0x0 c:/winavr-20100110/bin/../lib/gcc/avr/4.3.3/avr5\libgcc.a(_prologue.o)
 .text          0x00000d38        0x0 c:/winavr-20100110/bin/../lib/gcc/avr/4.3.3/avr5\libgcc.a(_epilogue.o)
 .text          0x00000d38       0xfe c:/winavr-20100110/bin/../lib/gcc/avr/4.3.3/avr5\libgcc.a(_ashldi3.o)
                0x00000d38                __ashldi3
 .text          0x00000e36       0x9e c:/winavr-20100110/bin/../lib/gcc/avr/4.3.3/avr5\libgcc.a(_clzsi2.o)
                0x00000e36                __clzsi2
 .text          0x00000ed4      0x1aa c:/winavr-20100110/bin/../lib/gcc/avr/4.3.3/avr5\libgcc.a(_pack_sf.o)
                0x00000ed4                __pack_f
 .text          0x0000107e       0xf0 c:/winavr-20100110/bin/../lib/gcc/avr/4.3.3/avr5\libgcc.a(_unpack_sf.o)
                0x0000107e                __unpack_f
 .text          0x0000116e       0xb2 c:/winavr-20100110/bin/../lib/gcc/avr/4.3.3/avr5\libgcc.a(_fpcmp_parts_sf.o)
                0x0000116e                __fpcmp_parts_f
 .text          0x00001220        0x0 c:/winavr-20100110/bin/../lib/gcc/avr/4.3.3/avr5\libgcc.a(_clz.o)
 .text          0x00001220        0x0 c:/winavr-20100110/bin/../lib/gcc/avr/4.3.3/../../../../avr/lib/avr5\libc.a(strlen.o)
                0x00001220                . = ALIGN (0x2)
 *(.text.*)
 .text.BUZ_vInit
                0x00001220       0x2a ./hal/BUZ_prog.o
                0x00001220                BUZ_vInit
 .text.BUZ_vOn  0x0000124a       0x44 ./hal/BUZ_prog.o
                0x0000124a                BUZ_vOn
 .text.BUZ_vOff
                0x0000128e       0x44 ./hal/BUZ_prog.o
                0x0000128e                BUZ_vOff
 .text.BUZ_vTog
                0x000012d2       0x28 ./hal/BUZ_prog.o
                0x000012d2                BUZ_vTog
 .text.CLCD_voidInit
                0x000012fa      0x694 ./hal/CLCD_program.o
                0x000012fa                CLCD_voidInit
 .text.CLCD_voidsendData
                0x0000198e      0x140 ./hal/CLCD_program.o
                0x0000198e                CLCD_voidsendData
 .text.CLCD_voidsendCommand
                0x00001ace      0x140 ./hal/CLCD_program.o
                0x00001ace                CLCD_voidsendCommand
 .text.CLCD_voidsendString
                0x00001c0e       0x52 ./hal/CLCD_program.o
                0x00001c0e                CLCD_voidsendString
 .text.CLCD_voidSendFallingEdge
                0x00001c60      0x202 ./hal/CLCD_program.o
 .text.CLCD_voidClearScreen
                0x00001e62      0x110 ./hal/CLCD_program.o
                0x00001e62                CLCD_voidClearScreen
 .text.CLCD_voidSetPosition
                0x00001f72      0x14c ./hal/CLCD_program.o
                0x00001f72                CLCD_voidSetPosition
 .text.CLCD_voidSendExtraChar
                0x000020be       0x64 ./hal/CLCD_program.o
                0x000020be                CLCD_voidSendExtraChar
 .text.CLCD_vSendIntNumber
                0x00002122      0x170 ./hal/CLCD_program.o
                0x00002122                CLCD_vSendIntNumber
 .text.CLCD_vSendFloatNumber
                0x00002292      0x126 ./hal/CLCD_program.o
                0x00002292                CLCD_vSendFloatNumber
 .text.DCMOTOR_uint8Control
                0x000023b8       0xd4 ./hal/DCMOTOR_program.o
                0x000023b8                DCMOTOR_uint8Control
 .text.DHT11_voidInit
                0x0000248c       0x22 ./hal/DHT11_prog.o
                0x0000248c                DHT11_voidInit
 .text.DHT11_u8GetData
                0x000024ae       0xb4 ./hal/DHT11_prog.o
                0x000024ae                DHT11_u8GetData
 .text.DHT11_voidSendStartSignal
                0x00002562      0x350 ./hal/DHT11_prog.o
 .text.DHT11_u8CheckResponse
                0x000028b2      0x3c8 ./hal/DHT11_prog.o
 .text.DHT11_u8ReadByte
                0x00002c7a      0x662 ./hal/DHT11_prog.o
 .text.EEPROM_vSendDataByte
                0x000032dc      0x136 ./hal/EEPROM_program.o
                0x000032dc                EEPROM_vSendDataByte
 .text.EEPROM_u8ReadDataByte
                0x00003412       0x58 ./hal/EEPROM_program.o
                0x00003412                EEPROM_u8ReadDataByte
 .text.IR_enumInit
                0x0000346a       0x54 ./hal/IR_prog.o
                0x0000346a                IR_enumInit
 .text.IR_enumGetState
                0x000034be       0x74 ./hal/IR_prog.o
                0x000034be                IR_enumGetState
 .text.KPD_vInit
                0x00003532       0x46 ./hal/KPD_prog.o
                0x00003532                KPD_vInit
 .text.KPD_u8GetPressed
                0x00003578      0x1cc ./hal/KPD_prog.o
                0x00003578                KPD_u8GetPressed
 .text.LDR_u16CalculateResistance
                0x00003744       0xf2 ./hal/LDR_prog.o
 .text.LDR_enumInit
                0x00003836       0x48 ./hal/LDR_prog.o
                0x00003836                LDR_enumInit
 .text.LDR_enumGetLightIntensity
                0x0000387e       0x76 ./hal/LDR_prog.o
                0x0000387e                LDR_enumGetLightIntensity
 .text.LDR_enumGetAnalogSignal
                0x000038f4       0x52 ./hal/LDR_prog.o
                0x000038f4                LDR_enumGetAnalogSignal
 .text.LDR_enumGetLightPercentage
                0x00003946       0xc8 ./hal/LDR_prog.o
                0x00003946                LDR_enumGetLightPercentage
 .text.LED_vInit
                0x00003a0e       0x2a ./hal/LED_prog.o
                0x00003a0e                LED_vInit
 .text.LED_vTurnOn
                0x00003a38       0x44 ./hal/LED_prog.o
                0x00003a38                LED_vTurnOn
 .text.LED_vTurnOff
                0x00003a7c       0x44 ./hal/LED_prog.o
                0x00003a7c                LED_vTurnOff
 .text.LED_vTog
                0x00003ac0       0x28 ./hal/LED_prog.o
                0x00003ac0                LED_vTog
 .text.MQ2_u16CalculateRS
                0x00003ae8       0xf2 ./hal/MQ2_prog.o
 .text.MQ2_u16CalculateRatio
                0x00003bda       0x76 ./hal/MQ2_prog.o
 .text.MQ2_enumGetGasPercentage
                0x00003c50       0x8a ./hal/MQ2_prog.o
                0x00003c50                MQ2_enumGetGasPercentage
 .text.MQ2_enumGetGasPurity
                0x00003cda       0x70 ./hal/MQ2_prog.o
                0x00003cda                MQ2_enumGetGasPurity
 .text.MQ2_enumGetCalibrationValue
                0x00003d4a       0xd4 ./hal/MQ2_prog.o
 .text.MQ2_enumInit
                0x00003e1e       0x60 ./hal/MQ2_prog.o
                0x00003e1e                MQ2_enumInit
 .text.MQ2_enumGetGasConcentration
                0x00003e7e       0x8a ./hal/MQ2_prog.o
                0x00003e7e                MQ2_enumGetGasConcentration
 .text.MQ2_enumGetAnalogSignal
                0x00003f08       0x52 ./hal/MQ2_prog.o
                0x00003f08                MQ2_enumGetAnalogSignal
 .text.MQ2_enumCalibrate
                0x00003f5a       0x56 ./hal/MQ2_prog.o
                0x00003f5a                MQ2_enumCalibrate
 .text.PIR_voidInit
                0x00003fb0       0x18 ./hal/PIR_prog.o
                0x00003fb0                PIR_voidInit
 .text.PIR_u8Read
                0x00003fc8       0x2c ./hal/PIR_prog.o
                0x00003fc8                PIR_u8Read
 .text.PIR_u8ReadDebounced
                0x00003ff4       0x90 ./hal/PIR_prog.o
                0x00003ff4                PIR_u8ReadDebounced
 .text.PIR_voidSetCallback
                0x00004084       0x24 ./hal/PIR_prog.o
                0x00004084                PIR_voidSetCallback
 .text.PIR_voidISR
                0x000040a8       0x24 ./hal/PIR_prog.o
                0x000040a8                PIR_voidISR
 .text.SM_vInit
                0x000040cc       0x18 ./hal/Servo_Motor_prog.o
                0x000040cc                SM_vInit
 .text.SM_vTimer1Degree
                0x000040e4       0xb2 ./hal/Servo_Motor_prog.o
                0x000040e4                SM_vTimer1Degree
 .text.SoilMoisture_voidInit
                0x00004196       0x12 ./hal/soil moisture_program.o
                0x00004196                SoilMoisture_voidInit
 .text.SoilMoisture_u8GetRawValue
                0x000041a8       0x3c ./hal/soil moisture_program.o
                0x000041a8                SoilMoisture_u8GetRawValue
 .text.SoilMoisture_u8GetPercentage
                0x000041e4       0x5e ./hal/soil moisture_program.o
                0x000041e4                SoilMoisture_u8GetPercentage
 .text.SoilMoisture_u8IsDry
                0x00004242       0x60 ./hal/soil moisture_program.o
                0x00004242                SoilMoisture_u8IsDry
 .text.SoilMoisture_u8MapValue
                0x000042a2       0xa2 ./hal/soil moisture_program.o
 .text.ADC_vInit
                0x00004344       0x7e ./MCAL/ADC_prog.o
                0x00004344                ADC_vInit
 .text.ADC_vEnable
                0x000043c2       0x1c ./MCAL/ADC_prog.o
                0x000043c2                ADC_vEnable
 .text.ADC_vDisable
                0x000043de       0x1c ./MCAL/ADC_prog.o
                0x000043de                ADC_vDisable
 .text.ADC_vInterruptEnable
                0x000043fa       0x1c ./MCAL/ADC_prog.o
                0x000043fa                ADC_vInterruptEnable
 .text.ADC_vInterruptDisable
                0x00004416       0x1c ./MCAL/ADC_prog.o
                0x00004416                ADC_vInterruptDisable
 .text.ADC_u8VoltageReference
                0x00004432       0x66 ./MCAL/ADC_prog.o
                0x00004432                ADC_u8VoltageReference
 .text.ADC_u8SetPrescaler
                0x00004498       0x42 ./MCAL/ADC_prog.o
                0x00004498                ADC_u8SetPrescaler
 .text.ADC_u8SetAdjustment
                0x000044da       0x4a ./MCAL/ADC_prog.o
                0x000044da                ADC_u8SetAdjustment
 .text.ADC_u8SetTriggerSource
                0x00004524       0x64 ./MCAL/ADC_prog.o
                0x00004524                ADC_u8SetTriggerSource
 .text.ADC_u8GetResultSync
                0x00004588      0x12a ./MCAL/ADC_prog.o
                0x00004588                ADC_u8GetResultSync
 .text.ADC_u8StartConversionAsynch
                0x000046b2       0xb4 ./MCAL/ADC_prog.o
                0x000046b2                ADC_u8StartConversionAsynch
 .text.ADC_u8StartChainAsynch
                0x00004766      0x120 ./MCAL/ADC_prog.o
                0x00004766                ADC_u8StartChainAsynch
 .text.__vector_16
                0x00004886      0x176 ./MCAL/ADC_prog.o
                0x00004886                __vector_16
 .text.DIO_enumSetPinDirection
                0x000049fc      0x21e ./MCAL/DIO_program.o
                0x000049fc                DIO_enumSetPinDirection
 .text.DIO_enumWritePinValue
                0x00004c1a      0x21e ./MCAL/DIO_program.o
                0x00004c1a                DIO_enumWritePinValue
 .text.DIO_enumReadPinValue
                0x00004e38      0x18a ./MCAL/DIO_program.o
                0x00004e38                DIO_enumReadPinValue
 .text.DIO_enumTogglePinValue
                0x00004fc2      0x118 ./MCAL/DIO_program.o
                0x00004fc2                DIO_enumTogglePinValue
 .text.DIO_enumSetPortDirection
                0x000050da       0x9a ./MCAL/DIO_program.o
                0x000050da                DIO_enumSetPortDirection
 .text.DIO_enumWritePortValue
                0x00005174       0x96 ./MCAL/DIO_program.o
                0x00005174                DIO_enumWritePortValue
 .text.DIO_enumReadPortValue
                0x0000520a       0xae ./MCAL/DIO_program.o
                0x0000520a                DIO_enumReadPortValue
 .text.DIO_enumTogglePortValue
                0x000052b8       0xaa ./MCAL/DIO_program.o
                0x000052b8                DIO_enumTogglePortValue
 .text.DIO_enumConnectPullUp
                0x00005362      0x2b2 ./MCAL/DIO_program.o
                0x00005362                DIO_enumConnectPullUp
 .text.DIO_vWriteLowNibble
                0x00005614       0xf6 ./MCAL/DIO_program.o
                0x00005614                DIO_vWriteLowNibble
 .text.DIO_vWriteHighNibble
                0x0000570a       0xf8 ./MCAL/DIO_program.o
                0x0000570a                DIO_vWriteHighNibble
 .text.DIO_vSetLowNibbleDir
                0x00005802       0xf6 ./MCAL/DIO_program.o
                0x00005802                DIO_vSetLowNibbleDir
 .text.DIO_vSetHighNibbleDir
                0x000058f8       0xf8 ./MCAL/DIO_program.o
                0x000058f8                DIO_vSetHighNibbleDir
 .text.EEPROM_vWrite
                0x000059f0       0x6c ./MCAL/EEPROM_prog.o
                0x000059f0                EEPROM_vWrite
 .text.EEPROM_vRead
                0x00005a5c       0x42 ./MCAL/EEPROM_prog.o
                0x00005a5c                EEPROM_vRead
 .text.EEPROM_write
                0x00005a9e       0x9c ./MCAL/EEPROM_prog.o
                0x00005a9e                EEPROM_write
 .text.EEPROM_read
                0x00005b3a       0x78 ./MCAL/EEPROM_prog.o
                0x00005b3a                EEPROM_read
 .text.EEPROM_vWriteBlock
                0x00005bb2      0x152 ./MCAL/EEPROM_prog.o
                0x00005bb2                EEPROM_vWriteBlock
 .text.EEPROM_vReadBlock
                0x00005d04       0x6a ./MCAL/EEPROM_prog.o
                0x00005d04                EEPROM_vReadBlock
 .text.TIMER0_vInit
                0x00005d6e       0x66 ./MCAL/TIMER_program.o
                0x00005d6e                TIMER0_vInit
 .text.TIMER1_vInit
                0x00005dd4       0xfc ./MCAL/TIMER_program.o
                0x00005dd4                TIMER1_vInit
 .text.TIMER2_vInit
                0x00005ed0       0x68 ./MCAL/TIMER_program.o
                0x00005ed0                TIMER2_vInit
 .text.TIMER0_vSetPreload
                0x00005f38       0x1c ./MCAL/TIMER_program.o
                0x00005f38                TIMER0_vSetPreload
 .text.TIMER1_vSetPreload
                0x00005f54       0x24 ./MCAL/TIMER_program.o
                0x00005f54                TIMER1_vSetPreload
 .text.TIMER2_vSetPreload
                0x00005f78       0x1c ./MCAL/TIMER_program.o
                0x00005f78                TIMER2_vSetPreload
 .text.TIMER0_vSetCTC
                0x00005f94       0x1c ./MCAL/TIMER_program.o
                0x00005f94                TIMER0_vSetCTC
 .text.TIMER1_vSetCTCA
                0x00005fb0       0x24 ./MCAL/TIMER_program.o
                0x00005fb0                TIMER1_vSetCTCA
 .text.TIMER1_vSetCTCB
                0x00005fd4       0x24 ./MCAL/TIMER_program.o
                0x00005fd4                TIMER1_vSetCTCB
 .text.TIMER2_vSetCTC
                0x00005ff8       0x1c ./MCAL/TIMER_program.o
                0x00005ff8                TIMER2_vSetCTC
 .text.TIMER1_vSetICR1
                0x00006014       0x24 ./MCAL/TIMER_program.o
                0x00006014                TIMER1_vSetICR1
 .text.TIMER0_u8GetTimerCounterValue
                0x00006038       0x14 ./MCAL/TIMER_program.o
                0x00006038                TIMER0_u8GetTimerCounterValue
 .text.TIMER1_u16GetTimerCounterValue
                0x0000604c       0x16 ./MCAL/TIMER_program.o
                0x0000604c                TIMER1_u16GetTimerCounterValue
 .text.TIMER2_u8GetTimerCounterValue
                0x00006062       0x14 ./MCAL/TIMER_program.o
                0x00006062                TIMER2_u8GetTimerCounterValue
 .text.TIMER_vSetPWM
                0x00006076       0x24 ./MCAL/TIMER_program.o
                0x00006076                TIMER_vSetPWM
 .text.Timer2_vSetPrescaler
                0x0000609a       0x32 ./MCAL/TIMER_program.o
                0x0000609a                Timer2_vSetPrescaler
 .text.Timer0_vSetPrescaler
                0x000060cc       0x32 ./MCAL/TIMER_program.o
                0x000060cc                Timer0_vSetPrescaler
 .text.TIMER_vICUInitEnable
                0x000060fe       0x2a ./MCAL/TIMER_program.o
                0x000060fe                TIMER_vICUInitEnable
 .text.TIMER_vICUSetTriggerEdge
                0x00006128       0x4a ./MCAL/TIMER_program.o
                0x00006128                TIMER_vICUSetTriggerEdge
 .text.TIMER_vICUEnableInterrupt
                0x00006172       0x1c ./MCAL/TIMER_program.o
                0x00006172                TIMER_vICUEnableInterrupt
 .text.TIMER_vICUDisableInterrupt
                0x0000618e       0x1c ./MCAL/TIMER_program.o
                0x0000618e                TIMER_vICUDisableInterrupt
 .text.TIMER_u16GetICR
                0x000061aa       0x16 ./MCAL/TIMER_program.o
                0x000061aa                TIMER_u16GetICR
 .text.TIMER_vWDTSleep
                0x000061c0       0x2a ./MCAL/TIMER_program.o
                0x000061c0                TIMER_vWDTSleep
 .text.TIMER_vWDTEnable
                0x000061ea       0x1c ./MCAL/TIMER_program.o
                0x000061ea                TIMER_vWDTEnable
 .text.TIMER_vWDTDisable
                0x00006206       0x22 ./MCAL/TIMER_program.o
                0x00006206                TIMER_vWDTDisable
 .text.TIMER_u8SetCallBack
                0x00006228       0x4a ./MCAL/TIMER_program.o
                0x00006228                TIMER_u8SetCallBack
 .text.__vector_11
                0x00006272       0x66 ./MCAL/TIMER_program.o
                0x00006272                __vector_11
 .text.__vector_10
                0x000062d8       0x66 ./MCAL/TIMER_program.o
                0x000062d8                __vector_10
 .text.__vector_9
                0x0000633e       0x66 ./MCAL/TIMER_program.o
                0x0000633e                __vector_9
 .text.__vector_8
                0x000063a4       0x66 ./MCAL/TIMER_program.o
                0x000063a4                __vector_8
 .text.__vector_7
                0x0000640a       0x66 ./MCAL/TIMER_program.o
                0x0000640a                __vector_7
 .text.__vector_6
                0x00006470       0x66 ./MCAL/TIMER_program.o
                0x00006470                __vector_6
 .text.__vector_5
                0x000064d6       0x66 ./MCAL/TIMER_program.o
                0x000064d6                __vector_5
 .text.__vector_4
                0x0000653c       0x66 ./MCAL/TIMER_program.o
                0x0000653c                __vector_4
 .text.TWI_vInitMaster
                0x000065a2       0x4e ./MCAL/TWI_prog.o
                0x000065a2                TWI_vInitMaster
 .text.TWI_vInitSlave
                0x000065f0       0x3a ./MCAL/TWI_prog.o
                0x000065f0                TWI_vInitSlave
 .text.TWI_SendStartCondition
                0x0000662a       0x54 ./MCAL/TWI_prog.o
                0x0000662a                TWI_SendStartCondition
 .text.TWI_SendRepeatedStart
                0x0000667e       0x54 ./MCAL/TWI_prog.o
                0x0000667e                TWI_SendRepeatedStart
 .text.TWI_SendSlaveAddressWithWrite
                0x000066d2       0x70 ./MCAL/TWI_prog.o
                0x000066d2                TWI_SendSlaveAddressWithWrite
 .text.TWI_SendSlaveAddressWithRead
                0x00006742       0x70 ./MCAL/TWI_prog.o
                0x00006742                TWI_SendSlaveAddressWithRead
 .text.TWI_MasterWriteDataByte
                0x000067b2       0x52 ./MCAL/TWI_prog.o
                0x000067b2                TWI_MasterWriteDataByte
 .text.TWI_MasterReadDataByte
                0x00006804       0x5e ./MCAL/TWI_prog.o
                0x00006804                TWI_MasterReadDataByte
 .text.TWI_SlaveWriteDataByte
                0x00006862       0x52 ./MCAL/TWI_prog.o
                0x00006862                TWI_SlaveWriteDataByte
 .text.TWI_SlaveReadDataByte
                0x000068b4       0x5e ./MCAL/TWI_prog.o
                0x000068b4                TWI_SlaveReadDataByte
 .text.TWI_vSendStopCondition
                0x00006912       0x2a ./MCAL/TWI_prog.o
                0x00006912                TWI_vSendStopCondition
 .text.PIR_Init
                0x0000693c       0x1c ./main.o
                0x0000693c                PIR_Init
 .text.PIR_Read
                0x00006958       0x24 ./main.o
                0x00006958                PIR_Read
 .text.main     0x0000697c      0x172 ./main.o
                0x0000697c                main
 .text.displayWelcomeMessage
                0x00006aee       0x70 ./main.o
                0x00006aee                displayWelcomeMessage
 .text.scrollText
                0x00006b5e      0x166 ./main.o
                0x00006b5e                scrollText
 .text.checkCredentials
                0x00006cc4       0xa4 ./main.o
                0x00006cc4                checkCredentials
 .text.ownerMode
                0x00006d68      0x476 ./main.o
                0x00006d68                ownerMode
 .text.guestMode
                0x000071de      0x262 ./main.o
                0x000071de                guestMode
 .text.libgcc   0x00007440       0x3e c:/winavr-20100110/bin/../lib/gcc/avr/4.3.3/avr5\libgcc.a(_mulsi3.o)
                0x00007440                __mulsi3
 .text.libgcc   0x0000747e       0x28 c:/winavr-20100110/bin/../lib/gcc/avr/4.3.3/avr5\libgcc.a(_udivmodhi4.o)
                0x0000747e                __udivmodhi4
 .text.libgcc   0x000074a6       0x44 c:/winavr-20100110/bin/../lib/gcc/avr/4.3.3/avr5\libgcc.a(_udivmodsi4.o)
                0x000074a6                __udivmodsi4
 .text.libgcc   0x000074ea       0x36 c:/winavr-20100110/bin/../lib/gcc/avr/4.3.3/avr5\libgcc.a(_divmodsi4.o)
                0x000074ea                __divmodsi4
 .text.libgcc   0x00007520        0x0 c:/winavr-20100110/bin/../lib/gcc/avr/4.3.3/avr5\libgcc.a(_exit.o)
 .text.libgcc   0x00007520        0x0 c:/winavr-20100110/bin/../lib/gcc/avr/4.3.3/avr5\libgcc.a(_copy_data.o)
 .text.libgcc   0x00007520        0x0 c:/winavr-20100110/bin/../lib/gcc/avr/4.3.3/avr5\libgcc.a(_clear_bss.o)
 .text.libgcc   0x00007520       0x38 c:/winavr-20100110/bin/../lib/gcc/avr/4.3.3/avr5\libgcc.a(_prologue.o)
                0x00007520                __prologue_saves__
 .text.libgcc   0x00007558       0x36 c:/winavr-20100110/bin/../lib/gcc/avr/4.3.3/avr5\libgcc.a(_epilogue.o)
                0x00007558                __epilogue_restores__
 .text.avr-libc
                0x0000758e       0x12 c:/winavr-20100110/bin/../lib/gcc/avr/4.3.3/../../../../avr/lib/avr5\libc.a(strlen.o)
                0x0000758e                strlen
                0x000075a0                . = ALIGN (0x2)
 *(.fini9)
 .fini9         0x000075a0        0x0 c:/winavr-20100110/bin/../lib/gcc/avr/4.3.3/avr5\libgcc.a(_exit.o)
                0x000075a0                exit
                0x000075a0                _exit
 *(.fini9)
 *(.fini8)
 *(.fini8)
 *(.fini7)
 *(.fini7)
 *(.fini6)
 *(.fini6)
 *(.fini5)
 *(.fini5)
 *(.fini4)
 *(.fini4)
 *(.fini3)
 *(.fini3)
 *(.fini2)
 *(.fini2)
 *(.fini1)
 *(.fini1)
 *(.fini0)
 .fini0         0x000075a0        0x4 c:/winavr-20100110/bin/../lib/gcc/avr/4.3.3/avr5\libgcc.a(_exit.o)
 *(.fini0)
                0x000075a4                _etext = .

.data           0x00800060      0x1de load address 0x000075a4
                0x00800060                PROVIDE (__data_start, .)
 *(.data)
 .data          0x00800060        0x0 c:/winavr-20100110/bin/../lib/gcc/avr/4.3.3/../../../../avr/lib/avr5/crtm32.o
 .data          0x00800060        0x0 ./hal/BUZ_prog.o
 .data          0x00800060        0x0 ./hal/CLCD_program.o
 .data          0x00800060        0x0 ./hal/DCMOTOR_program.o
 .data          0x00800060        0x0 ./hal/DHT11_prog.o
 .data          0x00800060        0x0 ./hal/EEPROM_program.o
 .data          0x00800060        0x0 ./hal/IR_prog.o
 .data          0x00800060        0x0 ./hal/KPD_prog.o
 .data          0x00800060        0x0 ./hal/LDR_prog.o
 .data          0x00800060        0x0 ./hal/LED_prog.o
 .data          0x00800060        0x0 ./hal/MQ2_prog.o
 .data          0x00800060        0x0 ./hal/PIR_prog.o
 .data          0x00800060        0x0 ./hal/Servo_Motor_prog.o
 .data          0x00800060        0x0 ./hal/soil moisture_program.o
 .data          0x00800060        0x0 ./MCAL/ADC_prog.o
 .data          0x00800060        0x0 ./MCAL/DIO_program.o
 .data          0x00800060        0x0 ./MCAL/EEPROM_prog.o
 .data          0x00800060        0x0 ./MCAL/TIMER_program.o
 .data          0x00800060        0x0 ./MCAL/TWI_prog.o
 .data          0x00800060       0x9b ./main.o
 .data          0x008000fb        0x0 c:/winavr-20100110/bin/../lib/gcc/avr/4.3.3/avr5\libgcc.a(_mulsi3.o)
 .data          0x008000fb        0x0 c:/winavr-20100110/bin/../lib/gcc/avr/4.3.3/avr5\libgcc.a(_udivmodhi4.o)
 .data          0x008000fb        0x0 c:/winavr-20100110/bin/../lib/gcc/avr/4.3.3/avr5\libgcc.a(_udivmodsi4.o)
 .data          0x008000fb        0x0 c:/winavr-20100110/bin/../lib/gcc/avr/4.3.3/avr5\libgcc.a(_divmodsi4.o)
 .data          0x008000fb        0x0 c:/winavr-20100110/bin/../lib/gcc/avr/4.3.3/avr5\libgcc.a(_exit.o)
 .data          0x008000fb        0x0 c:/winavr-20100110/bin/../lib/gcc/avr/4.3.3/avr5\libgcc.a(_copy_data.o)
 .data          0x008000fb        0x0 c:/winavr-20100110/bin/../lib/gcc/avr/4.3.3/avr5\libgcc.a(_clear_bss.o)
 .data          0x008000fb        0x0 c:/winavr-20100110/bin/../lib/gcc/avr/4.3.3/avr5\libgcc.a(_fixunssfsi.o)
 .data          0x008000fb        0x0 c:/winavr-20100110/bin/../lib/gcc/avr/4.3.3/avr5\libgcc.a(_fixsfdi.o)
 .data          0x008000fb        0x0 c:/winavr-20100110/bin/../lib/gcc/avr/4.3.3/avr5\libgcc.a(_fixunssfdi.o)
 .data          0x008000fb        0x0 c:/winavr-20100110/bin/../lib/gcc/avr/4.3.3/avr5\libgcc.a(_addsub_sf.o)
 .data          0x008000fb        0x0 c:/winavr-20100110/bin/../lib/gcc/avr/4.3.3/avr5\libgcc.a(_mul_sf.o)
 .data          0x008000fb        0x0 c:/winavr-20100110/bin/../lib/gcc/avr/4.3.3/avr5\libgcc.a(_div_sf.o)
 .data          0x008000fb        0x0 c:/winavr-20100110/bin/../lib/gcc/avr/4.3.3/avr5\libgcc.a(_gt_sf.o)
 .data          0x008000fb        0x0 c:/winavr-20100110/bin/../lib/gcc/avr/4.3.3/avr5\libgcc.a(_ge_sf.o)
 .data          0x008000fb        0x0 c:/winavr-20100110/bin/../lib/gcc/avr/4.3.3/avr5\libgcc.a(_lt_sf.o)
 .data          0x008000fb        0x0 c:/winavr-20100110/bin/../lib/gcc/avr/4.3.3/avr5\libgcc.a(_si_to_sf.o)
 .data          0x008000fb        0x0 c:/winavr-20100110/bin/../lib/gcc/avr/4.3.3/avr5\libgcc.a(_sf_to_si.o)
 .data          0x008000fb        0x8 c:/winavr-20100110/bin/../lib/gcc/avr/4.3.3/avr5\libgcc.a(_thenan_sf.o)
                0x008000fb                __thenan_sf
 .data          0x00800103        0x0 c:/winavr-20100110/bin/../lib/gcc/avr/4.3.3/avr5\libgcc.a(_usi_to_sf.o)
 .data          0x00800103        0x0 c:/winavr-20100110/bin/../lib/gcc/avr/4.3.3/avr5\libgcc.a(_prologue.o)
 .data          0x00800103        0x0 c:/winavr-20100110/bin/../lib/gcc/avr/4.3.3/avr5\libgcc.a(_epilogue.o)
 .data          0x00800103        0x0 c:/winavr-20100110/bin/../lib/gcc/avr/4.3.3/avr5\libgcc.a(_ashldi3.o)
 .data          0x00800103        0x0 c:/winavr-20100110/bin/../lib/gcc/avr/4.3.3/avr5\libgcc.a(_clzsi2.o)
 .data          0x00800103        0x0 c:/winavr-20100110/bin/../lib/gcc/avr/4.3.3/avr5\libgcc.a(_pack_sf.o)
 .data          0x00800103        0x0 c:/winavr-20100110/bin/../lib/gcc/avr/4.3.3/avr5\libgcc.a(_unpack_sf.o)
 .data          0x00800103        0x0 c:/winavr-20100110/bin/../lib/gcc/avr/4.3.3/avr5\libgcc.a(_fpcmp_parts_sf.o)
 .data          0x00800103      0x100 c:/winavr-20100110/bin/../lib/gcc/avr/4.3.3/avr5\libgcc.a(_clz.o)
                0x00800103                __clz_tab
 .data          0x00800203        0x0 c:/winavr-20100110/bin/../lib/gcc/avr/4.3.3/../../../../avr/lib/avr5\libc.a(strlen.o)
 *(.data*)
 .data.CLCD_u8ExtraChar
                0x00800203       0x18 ./hal/CLCD_program.o
                0x00800203                CLCD_u8ExtraChar
 .data.KPD_u8Buttons
                0x0080021b       0x10 ./hal/KPD_prog.o
                0x0080021b                KPD_u8Buttons
 .data.buzzer   0x0080022b        0x3 ./main.o
                0x0080022b                buzzer
 .data.waterPump
                0x0080022e        0x3 ./main.o
                0x0080022e                waterPump
 .data.mq2Config
                0x00800231        0x7 ./main.o
                0x00800231                mq2Config
 *(.rodata)
 *(.rodata*)
 .rodata.ownerName
                0x00800238        0x3 ./main.o
                0x00800238                ownerName
 .rodata.ownerPass
                0x0080023b        0x3 ./main.o
                0x0080023b                ownerPass
 *(.gnu.linkonce.d*)
                0x0080023e                . = ALIGN (0x2)
                0x0080023e                _edata = .
                0x0080023e                PROVIDE (__data_end, .)

.bss            0x0080023e       0x22
                0x0080023e                PROVIDE (__bss_start, .)
 *(.bss)
 .bss           0x0080023e        0x0 c:/winavr-20100110/bin/../lib/gcc/avr/4.3.3/../../../../avr/lib/avr5/crtm32.o
 .bss           0x0080023e        0x0 ./hal/BUZ_prog.o
 .bss           0x0080023e        0x0 ./hal/CLCD_program.o
 .bss           0x0080023e        0x0 ./hal/DCMOTOR_program.o
 .bss           0x0080023e        0x0 ./hal/DHT11_prog.o
 .bss           0x0080023e        0x0 ./hal/EEPROM_program.o
 .bss           0x0080023e        0x0 ./hal/IR_prog.o
 .bss           0x0080023e        0x0 ./hal/KPD_prog.o
 .bss           0x0080023e        0x0 ./hal/LDR_prog.o
 .bss           0x0080023e        0x0 ./hal/LED_prog.o
 .bss           0x0080023e        0x0 ./hal/MQ2_prog.o
 .bss           0x0080023e        0x0 ./hal/PIR_prog.o
 .bss           0x0080023e        0x0 ./hal/Servo_Motor_prog.o
 .bss           0x0080023e        0x0 ./hal/soil moisture_program.o
 .bss           0x0080023e        0x0 ./MCAL/ADC_prog.o
 .bss           0x0080023e        0x0 ./MCAL/DIO_program.o
 .bss           0x0080023e        0x0 ./MCAL/EEPROM_prog.o
 .bss           0x0080023e        0x0 ./MCAL/TIMER_program.o
 .bss           0x0080023e        0x0 ./MCAL/TWI_prog.o
 .bss           0x0080023e        0x0 ./main.o
 .bss           0x0080023e        0x0 c:/winavr-20100110/bin/../lib/gcc/avr/4.3.3/avr5\libgcc.a(_mulsi3.o)
 .bss           0x0080023e        0x0 c:/winavr-20100110/bin/../lib/gcc/avr/4.3.3/avr5\libgcc.a(_udivmodhi4.o)
 .bss           0x0080023e        0x0 c:/winavr-20100110/bin/../lib/gcc/avr/4.3.3/avr5\libgcc.a(_udivmodsi4.o)
 .bss           0x0080023e        0x0 c:/winavr-20100110/bin/../lib/gcc/avr/4.3.3/avr5\libgcc.a(_divmodsi4.o)
 .bss           0x0080023e        0x0 c:/winavr-20100110/bin/../lib/gcc/avr/4.3.3/avr5\libgcc.a(_exit.o)
 .bss           0x0080023e        0x0 c:/winavr-20100110/bin/../lib/gcc/avr/4.3.3/avr5\libgcc.a(_copy_data.o)
 .bss           0x0080023e        0x0 c:/winavr-20100110/bin/../lib/gcc/avr/4.3.3/avr5\libgcc.a(_clear_bss.o)
 .bss           0x0080023e        0x0 c:/winavr-20100110/bin/../lib/gcc/avr/4.3.3/avr5\libgcc.a(_fixunssfsi.o)
 .bss           0x0080023e        0x0 c:/winavr-20100110/bin/../lib/gcc/avr/4.3.3/avr5\libgcc.a(_fixsfdi.o)
 .bss           0x0080023e        0x0 c:/winavr-20100110/bin/../lib/gcc/avr/4.3.3/avr5\libgcc.a(_fixunssfdi.o)
 .bss           0x0080023e        0x0 c:/winavr-20100110/bin/../lib/gcc/avr/4.3.3/avr5\libgcc.a(_addsub_sf.o)
 .bss           0x0080023e        0x0 c:/winavr-20100110/bin/../lib/gcc/avr/4.3.3/avr5\libgcc.a(_mul_sf.o)
 .bss           0x0080023e        0x0 c:/winavr-20100110/bin/../lib/gcc/avr/4.3.3/avr5\libgcc.a(_div_sf.o)
 .bss           0x0080023e        0x0 c:/winavr-20100110/bin/../lib/gcc/avr/4.3.3/avr5\libgcc.a(_gt_sf.o)
 .bss           0x0080023e        0x0 c:/winavr-20100110/bin/../lib/gcc/avr/4.3.3/avr5\libgcc.a(_ge_sf.o)
 .bss           0x0080023e        0x0 c:/winavr-20100110/bin/../lib/gcc/avr/4.3.3/avr5\libgcc.a(_lt_sf.o)
 .bss           0x0080023e        0x0 c:/winavr-20100110/bin/../lib/gcc/avr/4.3.3/avr5\libgcc.a(_si_to_sf.o)
 .bss           0x0080023e        0x0 c:/winavr-20100110/bin/../lib/gcc/avr/4.3.3/avr5\libgcc.a(_sf_to_si.o)
 .bss           0x0080023e        0x0 c:/winavr-20100110/bin/../lib/gcc/avr/4.3.3/avr5\libgcc.a(_thenan_sf.o)
 .bss           0x0080023e        0x0 c:/winavr-20100110/bin/../lib/gcc/avr/4.3.3/avr5\libgcc.a(_usi_to_sf.o)
 .bss           0x0080023e        0x0 c:/winavr-20100110/bin/../lib/gcc/avr/4.3.3/avr5\libgcc.a(_prologue.o)
 .bss           0x0080023e        0x0 c:/winavr-20100110/bin/../lib/gcc/avr/4.3.3/avr5\libgcc.a(_epilogue.o)
 .bss           0x0080023e        0x0 c:/winavr-20100110/bin/../lib/gcc/avr/4.3.3/avr5\libgcc.a(_ashldi3.o)
 .bss           0x0080023e        0x0 c:/winavr-20100110/bin/../lib/gcc/avr/4.3.3/avr5\libgcc.a(_clzsi2.o)
 .bss           0x0080023e        0x0 c:/winavr-20100110/bin/../lib/gcc/avr/4.3.3/avr5\libgcc.a(_pack_sf.o)
 .bss           0x0080023e        0x0 c:/winavr-20100110/bin/../lib/gcc/avr/4.3.3/avr5\libgcc.a(_unpack_sf.o)
 .bss           0x0080023e        0x0 c:/winavr-20100110/bin/../lib/gcc/avr/4.3.3/avr5\libgcc.a(_fpcmp_parts_sf.o)
 .bss           0x0080023e        0x0 c:/winavr-20100110/bin/../lib/gcc/avr/4.3.3/avr5\libgcc.a(_clz.o)
 .bss           0x0080023e        0x0 c:/winavr-20100110/bin/../lib/gcc/avr/4.3.3/../../../../avr/lib/avr5\libc.a(strlen.o)
 *(.bss*)
 .bss.PIR_pvNotificationFunc
                0x0080023e        0x2 ./hal/PIR_prog.o
 .bss.PIR_u32LastDetectionTime
                0x00800240        0x4 ./hal/PIR_prog.o
 .bss.ADC_pu16AsynchConversionResult
                0x00800244        0x2 ./MCAL/ADC_prog.o
 .bss.ADC_pvNotificationFunc
                0x00800246        0x2 ./MCAL/ADC_prog.o
 .bss.ADC_u8State
                0x00800248        0x1 ./MCAL/ADC_prog.o
 .bss.ADC_u8ISRState
                0x00800249        0x1 ./MCAL/ADC_prog.o
 .bss.ADC_pu8ChainChannel
                0x0080024a        0x2 ./MCAL/ADC_prog.o
 .bss.ADC_u8ChainSize
                0x0080024c        0x1 ./MCAL/ADC_prog.o
 .bss.ADC_u8Index
                0x0080024d        0x1 ./MCAL/ADC_prog.o
 .bss.TIMERS_pvCallBackFunc
                0x0080024e       0x10 ./MCAL/TIMER_program.o
 *(COMMON)
 COMMON         0x0080025e        0x2 ./main.o
                0x0080025e                dhtData
                0x00800260                PROVIDE (__bss_end, .)
                0x000075a4                __data_load_start = LOADADDR (.data)
                0x00007782                __data_load_end = (__data_load_start + SIZEOF (.data))

.noinit         0x00800260        0x0
                0x00800260                PROVIDE (__noinit_start, .)
 *(.noinit*)
                0x00800260                PROVIDE (__noinit_end, .)
                0x00800260                _end = .
                0x00800260                PROVIDE (__heap_start, .)

.eeprom         0x00810000        0x0
 *(.eeprom*)
                0x00810000                __eeprom_end = .

.fuse
 *(.fuse)
 *(.lfuse)
 *(.hfuse)
 *(.efuse)

.lock
 *(.lock*)

.signature
 *(.signature*)

.stab           0x00000000     0x825c
 *(.stab)
 .stab          0x00000000      0x300 ./hal/BUZ_prog.o
 .stab          0x00000300     0x10b0 ./hal/CLCD_program.o
                               0x1164 (size before relaxing)
 .stab          0x000013b0      0x270 ./hal/DCMOTOR_program.o
                                0x2a0 (size before relaxing)
 .stab          0x00001620      0xcf0 ./hal/DHT11_prog.o
                                0xf30 (size before relaxing)
 .stab          0x00002310      0x354 ./hal/EEPROM_program.o
                                0x570 (size before relaxing)
 .stab          0x00002664      0x294 ./hal/IR_prog.o
                                0x348 (size before relaxing)
 .stab          0x000028f8      0x36c ./hal/KPD_prog.o
                                0x5ac (size before relaxing)
 .stab          0x00002c64      0x4c8 ./hal/LDR_prog.o
                                0x558 (size before relaxing)
 .stab          0x0000312c      0x24c ./hal/LED_prog.o
                                0x300 (size before relaxing)
 .stab          0x00003378      0x7b0 ./hal/MQ2_prog.o
                                0x858 (size before relaxing)
 .stab          0x00003b28      0x2dc ./hal/PIR_prog.o
                                0x390 (size before relaxing)
 .stab          0x00003e04      0x1a4 ./hal/Servo_Motor_prog.o
                                0x258 (size before relaxing)
 .stab          0x00003fa8      0x3f0 ./hal/soil moisture_program.o
                                0x498 (size before relaxing)
 .stab          0x00004398      0xa44 ./MCAL/ADC_prog.o
                                0xa50 (size before relaxing)
 .stab          0x00004ddc      0xe1c ./MCAL/DIO_program.o
                                0xeac (size before relaxing)
 .stab          0x00005bf8      0x570 ./MCAL/EEPROM_prog.o
                                0x780 (size before relaxing)
 .stab          0x00006168      0xab0 ./MCAL/TIMER_program.o
                                0xb40 (size before relaxing)
 .stab          0x00006c18      0x774 ./MCAL/TWI_prog.o
                                0x804 (size before relaxing)
 .stab          0x0000738c      0xed0 ./main.o
                               0x1104 (size before relaxing)

.stabstr        0x00000000     0x2fcd
 *(.stabstr)
 .stabstr       0x00000000     0x2fcd ./hal/BUZ_prog.o

.stab.excl
 *(.stab.excl)

.stab.exclstr
 *(.stab.exclstr)

.stab.index
 *(.stab.index)

.stab.indexstr
 *(.stab.indexstr)

.comment
 *(.comment)

.debug
 *(.debug)

.line
 *(.line)

.debug_srcinfo
 *(.debug_srcinfo)

.debug_sfnames
 *(.debug_sfnames)

.debug_aranges  0x00000000      0x220
 *(.debug_aranges)
 .debug_aranges
                0x00000000       0x20 c:/winavr-20100110/bin/../lib/gcc/avr/4.3.3/avr5\libgcc.a(_fixunssfsi.o)
 .debug_aranges
                0x00000020       0x20 c:/winavr-20100110/bin/../lib/gcc/avr/4.3.3/avr5\libgcc.a(_fixsfdi.o)
 .debug_aranges
                0x00000040       0x20 c:/winavr-20100110/bin/../lib/gcc/avr/4.3.3/avr5\libgcc.a(_fixunssfdi.o)
 .debug_aranges
                0x00000060       0x20 c:/winavr-20100110/bin/../lib/gcc/avr/4.3.3/avr5\libgcc.a(_addsub_sf.o)
 .debug_aranges
                0x00000080       0x20 c:/winavr-20100110/bin/../lib/gcc/avr/4.3.3/avr5\libgcc.a(_mul_sf.o)
 .debug_aranges
                0x000000a0       0x20 c:/winavr-20100110/bin/../lib/gcc/avr/4.3.3/avr5\libgcc.a(_div_sf.o)
 .debug_aranges
                0x000000c0       0x20 c:/winavr-20100110/bin/../lib/gcc/avr/4.3.3/avr5\libgcc.a(_gt_sf.o)
 .debug_aranges
                0x000000e0       0x20 c:/winavr-20100110/bin/../lib/gcc/avr/4.3.3/avr5\libgcc.a(_ge_sf.o)
 .debug_aranges
                0x00000100       0x20 c:/winavr-20100110/bin/../lib/gcc/avr/4.3.3/avr5\libgcc.a(_lt_sf.o)
 .debug_aranges
                0x00000120       0x20 c:/winavr-20100110/bin/../lib/gcc/avr/4.3.3/avr5\libgcc.a(_si_to_sf.o)
 .debug_aranges
                0x00000140       0x20 c:/winavr-20100110/bin/../lib/gcc/avr/4.3.3/avr5\libgcc.a(_sf_to_si.o)
 .debug_aranges
                0x00000160       0x20 c:/winavr-20100110/bin/../lib/gcc/avr/4.3.3/avr5\libgcc.a(_usi_to_sf.o)
 .debug_aranges
                0x00000180       0x20 c:/winavr-20100110/bin/../lib/gcc/avr/4.3.3/avr5\libgcc.a(_ashldi3.o)
 .debug_aranges
                0x000001a0       0x20 c:/winavr-20100110/bin/../lib/gcc/avr/4.3.3/avr5\libgcc.a(_clzsi2.o)
 .debug_aranges
                0x000001c0       0x20 c:/winavr-20100110/bin/../lib/gcc/avr/4.3.3/avr5\libgcc.a(_pack_sf.o)
 .debug_aranges
                0x000001e0       0x20 c:/winavr-20100110/bin/../lib/gcc/avr/4.3.3/avr5\libgcc.a(_unpack_sf.o)
 .debug_aranges
                0x00000200       0x20 c:/winavr-20100110/bin/../lib/gcc/avr/4.3.3/avr5\libgcc.a(_fpcmp_parts_sf.o)

.debug_pubnames
                0x00000000      0x277
 *(.debug_pubnames)
 .debug_pubnames
                0x00000000       0x23 c:/winavr-20100110/bin/../lib/gcc/avr/4.3.3/avr5\libgcc.a(_fixunssfsi.o)
 .debug_pubnames
                0x00000023       0x20 c:/winavr-20100110/bin/../lib/gcc/avr/4.3.3/avr5\libgcc.a(_fixsfdi.o)
 .debug_pubnames
                0x00000043       0x23 c:/winavr-20100110/bin/../lib/gcc/avr/4.3.3/avr5\libgcc.a(_fixunssfdi.o)
 .debug_pubnames
                0x00000066       0x2c c:/winavr-20100110/bin/../lib/gcc/avr/4.3.3/avr5\libgcc.a(_addsub_sf.o)
 .debug_pubnames
                0x00000092       0x1f c:/winavr-20100110/bin/../lib/gcc/avr/4.3.3/avr5\libgcc.a(_mul_sf.o)
 .debug_pubnames
                0x000000b1       0x1f c:/winavr-20100110/bin/../lib/gcc/avr/4.3.3/avr5\libgcc.a(_div_sf.o)
 .debug_pubnames
                0x000000d0       0x1e c:/winavr-20100110/bin/../lib/gcc/avr/4.3.3/avr5\libgcc.a(_gt_sf.o)
 .debug_pubnames
                0x000000ee       0x1e c:/winavr-20100110/bin/../lib/gcc/avr/4.3.3/avr5\libgcc.a(_ge_sf.o)
 .debug_pubnames
                0x0000010c       0x1e c:/winavr-20100110/bin/../lib/gcc/avr/4.3.3/avr5\libgcc.a(_lt_sf.o)
 .debug_pubnames
                0x0000012a       0x22 c:/winavr-20100110/bin/../lib/gcc/avr/4.3.3/avr5\libgcc.a(_si_to_sf.o)
 .debug_pubnames
                0x0000014c       0x20 c:/winavr-20100110/bin/../lib/gcc/avr/4.3.3/avr5\libgcc.a(_sf_to_si.o)
 .debug_pubnames
                0x0000016c       0x22 c:/winavr-20100110/bin/../lib/gcc/avr/4.3.3/avr5\libgcc.a(_thenan_sf.o)
 .debug_pubnames
                0x0000018e       0x24 c:/winavr-20100110/bin/../lib/gcc/avr/4.3.3/avr5\libgcc.a(_usi_to_sf.o)
 .debug_pubnames
                0x000001b2       0x20 c:/winavr-20100110/bin/../lib/gcc/avr/4.3.3/avr5\libgcc.a(_ashldi3.o)
 .debug_pubnames
                0x000001d2       0x1f c:/winavr-20100110/bin/../lib/gcc/avr/4.3.3/avr5\libgcc.a(_clzsi2.o)
 .debug_pubnames
                0x000001f1       0x1f c:/winavr-20100110/bin/../lib/gcc/avr/4.3.3/avr5\libgcc.a(_pack_sf.o)
 .debug_pubnames
                0x00000210       0x21 c:/winavr-20100110/bin/../lib/gcc/avr/4.3.3/avr5\libgcc.a(_unpack_sf.o)
 .debug_pubnames
                0x00000231       0x26 c:/winavr-20100110/bin/../lib/gcc/avr/4.3.3/avr5\libgcc.a(_fpcmp_parts_sf.o)
 .debug_pubnames
                0x00000257       0x20 c:/winavr-20100110/bin/../lib/gcc/avr/4.3.3/avr5\libgcc.a(_clz.o)

.debug_info     0x00000000     0x2953
 *(.debug_info)
 .debug_info    0x00000000       0xb1 c:/winavr-20100110/bin/../lib/gcc/avr/4.3.3/avr5\libgcc.a(_fixunssfsi.o)
 .debug_info    0x000000b1       0xb1 c:/winavr-20100110/bin/../lib/gcc/avr/4.3.3/avr5\libgcc.a(_fixsfdi.o)
 .debug_info    0x00000162      0x111 c:/winavr-20100110/bin/../lib/gcc/avr/4.3.3/avr5\libgcc.a(_fixunssfdi.o)
 .debug_info    0x00000273      0x47a c:/winavr-20100110/bin/../lib/gcc/avr/4.3.3/avr5\libgcc.a(_addsub_sf.o)
 .debug_info    0x000006ed      0x485 c:/winavr-20100110/bin/../lib/gcc/avr/4.3.3/avr5\libgcc.a(_mul_sf.o)
 .debug_info    0x00000b72      0x3fc c:/winavr-20100110/bin/../lib/gcc/avr/4.3.3/avr5\libgcc.a(_div_sf.o)
 .debug_info    0x00000f6e      0x27f c:/winavr-20100110/bin/../lib/gcc/avr/4.3.3/avr5\libgcc.a(_gt_sf.o)
 .debug_info    0x000011ed      0x27f c:/winavr-20100110/bin/../lib/gcc/avr/4.3.3/avr5\libgcc.a(_ge_sf.o)
 .debug_info    0x0000146c      0x27f c:/winavr-20100110/bin/../lib/gcc/avr/4.3.3/avr5\libgcc.a(_lt_sf.o)
 .debug_info    0x000016eb      0x207 c:/winavr-20100110/bin/../lib/gcc/avr/4.3.3/avr5\libgcc.a(_si_to_sf.o)
 .debug_info    0x000018f2      0x2b0 c:/winavr-20100110/bin/../lib/gcc/avr/4.3.3/avr5\libgcc.a(_sf_to_si.o)
 .debug_info    0x00001ba2      0x12c c:/winavr-20100110/bin/../lib/gcc/avr/4.3.3/avr5\libgcc.a(_thenan_sf.o)
 .debug_info    0x00001cce      0x206 c:/winavr-20100110/bin/../lib/gcc/avr/4.3.3/avr5\libgcc.a(_usi_to_sf.o)
 .debug_info    0x00001ed4      0x17f c:/winavr-20100110/bin/../lib/gcc/avr/4.3.3/avr5\libgcc.a(_ashldi3.o)
 .debug_info    0x00002053      0x117 c:/winavr-20100110/bin/../lib/gcc/avr/4.3.3/avr5\libgcc.a(_clzsi2.o)
 .debug_info    0x0000216a      0x2df c:/winavr-20100110/bin/../lib/gcc/avr/4.3.3/avr5\libgcc.a(_pack_sf.o)
 .debug_info    0x00002449      0x251 c:/winavr-20100110/bin/../lib/gcc/avr/4.3.3/avr5\libgcc.a(_unpack_sf.o)
 .debug_info    0x0000269a      0x210 c:/winavr-20100110/bin/../lib/gcc/avr/4.3.3/avr5\libgcc.a(_fpcmp_parts_sf.o)
 .debug_info    0x000028aa       0xa9 c:/winavr-20100110/bin/../lib/gcc/avr/4.3.3/avr5\libgcc.a(_clz.o)
 *(.gnu.linkonce.wi.*)

.debug_abbrev   0x00000000     0x16b7
 *(.debug_abbrev)
 .debug_abbrev  0x00000000       0x5d c:/winavr-20100110/bin/../lib/gcc/avr/4.3.3/avr5\libgcc.a(_fixunssfsi.o)
 .debug_abbrev  0x0000005d       0x5d c:/winavr-20100110/bin/../lib/gcc/avr/4.3.3/avr5\libgcc.a(_fixsfdi.o)
 .debug_abbrev  0x000000ba       0x9e c:/winavr-20100110/bin/../lib/gcc/avr/4.3.3/avr5\libgcc.a(_fixunssfdi.o)
 .debug_abbrev  0x00000158      0x1ea c:/winavr-20100110/bin/../lib/gcc/avr/4.3.3/avr5\libgcc.a(_addsub_sf.o)
 .debug_abbrev  0x00000342      0x21b c:/winavr-20100110/bin/../lib/gcc/avr/4.3.3/avr5\libgcc.a(_mul_sf.o)
 .debug_abbrev  0x0000055d      0x216 c:/winavr-20100110/bin/../lib/gcc/avr/4.3.3/avr5\libgcc.a(_div_sf.o)
 .debug_abbrev  0x00000773      0x15a c:/winavr-20100110/bin/../lib/gcc/avr/4.3.3/avr5\libgcc.a(_gt_sf.o)
 .debug_abbrev  0x000008cd      0x15a c:/winavr-20100110/bin/../lib/gcc/avr/4.3.3/avr5\libgcc.a(_ge_sf.o)
 .debug_abbrev  0x00000a27      0x15a c:/winavr-20100110/bin/../lib/gcc/avr/4.3.3/avr5\libgcc.a(_lt_sf.o)
 .debug_abbrev  0x00000b81      0x148 c:/winavr-20100110/bin/../lib/gcc/avr/4.3.3/avr5\libgcc.a(_si_to_sf.o)
 .debug_abbrev  0x00000cc9      0x17f c:/winavr-20100110/bin/../lib/gcc/avr/4.3.3/avr5\libgcc.a(_sf_to_si.o)
 .debug_abbrev  0x00000e48       0xad c:/winavr-20100110/bin/../lib/gcc/avr/4.3.3/avr5\libgcc.a(_thenan_sf.o)
 .debug_abbrev  0x00000ef5      0x157 c:/winavr-20100110/bin/../lib/gcc/avr/4.3.3/avr5\libgcc.a(_usi_to_sf.o)
 .debug_abbrev  0x0000104c       0xee c:/winavr-20100110/bin/../lib/gcc/avr/4.3.3/avr5\libgcc.a(_ashldi3.o)
 .debug_abbrev  0x0000113a       0xc4 c:/winavr-20100110/bin/../lib/gcc/avr/4.3.3/avr5\libgcc.a(_clzsi2.o)
 .debug_abbrev  0x000011fe      0x1c0 c:/winavr-20100110/bin/../lib/gcc/avr/4.3.3/avr5\libgcc.a(_pack_sf.o)
 .debug_abbrev  0x000013be      0x154 c:/winavr-20100110/bin/../lib/gcc/avr/4.3.3/avr5\libgcc.a(_unpack_sf.o)
 .debug_abbrev  0x00001512      0x13b c:/winavr-20100110/bin/../lib/gcc/avr/4.3.3/avr5\libgcc.a(_fpcmp_parts_sf.o)
 .debug_abbrev  0x0000164d       0x6a c:/winavr-20100110/bin/../lib/gcc/avr/4.3.3/avr5\libgcc.a(_clz.o)

.debug_line     0x00000000     0x1570
 *(.debug_line)
 .debug_line    0x00000000       0xa7 c:/winavr-20100110/bin/../lib/gcc/avr/4.3.3/avr5\libgcc.a(_fixunssfsi.o)
 .debug_line    0x000000a7       0xa7 c:/winavr-20100110/bin/../lib/gcc/avr/4.3.3/avr5\libgcc.a(_fixsfdi.o)
 .debug_line    0x0000014e       0xe7 c:/winavr-20100110/bin/../lib/gcc/avr/4.3.3/avr5\libgcc.a(_fixunssfdi.o)
 .debug_line    0x00000235      0x2af c:/winavr-20100110/bin/../lib/gcc/avr/4.3.3/avr5\libgcc.a(_addsub_sf.o)
 .debug_line    0x000004e4      0x239 c:/winavr-20100110/bin/../lib/gcc/avr/4.3.3/avr5\libgcc.a(_mul_sf.o)
 .debug_line    0x0000071d      0x1d5 c:/winavr-20100110/bin/../lib/gcc/avr/4.3.3/avr5\libgcc.a(_div_sf.o)
 .debug_line    0x000008f2       0xd3 c:/winavr-20100110/bin/../lib/gcc/avr/4.3.3/avr5\libgcc.a(_gt_sf.o)
 .debug_line    0x000009c5       0xd3 c:/winavr-20100110/bin/../lib/gcc/avr/4.3.3/avr5\libgcc.a(_ge_sf.o)
 .debug_line    0x00000a98       0xd3 c:/winavr-20100110/bin/../lib/gcc/avr/4.3.3/avr5\libgcc.a(_lt_sf.o)
 .debug_line    0x00000b6b      0x135 c:/winavr-20100110/bin/../lib/gcc/avr/4.3.3/avr5\libgcc.a(_si_to_sf.o)
 .debug_line    0x00000ca0      0x109 c:/winavr-20100110/bin/../lib/gcc/avr/4.3.3/avr5\libgcc.a(_sf_to_si.o)
 .debug_line    0x00000da9       0x90 c:/winavr-20100110/bin/../lib/gcc/avr/4.3.3/avr5\libgcc.a(_thenan_sf.o)
 .debug_line    0x00000e39      0x133 c:/winavr-20100110/bin/../lib/gcc/avr/4.3.3/avr5\libgcc.a(_usi_to_sf.o)
 .debug_line    0x00000f6c       0xd7 c:/winavr-20100110/bin/../lib/gcc/avr/4.3.3/avr5\libgcc.a(_ashldi3.o)
 .debug_line    0x00001043       0xa5 c:/winavr-20100110/bin/../lib/gcc/avr/4.3.3/avr5\libgcc.a(_clzsi2.o)
 .debug_line    0x000010e8      0x18a c:/winavr-20100110/bin/../lib/gcc/avr/4.3.3/avr5\libgcc.a(_pack_sf.o)
 .debug_line    0x00001272      0x14b c:/winavr-20100110/bin/../lib/gcc/avr/4.3.3/avr5\libgcc.a(_unpack_sf.o)
 .debug_line    0x000013bd      0x137 c:/winavr-20100110/bin/../lib/gcc/avr/4.3.3/avr5\libgcc.a(_fpcmp_parts_sf.o)
 .debug_line    0x000014f4       0x7c c:/winavr-20100110/bin/../lib/gcc/avr/4.3.3/avr5\libgcc.a(_clz.o)

.debug_frame    0x00000000      0x240
 *(.debug_frame)
 .debug_frame   0x00000000       0x20 c:/winavr-20100110/bin/../lib/gcc/avr/4.3.3/avr5\libgcc.a(_fixunssfsi.o)
 .debug_frame   0x00000020       0x20 c:/winavr-20100110/bin/../lib/gcc/avr/4.3.3/avr5\libgcc.a(_fixsfdi.o)
 .debug_frame   0x00000040       0x20 c:/winavr-20100110/bin/../lib/gcc/avr/4.3.3/avr5\libgcc.a(_fixunssfdi.o)
 .debug_frame   0x00000060       0x40 c:/winavr-20100110/bin/../lib/gcc/avr/4.3.3/avr5\libgcc.a(_addsub_sf.o)
 .debug_frame   0x000000a0       0x20 c:/winavr-20100110/bin/../lib/gcc/avr/4.3.3/avr5\libgcc.a(_mul_sf.o)
 .debug_frame   0x000000c0       0x20 c:/winavr-20100110/bin/../lib/gcc/avr/4.3.3/avr5\libgcc.a(_div_sf.o)
 .debug_frame   0x000000e0       0x20 c:/winavr-20100110/bin/../lib/gcc/avr/4.3.3/avr5\libgcc.a(_gt_sf.o)
 .debug_frame   0x00000100       0x20 c:/winavr-20100110/bin/../lib/gcc/avr/4.3.3/avr5\libgcc.a(_ge_sf.o)
 .debug_frame   0x00000120       0x20 c:/winavr-20100110/bin/../lib/gcc/avr/4.3.3/avr5\libgcc.a(_lt_sf.o)
 .debug_frame   0x00000140       0x20 c:/winavr-20100110/bin/../lib/gcc/avr/4.3.3/avr5\libgcc.a(_si_to_sf.o)
 .debug_frame   0x00000160       0x20 c:/winavr-20100110/bin/../lib/gcc/avr/4.3.3/avr5\libgcc.a(_sf_to_si.o)
 .debug_frame   0x00000180       0x20 c:/winavr-20100110/bin/../lib/gcc/avr/4.3.3/avr5\libgcc.a(_usi_to_sf.o)
 .debug_frame   0x000001a0       0x20 c:/winavr-20100110/bin/../lib/gcc/avr/4.3.3/avr5\libgcc.a(_ashldi3.o)
 .debug_frame   0x000001c0       0x20 c:/winavr-20100110/bin/../lib/gcc/avr/4.3.3/avr5\libgcc.a(_clzsi2.o)
 .debug_frame   0x000001e0       0x20 c:/winavr-20100110/bin/../lib/gcc/avr/4.3.3/avr5\libgcc.a(_pack_sf.o)
 .debug_frame   0x00000200       0x20 c:/winavr-20100110/bin/../lib/gcc/avr/4.3.3/avr5\libgcc.a(_unpack_sf.o)
 .debug_frame   0x00000220       0x20 c:/winavr-20100110/bin/../lib/gcc/avr/4.3.3/avr5\libgcc.a(_fpcmp_parts_sf.o)

.debug_str      0x00000000      0x36b
 *(.debug_str)
 .debug_str     0x00000000       0xbf c:/winavr-20100110/bin/../lib/gcc/avr/4.3.3/avr5\libgcc.a(_fixunssfsi.o)
                                 0xfe (size before relaxing)
 .debug_str     0x000000bf        0xa c:/winavr-20100110/bin/../lib/gcc/avr/4.3.3/avr5\libgcc.a(_fixsfdi.o)
                                 0xfa (size before relaxing)
 .debug_str     0x000000c9       0x2c c:/winavr-20100110/bin/../lib/gcc/avr/4.3.3/avr5\libgcc.a(_fixunssfdi.o)
                                0x11d (size before relaxing)
 .debug_str     0x000000f5      0x14d c:/winavr-20100110/bin/../lib/gcc/avr/4.3.3/avr5\libgcc.a(_addsub_sf.o)
                                0x206 (size before relaxing)
 .debug_str     0x00000242       0x27 c:/winavr-20100110/bin/../lib/gcc/avr/4.3.3/avr5\libgcc.a(_mul_sf.o)
                                0x1bf (size before relaxing)
 .debug_str     0x00000269       0x35 c:/winavr-20100110/bin/../lib/gcc/avr/4.3.3/avr5\libgcc.a(_div_sf.o)
                                0x1c8 (size before relaxing)
 .debug_str     0x0000029e        0x8 c:/winavr-20100110/bin/../lib/gcc/avr/4.3.3/avr5\libgcc.a(_gt_sf.o)
                                0x195 (size before relaxing)
 .debug_str     0x000002a6        0x8 c:/winavr-20100110/bin/../lib/gcc/avr/4.3.3/avr5\libgcc.a(_ge_sf.o)
                                0x195 (size before relaxing)
 .debug_str     0x000002ae        0x8 c:/winavr-20100110/bin/../lib/gcc/avr/4.3.3/avr5\libgcc.a(_lt_sf.o)
                                0x195 (size before relaxing)
 .debug_str     0x000002b6       0x18 c:/winavr-20100110/bin/../lib/gcc/avr/4.3.3/avr5\libgcc.a(_si_to_sf.o)
                                0x17b (size before relaxing)
 .debug_str     0x000002ce        0xa c:/winavr-20100110/bin/../lib/gcc/avr/4.3.3/avr5\libgcc.a(_sf_to_si.o)
                                0x19e (size before relaxing)
 .debug_str     0x00000000      0x103 c:/winavr-20100110/bin/../lib/gcc/avr/4.3.3/avr5\libgcc.a(_thenan_sf.o)
 .debug_str     0x000002d8       0x14 c:/winavr-20100110/bin/../lib/gcc/avr/4.3.3/avr5\libgcc.a(_usi_to_sf.o)
                                0x177 (size before relaxing)
 .debug_str     0x000002ec       0x34 c:/winavr-20100110/bin/../lib/gcc/avr/4.3.3/avr5\libgcc.a(_ashldi3.o)
                                0x131 (size before relaxing)
 .debug_str     0x00000320       0x20 c:/winavr-20100110/bin/../lib/gcc/avr/4.3.3/avr5\libgcc.a(_clzsi2.o)
                                0x111 (size before relaxing)
 .debug_str     0x00000340       0x10 c:/winavr-20100110/bin/../lib/gcc/avr/4.3.3/avr5\libgcc.a(_pack_sf.o)
                                0x19d (size before relaxing)
 .debug_str     0x00000350        0xb c:/winavr-20100110/bin/../lib/gcc/avr/4.3.3/avr5\libgcc.a(_unpack_sf.o)
                                0x17f (size before relaxing)
 .debug_str     0x0000035b       0x10 c:/winavr-20100110/bin/../lib/gcc/avr/4.3.3/avr5\libgcc.a(_fpcmp_parts_sf.o)
                                0x163 (size before relaxing)
 .debug_str     0x00000000       0xf4 c:/winavr-20100110/bin/../lib/gcc/avr/4.3.3/avr5\libgcc.a(_clz.o)

.debug_loc      0x00000000      0xbf0
 *(.debug_loc)
 .debug_loc     0x00000000       0x34 c:/winavr-20100110/bin/../lib/gcc/avr/4.3.3/avr5\libgcc.a(_fixunssfsi.o)
 .debug_loc     0x00000034       0x4a c:/winavr-20100110/bin/../lib/gcc/avr/4.3.3/avr5\libgcc.a(_fixsfdi.o)
 .debug_loc     0x0000007e       0x94 c:/winavr-20100110/bin/../lib/gcc/avr/4.3.3/avr5\libgcc.a(_fixunssfdi.o)
 .debug_loc     0x00000112      0x32a c:/winavr-20100110/bin/../lib/gcc/avr/4.3.3/avr5\libgcc.a(_addsub_sf.o)
 .debug_loc     0x0000043c      0x104 c:/winavr-20100110/bin/../lib/gcc/avr/4.3.3/avr5\libgcc.a(_mul_sf.o)
 .debug_loc     0x00000540       0xc0 c:/winavr-20100110/bin/../lib/gcc/avr/4.3.3/avr5\libgcc.a(_div_sf.o)
 .debug_loc     0x00000600       0x3c c:/winavr-20100110/bin/../lib/gcc/avr/4.3.3/avr5\libgcc.a(_gt_sf.o)
 .debug_loc     0x0000063c       0x3c c:/winavr-20100110/bin/../lib/gcc/avr/4.3.3/avr5\libgcc.a(_ge_sf.o)
 .debug_loc     0x00000678       0x3c c:/winavr-20100110/bin/../lib/gcc/avr/4.3.3/avr5\libgcc.a(_lt_sf.o)
 .debug_loc     0x000006b4       0xac c:/winavr-20100110/bin/../lib/gcc/avr/4.3.3/avr5\libgcc.a(_si_to_sf.o)
 .debug_loc     0x00000760       0x7e c:/winavr-20100110/bin/../lib/gcc/avr/4.3.3/avr5\libgcc.a(_sf_to_si.o)
 .debug_loc     0x000007de       0x4c c:/winavr-20100110/bin/../lib/gcc/avr/4.3.3/avr5\libgcc.a(_usi_to_sf.o)
 .debug_loc     0x0000082a       0xf8 c:/winavr-20100110/bin/../lib/gcc/avr/4.3.3/avr5\libgcc.a(_ashldi3.o)
 .debug_loc     0x00000922       0x94 c:/winavr-20100110/bin/../lib/gcc/avr/4.3.3/avr5\libgcc.a(_clzsi2.o)
 .debug_loc     0x000009b6      0x13e c:/winavr-20100110/bin/../lib/gcc/avr/4.3.3/avr5\libgcc.a(_pack_sf.o)
 .debug_loc     0x00000af4       0xac c:/winavr-20100110/bin/../lib/gcc/avr/4.3.3/avr5\libgcc.a(_unpack_sf.o)
 .debug_loc     0x00000ba0       0x50 c:/winavr-20100110/bin/../lib/gcc/avr/4.3.3/avr5\libgcc.a(_fpcmp_parts_sf.o)

.debug_macinfo
 *(.debug_macinfo)
OUTPUT(Eco_homesystem.elf elf32-avr)
LOAD linker stubs

.debug_ranges   0x00000000       0x50
 .debug_ranges  0x00000000       0x50 c:/winavr-20100110/bin/../lib/gcc/avr/4.3.3/avr5\libgcc.a(_mul_sf.o)
