Archive member included because of file (symbol)

e:/winavr/bin/../lib/gcc/avr/4.3.3/avr5\libgcc.a(_mulsi3.o)
                              ./hal/CLCD_program.o (__mulsi3)
e:/winavr/bin/../lib/gcc/avr/4.3.3/avr5\libgcc.a(_udivmodhi4.o)
                              ./hal/soil moisture_program.o (__udivmodhi4)
e:/winavr/bin/../lib/gcc/avr/4.3.3/avr5\libgcc.a(_udivmodsi4.o)
                              ./hal/CLCD_program.o (__udivmodsi4)
e:/winavr/bin/../lib/gcc/avr/4.3.3/avr5\libgcc.a(_divmodsi4.o)
                              ./hal/CLCD_program.o (__divmodsi4)
e:/winavr/bin/../lib/gcc/avr/4.3.3/avr5\libgcc.a(_exit.o)
                              e:/winavr/bin/../lib/gcc/avr/4.3.3/../../../../avr/lib/avr5/crtm32.o (exit)
e:/winavr/bin/../lib/gcc/avr/4.3.3/avr5\libgcc.a(_copy_data.o)
                              ./hal/CLCD_program.o (__do_copy_data)
e:/winavr/bin/../lib/gcc/avr/4.3.3/avr5\libgcc.a(_clear_bss.o)
                              ./hal/PIR_prog.o (__do_clear_bss)
e:/winavr/bin/../lib/gcc/avr/4.3.3/avr5\libgcc.a(_fixunssfsi.o)
                              ./hal/CLCD_program.o (__fixunssfsi)
e:/winavr/bin/../lib/gcc/avr/4.3.3/avr5\libgcc.a(_fixsfdi.o)
                              ./hal/CLCD_program.o (__fixsfdi)
e:/winavr/bin/../lib/gcc/avr/4.3.3/avr5\libgcc.a(_fixunssfdi.o)
                              e:/winavr/bin/../lib/gcc/avr/4.3.3/avr5\libgcc.a(_fixsfdi.o) (__fixunssfdi)
e:/winavr/bin/../lib/gcc/avr/4.3.3/avr5\libgcc.a(_addsub_sf.o)
                              ./hal/CLCD_program.o (__subsf3)
e:/winavr/bin/../lib/gcc/avr/4.3.3/avr5\libgcc.a(_mul_sf.o)
                              ./hal/CLCD_program.o (__mulsf3)
e:/winavr/bin/../lib/gcc/avr/4.3.3/avr5\libgcc.a(_div_sf.o)
                              ./hal/DHT11_prog.o (__divsf3)
e:/winavr/bin/../lib/gcc/avr/4.3.3/avr5\libgcc.a(_gt_sf.o)
                              ./hal/CLCD_program.o (__gtsf2)
e:/winavr/bin/../lib/gcc/avr/4.3.3/avr5\libgcc.a(_ge_sf.o)
                              e:/winavr/bin/../lib/gcc/avr/4.3.3/avr5\libgcc.a(_fixunssfsi.o) (__gesf2)
e:/winavr/bin/../lib/gcc/avr/4.3.3/avr5\libgcc.a(_lt_sf.o)
                              ./hal/CLCD_program.o (__ltsf2)
e:/winavr/bin/../lib/gcc/avr/4.3.3/avr5\libgcc.a(_si_to_sf.o)
                              ./hal/CLCD_program.o (__floatsisf)
e:/winavr/bin/../lib/gcc/avr/4.3.3/avr5\libgcc.a(_sf_to_si.o)
                              ./hal/CLCD_program.o (__fixsfsi)
e:/winavr/bin/../lib/gcc/avr/4.3.3/avr5\libgcc.a(_thenan_sf.o)
                              e:/winavr/bin/../lib/gcc/avr/4.3.3/avr5\libgcc.a(_addsub_sf.o) (__thenan_sf)
e:/winavr/bin/../lib/gcc/avr/4.3.3/avr5\libgcc.a(_usi_to_sf.o)
                              ./hal/LDR_prog.o (__floatunsisf)
e:/winavr/bin/../lib/gcc/avr/4.3.3/avr5\libgcc.a(_prologue.o)
                              e:/winavr/bin/../lib/gcc/avr/4.3.3/avr5\libgcc.a(_fixunssfdi.o) (__prologue_saves__)
e:/winavr/bin/../lib/gcc/avr/4.3.3/avr5\libgcc.a(_epilogue.o)
                              e:/winavr/bin/../lib/gcc/avr/4.3.3/avr5\libgcc.a(_fixunssfdi.o) (__epilogue_restores__)
e:/winavr/bin/../lib/gcc/avr/4.3.3/avr5\libgcc.a(_ashldi3.o)
                              e:/winavr/bin/../lib/gcc/avr/4.3.3/avr5\libgcc.a(_fixunssfdi.o) (__ashldi3)
e:/winavr/bin/../lib/gcc/avr/4.3.3/avr5\libgcc.a(_clzsi2.o)
                              e:/winavr/bin/../lib/gcc/avr/4.3.3/avr5\libgcc.a(_si_to_sf.o) (__clzsi2)
e:/winavr/bin/../lib/gcc/avr/4.3.3/avr5\libgcc.a(_pack_sf.o)
                              e:/winavr/bin/../lib/gcc/avr/4.3.3/avr5\libgcc.a(_addsub_sf.o) (__pack_f)
e:/winavr/bin/../lib/gcc/avr/4.3.3/avr5\libgcc.a(_unpack_sf.o)
                              e:/winavr/bin/../lib/gcc/avr/4.3.3/avr5\libgcc.a(_addsub_sf.o) (__unpack_f)
e:/winavr/bin/../lib/gcc/avr/4.3.3/avr5\libgcc.a(_fpcmp_parts_sf.o)
                              e:/winavr/bin/../lib/gcc/avr/4.3.3/avr5\libgcc.a(_gt_sf.o) (__fpcmp_parts_f)
e:/winavr/bin/../lib/gcc/avr/4.3.3/avr5\libgcc.a(_clz.o)
                              e:/winavr/bin/../lib/gcc/avr/4.3.3/avr5\libgcc.a(_clzsi2.o) (__clz_tab)

Memory Configuration

Name             Origin             Length             Attributes
text             0x00000000         0x00020000         xr
data             0x00800060         0x0000ffa0         rw !x
eeprom           0x00810000         0x00010000         rw !x
fuse             0x00820000         0x00000400         rw !x
lock             0x00830000         0x00000400         rw !x
signature        0x00840000         0x00000400         rw !x
*default*        0x00000000         0xffffffff

Linker script and memory map

LOAD e:/winavr/bin/../lib/gcc/avr/4.3.3/../../../../avr/lib/avr5/crtm32.o
LOAD ./hal/BUZ_prog.o
LOAD ./hal/CLCD_program.o
LOAD ./hal/DCMOTOR_program.o
LOAD ./hal/DHT11_prog.o
LOAD ./hal/IR_prog.o
LOAD ./hal/KPD_prog.o
LOAD ./hal/LDR_prog.o
LOAD ./hal/LED_prog.o
LOAD ./hal/MQ2_prog.o
LOAD ./hal/PIR_prog.o
LOAD ./hal/soil moisture_program.o
LOAD ./MCAL/ADC_prog.o
LOAD ./MCAL/DIO_program.o
LOAD ./MCAL/EEPROM_programe.o
LOAD ./MCAL/TWI_prog.o
LOAD ./main.o
LOAD e:/winavr/bin/../lib/gcc/avr/4.3.3/avr5\libgcc.a
LOAD e:/winavr/bin/../lib/gcc/avr/4.3.3/../../../../avr/lib/avr5\libc.a
LOAD e:/winavr/bin/../lib/gcc/avr/4.3.3/avr5\libgcc.a

.hash
 *(.hash)

.dynsym
 *(.dynsym)

.dynstr
 *(.dynstr)

.gnu.version
 *(.gnu.version)

.gnu.version_d
 *(.gnu.version_d)

.gnu.version_r
 *(.gnu.version_r)

.rel.init
 *(.rel.init)

.rela.init
 *(.rela.init)

.rel.text
 *(.rel.text)
 *(.rel.text.*)
 *(.rel.gnu.linkonce.t*)

.rela.text
 *(.rela.text)
 *(.rela.text.*)
 *(.rela.gnu.linkonce.t*)

.rel.fini
 *(.rel.fini)

.rela.fini
 *(.rela.fini)

.rel.rodata
 *(.rel.rodata)
 *(.rel.rodata.*)
 *(.rel.gnu.linkonce.r*)

.rela.rodata
 *(.rela.rodata)
 *(.rela.rodata.*)
 *(.rela.gnu.linkonce.r*)

.rel.data
 *(.rel.data)
 *(.rel.data.*)
 *(.rel.gnu.linkonce.d*)

.rela.data
 *(.rela.data)
 *(.rela.data.*)
 *(.rela.gnu.linkonce.d*)

.rel.ctors
 *(.rel.ctors)

.rela.ctors
 *(.rela.ctors)

.rel.dtors
 *(.rel.dtors)

.rela.dtors
 *(.rela.dtors)

.rel.got
 *(.rel.got)

.rela.got
 *(.rela.got)

.rel.bss
 *(.rel.bss)

.rela.bss
 *(.rela.bss)

.rel.plt
 *(.rel.plt)

.rela.plt
 *(.rela.plt)

.text           0x00000000     0x5e94
 *(.vectors)
 .vectors       0x00000000       0x54 e:/winavr/bin/../lib/gcc/avr/4.3.3/../../../../avr/lib/avr5/crtm32.o
                0x00000000                __vectors
                0x00000000                __vector_default
 *(.vectors)
 *(.progmem.gcc*)
 *(.progmem*)
                0x00000054                . = ALIGN (0x2)
                0x00000054                __trampolines_start = .
 *(.trampolines)
 .trampolines   0x00000054        0x0 linker stubs
 *(.trampolines*)
                0x00000054                __trampolines_end = .
 *(.jumptables)
 *(.jumptables*)
 *(.lowtext)
 *(.lowtext*)
                0x00000054                __ctors_start = .
 *(.ctors)
                0x00000054                __ctors_end = .
                0x00000054                __dtors_start = .
 *(.dtors)
                0x00000054                __dtors_end = .
 SORT(*)(.ctors)
 SORT(*)(.dtors)
 *(.init0)
 .init0         0x00000054        0x0 e:/winavr/bin/../lib/gcc/avr/4.3.3/../../../../avr/lib/avr5/crtm32.o
                0x00000054                __init
 *(.init0)
 *(.init1)
 *(.init1)
 *(.init2)
 .init2         0x00000054        0xc e:/winavr/bin/../lib/gcc/avr/4.3.3/../../../../avr/lib/avr5/crtm32.o
 *(.init2)
 *(.init3)
 *(.init3)
 *(.init4)
 .init4         0x00000060       0x16 e:/winavr/bin/../lib/gcc/avr/4.3.3/avr5\libgcc.a(_copy_data.o)
                0x00000060                __do_copy_data
 .init4         0x00000076       0x10 e:/winavr/bin/../lib/gcc/avr/4.3.3/avr5\libgcc.a(_clear_bss.o)
                0x00000076                __do_clear_bss
 *(.init4)
 *(.init5)
 *(.init5)
 *(.init6)
 *(.init6)
 *(.init7)
 *(.init7)
 *(.init8)
 *(.init8)
 *(.init9)
 .init9         0x00000086        0x8 e:/winavr/bin/../lib/gcc/avr/4.3.3/../../../../avr/lib/avr5/crtm32.o
 *(.init9)
 *(.text)
 .text          0x0000008e        0x4 e:/winavr/bin/../lib/gcc/avr/4.3.3/../../../../avr/lib/avr5/crtm32.o
                0x0000008e                __vector_1
                0x0000008e                __vector_12
                0x0000008e                __bad_interrupt
                0x0000008e                __vector_6
                0x0000008e                __vector_3
                0x0000008e                __vector_11
                0x0000008e                __vector_13
                0x0000008e                __vector_17
                0x0000008e                __vector_19
                0x0000008e                __vector_7
                0x0000008e                __vector_5
                0x0000008e                __vector_4
                0x0000008e                __vector_9
                0x0000008e                __vector_2
                0x0000008e                __vector_15
                0x0000008e                __vector_8
                0x0000008e                __vector_14
                0x0000008e                __vector_10
                0x0000008e                __vector_18
                0x0000008e                __vector_20
 .text          0x00000092        0x0 ./hal/BUZ_prog.o
 .text          0x00000092        0x0 ./hal/CLCD_program.o
 .text          0x00000092        0x0 ./hal/DCMOTOR_program.o
 .text          0x00000092        0x0 ./hal/DHT11_prog.o
 .text          0x00000092        0x0 ./hal/IR_prog.o
 .text          0x00000092        0x0 ./hal/KPD_prog.o
 .text          0x00000092        0x0 ./hal/LDR_prog.o
 .text          0x00000092        0x0 ./hal/LED_prog.o
 .text          0x00000092        0x0 ./hal/MQ2_prog.o
 .text          0x00000092        0x0 ./hal/PIR_prog.o
 .text          0x00000092        0x0 ./hal/soil moisture_program.o
 .text          0x00000092        0x0 ./MCAL/ADC_prog.o
 .text          0x00000092        0x0 ./MCAL/DIO_program.o
 .text          0x00000092        0x0 ./MCAL/EEPROM_programe.o
 .text          0x00000092        0x0 ./MCAL/TWI_prog.o
 .text          0x00000092        0x0 ./main.o
 .text          0x00000092        0x0 e:/winavr/bin/../lib/gcc/avr/4.3.3/avr5\libgcc.a(_mulsi3.o)
 .text          0x00000092        0x0 e:/winavr/bin/../lib/gcc/avr/4.3.3/avr5\libgcc.a(_udivmodhi4.o)
 .text          0x00000092        0x0 e:/winavr/bin/../lib/gcc/avr/4.3.3/avr5\libgcc.a(_udivmodsi4.o)
 .text          0x00000092        0x0 e:/winavr/bin/../lib/gcc/avr/4.3.3/avr5\libgcc.a(_divmodsi4.o)
 .text          0x00000092        0x0 e:/winavr/bin/../lib/gcc/avr/4.3.3/avr5\libgcc.a(_exit.o)
 .text          0x00000092        0x0 e:/winavr/bin/../lib/gcc/avr/4.3.3/avr5\libgcc.a(_copy_data.o)
 .text          0x00000092        0x0 e:/winavr/bin/../lib/gcc/avr/4.3.3/avr5\libgcc.a(_clear_bss.o)
 .text          0x00000092       0x58 e:/winavr/bin/../lib/gcc/avr/4.3.3/avr5\libgcc.a(_fixunssfsi.o)
                0x00000092                __fixunssfsi
 .text          0x000000ea       0xe8 e:/winavr/bin/../lib/gcc/avr/4.3.3/avr5\libgcc.a(_fixsfdi.o)
                0x000000ea                __fixsfdi
 .text          0x000001d2      0x150 e:/winavr/bin/../lib/gcc/avr/4.3.3/avr5\libgcc.a(_fixunssfdi.o)
                0x000001d2                __fixunssfdi
 .text          0x00000322      0x354 e:/winavr/bin/../lib/gcc/avr/4.3.3/avr5\libgcc.a(_addsub_sf.o)
                0x000005ba                __subsf3
                0x0000061c                __addsf3
 .text          0x00000676      0x1f4 e:/winavr/bin/../lib/gcc/avr/4.3.3/avr5\libgcc.a(_mul_sf.o)
                0x00000676                __mulsf3
 .text          0x0000086a      0x158 e:/winavr/bin/../lib/gcc/avr/4.3.3/avr5\libgcc.a(_div_sf.o)
                0x0000086a                __divsf3
 .text          0x000009c2       0x60 e:/winavr/bin/../lib/gcc/avr/4.3.3/avr5\libgcc.a(_gt_sf.o)
                0x000009c2                __gtsf2
 .text          0x00000a22       0x60 e:/winavr/bin/../lib/gcc/avr/4.3.3/avr5\libgcc.a(_ge_sf.o)
                0x00000a22                __gesf2
 .text          0x00000a82       0x60 e:/winavr/bin/../lib/gcc/avr/4.3.3/avr5\libgcc.a(_lt_sf.o)
                0x00000a82                __ltsf2
 .text          0x00000ae2       0xbc e:/winavr/bin/../lib/gcc/avr/4.3.3/avr5\libgcc.a(_si_to_sf.o)
                0x00000ae2                __floatsisf
 .text          0x00000b9e       0xa8 e:/winavr/bin/../lib/gcc/avr/4.3.3/avr5\libgcc.a(_sf_to_si.o)
                0x00000b9e                __fixsfsi
 .text          0x00000c46        0x0 e:/winavr/bin/../lib/gcc/avr/4.3.3/avr5\libgcc.a(_thenan_sf.o)
 .text          0x00000c46       0xf2 e:/winavr/bin/../lib/gcc/avr/4.3.3/avr5\libgcc.a(_usi_to_sf.o)
                0x00000c46                __floatunsisf
 .text          0x00000d38        0x0 e:/winavr/bin/../lib/gcc/avr/4.3.3/avr5\libgcc.a(_prologue.o)
 .text          0x00000d38        0x0 e:/winavr/bin/../lib/gcc/avr/4.3.3/avr5\libgcc.a(_epilogue.o)
 .text          0x00000d38       0xfe e:/winavr/bin/../lib/gcc/avr/4.3.3/avr5\libgcc.a(_ashldi3.o)
                0x00000d38                __ashldi3
 .text          0x00000e36       0x9e e:/winavr/bin/../lib/gcc/avr/4.3.3/avr5\libgcc.a(_clzsi2.o)
                0x00000e36                __clzsi2
 .text          0x00000ed4      0x1aa e:/winavr/bin/../lib/gcc/avr/4.3.3/avr5\libgcc.a(_pack_sf.o)
                0x00000ed4                __pack_f
 .text          0x0000107e       0xf0 e:/winavr/bin/../lib/gcc/avr/4.3.3/avr5\libgcc.a(_unpack_sf.o)
                0x0000107e                __unpack_f
 .text          0x0000116e       0xb2 e:/winavr/bin/../lib/gcc/avr/4.3.3/avr5\libgcc.a(_fpcmp_parts_sf.o)
                0x0000116e                __fpcmp_parts_f
 .text          0x00001220        0x0 e:/winavr/bin/../lib/gcc/avr/4.3.3/avr5\libgcc.a(_clz.o)
                0x00001220                . = ALIGN (0x2)
 *(.text.*)
 .text.BUZ_vInit
                0x00001220       0x2a ./hal/BUZ_prog.o
                0x00001220                BUZ_vInit
 .text.BUZ_vOn  0x0000124a       0x44 ./hal/BUZ_prog.o
                0x0000124a                BUZ_vOn
 .text.BUZ_vOff
                0x0000128e       0x44 ./hal/BUZ_prog.o
                0x0000128e                BUZ_vOff
 .text.BUZ_vTog
                0x000012d2       0x28 ./hal/BUZ_prog.o
                0x000012d2                BUZ_vTog
 .text.CLCD_voidInit
                0x000012fa      0x694 ./hal/CLCD_program.o
                0x000012fa                CLCD_voidInit
 .text.CLCD_voidsendData
                0x0000198e      0x140 ./hal/CLCD_program.o
                0x0000198e                CLCD_voidsendData
 .text.CLCD_voidsendCommand
                0x00001ace      0x140 ./hal/CLCD_program.o
                0x00001ace                CLCD_voidsendCommand
 .text.CLCD_voidsendString
                0x00001c0e       0x52 ./hal/CLCD_program.o
                0x00001c0e                CLCD_voidsendString
 .text.CLCD_voidSendFallingEdge
                0x00001c60      0x202 ./hal/CLCD_program.o
 .text.CLCD_voidClearScreen
                0x00001e62      0x110 ./hal/CLCD_program.o
                0x00001e62                CLCD_voidClearScreen
 .text.CLCD_voidSetPosition
                0x00001f72      0x14c ./hal/CLCD_program.o
                0x00001f72                CLCD_voidSetPosition
 .text.CLCD_voidSendExtraChar
                0x000020be       0x64 ./hal/CLCD_program.o
                0x000020be                CLCD_voidSendExtraChar
 .text.CLCD_vSendIntNumber
                0x00002122      0x170 ./hal/CLCD_program.o
                0x00002122                CLCD_vSendIntNumber
 .text.CLCD_vSendFloatNumber
                0x00002292      0x126 ./hal/CLCD_program.o
                0x00002292                CLCD_vSendFloatNumber
 .text.DCMOTOR_uint8Control
                0x000023b8       0xd4 ./hal/DCMOTOR_program.o
                0x000023b8                DCMOTOR_uint8Control
 .text.DHT11_voidInit
                0x0000248c       0x22 ./hal/DHT11_prog.o
                0x0000248c                DHT11_voidInit
 .text.DHT11_u8GetData
                0x000024ae       0xb4 ./hal/DHT11_prog.o
                0x000024ae                DHT11_u8GetData
 .text.DHT11_voidSendStartSignal
                0x00002562      0x350 ./hal/DHT11_prog.o
 .text.DHT11_u8CheckResponse
                0x000028b2      0x3c8 ./hal/DHT11_prog.o
 .text.DHT11_u8ReadByte
                0x00002c7a      0x662 ./hal/DHT11_prog.o
 .text.IR_enumInit
                0x000032dc       0x54 ./hal/IR_prog.o
                0x000032dc                IR_enumInit
 .text.IR_enumGetState
                0x00003330       0x74 ./hal/IR_prog.o
                0x00003330                IR_enumGetState
 .text.KPD_vInit
                0x000033a4       0x46 ./hal/KPD_prog.o
                0x000033a4                KPD_vInit
 .text.KPD_u8GetPressed
                0x000033ea      0x1cc ./hal/KPD_prog.o
                0x000033ea                KPD_u8GetPressed
 .text.LDR_u16CalculateResistance
                0x000035b6       0xf2 ./hal/LDR_prog.o
 .text.LDR_enumInit
                0x000036a8       0x48 ./hal/LDR_prog.o
                0x000036a8                LDR_enumInit
 .text.LDR_enumGetLightIntensity
                0x000036f0       0x76 ./hal/LDR_prog.o
                0x000036f0                LDR_enumGetLightIntensity
 .text.LDR_enumGetAnalogSignal
                0x00003766       0x52 ./hal/LDR_prog.o
                0x00003766                LDR_enumGetAnalogSignal
 .text.LED_vInit
                0x000037b8       0x2a ./hal/LED_prog.o
                0x000037b8                LED_vInit
 .text.LED_vTurnOn
                0x000037e2       0x44 ./hal/LED_prog.o
                0x000037e2                LED_vTurnOn
 .text.LED_vTurnOff
                0x00003826       0x44 ./hal/LED_prog.o
                0x00003826                LED_vTurnOff
 .text.LED_vTog
                0x0000386a       0x28 ./hal/LED_prog.o
                0x0000386a                LED_vTog
 .text.MQ2_u16CalculateRS
                0x00003892       0xf2 ./hal/MQ2_prog.o
 .text.MQ2_u16CalculateRatio
                0x00003984       0x76 ./hal/MQ2_prog.o
 .text.MQ2_enumGetCalibrationValue
                0x000039fa       0xd4 ./hal/MQ2_prog.o
 .text.MQ2_enumInit
                0x00003ace       0x60 ./hal/MQ2_prog.o
                0x00003ace                MQ2_enumInit
 .text.MQ2_enumGetGasConcentration
                0x00003b2e       0x8a ./hal/MQ2_prog.o
                0x00003b2e                MQ2_enumGetGasConcentration
 .text.MQ2_enumGetAnalogSignal
                0x00003bb8       0x52 ./hal/MQ2_prog.o
                0x00003bb8                MQ2_enumGetAnalogSignal
 .text.MQ2_enumCalibrate
                0x00003c0a       0x56 ./hal/MQ2_prog.o
                0x00003c0a                MQ2_enumCalibrate
 .text.PIR_voidInit
                0x00003c60       0x18 ./hal/PIR_prog.o
                0x00003c60                PIR_voidInit
 .text.PIR_u8Read
                0x00003c78       0x2c ./hal/PIR_prog.o
                0x00003c78                PIR_u8Read
 .text.PIR_u8ReadDebounced
                0x00003ca4       0x90 ./hal/PIR_prog.o
                0x00003ca4                PIR_u8ReadDebounced
 .text.PIR_voidSetCallback
                0x00003d34       0x24 ./hal/PIR_prog.o
                0x00003d34                PIR_voidSetCallback
 .text.PIR_voidISR
                0x00003d58       0x24 ./hal/PIR_prog.o
                0x00003d58                PIR_voidISR
 .text.SoilMoisture_voidInit
                0x00003d7c       0x12 ./hal/soil moisture_program.o
                0x00003d7c                SoilMoisture_voidInit
 .text.SoilMoisture_u8GetRawValue
                0x00003d8e       0x3c ./hal/soil moisture_program.o
                0x00003d8e                SoilMoisture_u8GetRawValue
 .text.SoilMoisture_u8GetPercentage
                0x00003dca       0x5e ./hal/soil moisture_program.o
                0x00003dca                SoilMoisture_u8GetPercentage
 .text.SoilMoisture_u8IsDry
                0x00003e28       0x60 ./hal/soil moisture_program.o
                0x00003e28                SoilMoisture_u8IsDry
 .text.SoilMoisture_u8MapValue
                0x00003e88       0xa2 ./hal/soil moisture_program.o
 .text.ADC_vInit
                0x00003f2a       0x7e ./MCAL/ADC_prog.o
                0x00003f2a                ADC_vInit
 .text.ADC_vEnable
                0x00003fa8       0x1c ./MCAL/ADC_prog.o
                0x00003fa8                ADC_vEnable
 .text.ADC_vDisable
                0x00003fc4       0x1c ./MCAL/ADC_prog.o
                0x00003fc4                ADC_vDisable
 .text.ADC_vInterruptEnable
                0x00003fe0       0x1c ./MCAL/ADC_prog.o
                0x00003fe0                ADC_vInterruptEnable
 .text.ADC_vInterruptDisable
                0x00003ffc       0x1c ./MCAL/ADC_prog.o
                0x00003ffc                ADC_vInterruptDisable
 .text.ADC_u8VoltageReference
                0x00004018       0x66 ./MCAL/ADC_prog.o
                0x00004018                ADC_u8VoltageReference
 .text.ADC_u8SetPrescaler
                0x0000407e       0x42 ./MCAL/ADC_prog.o
                0x0000407e                ADC_u8SetPrescaler
 .text.ADC_u8SetAdjustment
                0x000040c0       0x4a ./MCAL/ADC_prog.o
                0x000040c0                ADC_u8SetAdjustment
 .text.ADC_u8SetTriggerSource
                0x0000410a       0x64 ./MCAL/ADC_prog.o
                0x0000410a                ADC_u8SetTriggerSource
 .text.ADC_u8GetResultSync
                0x0000416e      0x12a ./MCAL/ADC_prog.o
                0x0000416e                ADC_u8GetResultSync
 .text.ADC_u8StartConversionAsynch
                0x00004298       0xb4 ./MCAL/ADC_prog.o
                0x00004298                ADC_u8StartConversionAsynch
 .text.ADC_u8StartChainAsynch
                0x0000434c      0x120 ./MCAL/ADC_prog.o
                0x0000434c                ADC_u8StartChainAsynch
 .text.__vector_16
                0x0000446c      0x176 ./MCAL/ADC_prog.o
                0x0000446c                __vector_16
 .text.DIO_enumSetPinDirection
                0x000045e2      0x21e ./MCAL/DIO_program.o
                0x000045e2                DIO_enumSetPinDirection
 .text.DIO_enumWritePinValue
                0x00004800      0x21e ./MCAL/DIO_program.o
                0x00004800                DIO_enumWritePinValue
 .text.DIO_enumReadPinValue
                0x00004a1e      0x18a ./MCAL/DIO_program.o
                0x00004a1e                DIO_enumReadPinValue
 .text.DIO_enumTogglePinValue
                0x00004ba8      0x118 ./MCAL/DIO_program.o
                0x00004ba8                DIO_enumTogglePinValue
 .text.DIO_enumSetPortDirection
                0x00004cc0       0x9a ./MCAL/DIO_program.o
                0x00004cc0                DIO_enumSetPortDirection
 .text.DIO_enumWritePortValue
                0x00004d5a       0x96 ./MCAL/DIO_program.o
                0x00004d5a                DIO_enumWritePortValue
 .text.DIO_enumReadPortValue
                0x00004df0       0xae ./MCAL/DIO_program.o
                0x00004df0                DIO_enumReadPortValue
 .text.DIO_enumTogglePortValue
                0x00004e9e       0xaa ./MCAL/DIO_program.o
                0x00004e9e                DIO_enumTogglePortValue
 .text.DIO_enumConnectPullUp
                0x00004f48      0x2b2 ./MCAL/DIO_program.o
                0x00004f48                DIO_enumConnectPullUp
 .text.DIO_vWriteLowNibble
                0x000051fa       0xf6 ./MCAL/DIO_program.o
                0x000051fa                DIO_vWriteLowNibble
 .text.DIO_vWriteHighNibble
                0x000052f0       0xf8 ./MCAL/DIO_program.o
                0x000052f0                DIO_vWriteHighNibble
 .text.DIO_vSetLowNibbleDir
                0x000053e8       0xf6 ./MCAL/DIO_program.o
                0x000053e8                DIO_vSetLowNibbleDir
 .text.DIO_vSetHighNibbleDir
                0x000054de       0xf8 ./MCAL/DIO_program.o
                0x000054de                DIO_vSetHighNibbleDir
 .text.EEPROM_write
                0x000055d6       0x9c ./MCAL/EEPROM_programe.o
                0x000055d6                EEPROM_write
 .text.EEPROM_read
                0x00005672       0x78 ./MCAL/EEPROM_programe.o
                0x00005672                EEPROM_read
 .text.TWI_vInitMaster
                0x000056ea       0x4e ./MCAL/TWI_prog.o
                0x000056ea                TWI_vInitMaster
 .text.TWI_vInitSlave
                0x00005738       0x3a ./MCAL/TWI_prog.o
                0x00005738                TWI_vInitSlave
 .text.TWI_SendStartCondition
                0x00005772       0x54 ./MCAL/TWI_prog.o
                0x00005772                TWI_SendStartCondition
 .text.TWI_SendRepeatedStart
                0x000057c6       0x54 ./MCAL/TWI_prog.o
                0x000057c6                TWI_SendRepeatedStart
 .text.TWI_SendSlaveAddressWithWrite
                0x0000581a       0x70 ./MCAL/TWI_prog.o
                0x0000581a                TWI_SendSlaveAddressWithWrite
 .text.TWI_SendSlaveAddressWithRead
                0x0000588a       0x70 ./MCAL/TWI_prog.o
                0x0000588a                TWI_SendSlaveAddressWithRead
 .text.TWI_MasterWriteDataByte
                0x000058fa       0x52 ./MCAL/TWI_prog.o
                0x000058fa                TWI_MasterWriteDataByte
 .text.TWI_MasterReadDataByte
                0x0000594c       0x5e ./MCAL/TWI_prog.o
                0x0000594c                TWI_MasterReadDataByte
 .text.TWI_SlaveWriteDataByte
                0x000059aa       0x52 ./MCAL/TWI_prog.o
                0x000059aa                TWI_SlaveWriteDataByte
 .text.TWI_SlaveReadDataByte
                0x000059fc       0x5e ./MCAL/TWI_prog.o
                0x000059fc                TWI_SlaveReadDataByte
 .text.TWI_vSendStopCondition
                0x00005a5a       0x2a ./MCAL/TWI_prog.o
                0x00005a5a                TWI_vSendStopCondition
 .text.main     0x00005a84      0x2be ./main.o
                0x00005a84                main
 .text.libgcc   0x00005d42       0x3e e:/winavr/bin/../lib/gcc/avr/4.3.3/avr5\libgcc.a(_mulsi3.o)
                0x00005d42                __mulsi3
 .text.libgcc   0x00005d80       0x28 e:/winavr/bin/../lib/gcc/avr/4.3.3/avr5\libgcc.a(_udivmodhi4.o)
                0x00005d80                __udivmodhi4
 .text.libgcc   0x00005da8       0x44 e:/winavr/bin/../lib/gcc/avr/4.3.3/avr5\libgcc.a(_udivmodsi4.o)
                0x00005da8                __udivmodsi4
 .text.libgcc   0x00005dec       0x36 e:/winavr/bin/../lib/gcc/avr/4.3.3/avr5\libgcc.a(_divmodsi4.o)
                0x00005dec                __divmodsi4
 .text.libgcc   0x00005e22        0x0 e:/winavr/bin/../lib/gcc/avr/4.3.3/avr5\libgcc.a(_exit.o)
 .text.libgcc   0x00005e22        0x0 e:/winavr/bin/../lib/gcc/avr/4.3.3/avr5\libgcc.a(_copy_data.o)
 .text.libgcc   0x00005e22        0x0 e:/winavr/bin/../lib/gcc/avr/4.3.3/avr5\libgcc.a(_clear_bss.o)
 .text.libgcc   0x00005e22       0x38 e:/winavr/bin/../lib/gcc/avr/4.3.3/avr5\libgcc.a(_prologue.o)
                0x00005e22                __prologue_saves__
 .text.libgcc   0x00005e5a       0x36 e:/winavr/bin/../lib/gcc/avr/4.3.3/avr5\libgcc.a(_epilogue.o)
                0x00005e5a                __epilogue_restores__
                0x00005e90                . = ALIGN (0x2)
 *(.fini9)
 .fini9         0x00005e90        0x0 e:/winavr/bin/../lib/gcc/avr/4.3.3/avr5\libgcc.a(_exit.o)
                0x00005e90                exit
                0x00005e90                _exit
 *(.fini9)
 *(.fini8)
 *(.fini8)
 *(.fini7)
 *(.fini7)
 *(.fini6)
 *(.fini6)
 *(.fini5)
 *(.fini5)
 *(.fini4)
 *(.fini4)
 *(.fini3)
 *(.fini3)
 *(.fini2)
 *(.fini2)
 *(.fini1)
 *(.fini1)
 *(.fini0)
 .fini0         0x00005e90        0x4 e:/winavr/bin/../lib/gcc/avr/4.3.3/avr5\libgcc.a(_exit.o)
 *(.fini0)
                0x00005e94                _etext = .

.data           0x00800060      0x166 load address 0x00005e94
                0x00800060                PROVIDE (__data_start, .)
 *(.data)
 .data          0x00800060        0x0 e:/winavr/bin/../lib/gcc/avr/4.3.3/../../../../avr/lib/avr5/crtm32.o
 .data          0x00800060        0x0 ./hal/BUZ_prog.o
 .data          0x00800060        0x0 ./hal/CLCD_program.o
 .data          0x00800060        0x0 ./hal/DCMOTOR_program.o
 .data          0x00800060        0x0 ./hal/DHT11_prog.o
 .data          0x00800060        0x0 ./hal/IR_prog.o
 .data          0x00800060        0x0 ./hal/KPD_prog.o
 .data          0x00800060        0x0 ./hal/LDR_prog.o
 .data          0x00800060        0x0 ./hal/LED_prog.o
 .data          0x00800060        0x0 ./hal/MQ2_prog.o
 .data          0x00800060        0x0 ./hal/PIR_prog.o
 .data          0x00800060        0x0 ./hal/soil moisture_program.o
 .data          0x00800060        0x0 ./MCAL/ADC_prog.o
 .data          0x00800060        0x0 ./MCAL/DIO_program.o
 .data          0x00800060        0x0 ./MCAL/EEPROM_programe.o
 .data          0x00800060        0x0 ./MCAL/TWI_prog.o
 .data          0x00800060       0x33 ./main.o
 .data          0x00800093        0x0 e:/winavr/bin/../lib/gcc/avr/4.3.3/avr5\libgcc.a(_mulsi3.o)
 .data          0x00800093        0x0 e:/winavr/bin/../lib/gcc/avr/4.3.3/avr5\libgcc.a(_udivmodhi4.o)
 .data          0x00800093        0x0 e:/winavr/bin/../lib/gcc/avr/4.3.3/avr5\libgcc.a(_udivmodsi4.o)
 .data          0x00800093        0x0 e:/winavr/bin/../lib/gcc/avr/4.3.3/avr5\libgcc.a(_divmodsi4.o)
 .data          0x00800093        0x0 e:/winavr/bin/../lib/gcc/avr/4.3.3/avr5\libgcc.a(_exit.o)
 .data          0x00800093        0x0 e:/winavr/bin/../lib/gcc/avr/4.3.3/avr5\libgcc.a(_copy_data.o)
 .data          0x00800093        0x0 e:/winavr/bin/../lib/gcc/avr/4.3.3/avr5\libgcc.a(_clear_bss.o)
 .data          0x00800093        0x0 e:/winavr/bin/../lib/gcc/avr/4.3.3/avr5\libgcc.a(_fixunssfsi.o)
 .data          0x00800093        0x0 e:/winavr/bin/../lib/gcc/avr/4.3.3/avr5\libgcc.a(_fixsfdi.o)
 .data          0x00800093        0x0 e:/winavr/bin/../lib/gcc/avr/4.3.3/avr5\libgcc.a(_fixunssfdi.o)
 .data          0x00800093        0x0 e:/winavr/bin/../lib/gcc/avr/4.3.3/avr5\libgcc.a(_addsub_sf.o)
 .data          0x00800093        0x0 e:/winavr/bin/../lib/gcc/avr/4.3.3/avr5\libgcc.a(_mul_sf.o)
 .data          0x00800093        0x0 e:/winavr/bin/../lib/gcc/avr/4.3.3/avr5\libgcc.a(_div_sf.o)
 .data          0x00800093        0x0 e:/winavr/bin/../lib/gcc/avr/4.3.3/avr5\libgcc.a(_gt_sf.o)
 .data          0x00800093        0x0 e:/winavr/bin/../lib/gcc/avr/4.3.3/avr5\libgcc.a(_ge_sf.o)
 .data          0x00800093        0x0 e:/winavr/bin/../lib/gcc/avr/4.3.3/avr5\libgcc.a(_lt_sf.o)
 .data          0x00800093        0x0 e:/winavr/bin/../lib/gcc/avr/4.3.3/avr5\libgcc.a(_si_to_sf.o)
 .data          0x00800093        0x0 e:/winavr/bin/../lib/gcc/avr/4.3.3/avr5\libgcc.a(_sf_to_si.o)
 .data          0x00800093        0x8 e:/winavr/bin/../lib/gcc/avr/4.3.3/avr5\libgcc.a(_thenan_sf.o)
                0x00800093                __thenan_sf
 .data          0x0080009b        0x0 e:/winavr/bin/../lib/gcc/avr/4.3.3/avr5\libgcc.a(_usi_to_sf.o)
 .data          0x0080009b        0x0 e:/winavr/bin/../lib/gcc/avr/4.3.3/avr5\libgcc.a(_prologue.o)
 .data          0x0080009b        0x0 e:/winavr/bin/../lib/gcc/avr/4.3.3/avr5\libgcc.a(_epilogue.o)
 .data          0x0080009b        0x0 e:/winavr/bin/../lib/gcc/avr/4.3.3/avr5\libgcc.a(_ashldi3.o)
 .data          0x0080009b        0x0 e:/winavr/bin/../lib/gcc/avr/4.3.3/avr5\libgcc.a(_clzsi2.o)
 .data          0x0080009b        0x0 e:/winavr/bin/../lib/gcc/avr/4.3.3/avr5\libgcc.a(_pack_sf.o)
 .data          0x0080009b        0x0 e:/winavr/bin/../lib/gcc/avr/4.3.3/avr5\libgcc.a(_unpack_sf.o)
 .data          0x0080009b        0x0 e:/winavr/bin/../lib/gcc/avr/4.3.3/avr5\libgcc.a(_fpcmp_parts_sf.o)
 .data          0x0080009b      0x100 e:/winavr/bin/../lib/gcc/avr/4.3.3/avr5\libgcc.a(_clz.o)
                0x0080009b                __clz_tab
 *(.data*)
 .data.CLCD_u8ExtraChar
                0x0080019b       0x18 ./hal/CLCD_program.o
                0x0080019b                CLCD_u8ExtraChar
 .data.KPD_u8Buttons
                0x008001b3       0x10 ./hal/KPD_prog.o
                0x008001b3                KPD_u8Buttons
 *(.rodata)
 *(.rodata*)
 .rodata.C.0.1402
                0x008001c3        0x3 ./main.o
 *(.gnu.linkonce.d*)
                0x008001c6                . = ALIGN (0x2)
                0x008001c6                _edata = .
                0x008001c6                PROVIDE (__data_end, .)

.bss            0x008001c6       0x10
                0x008001c6                PROVIDE (__bss_start, .)
 *(.bss)
 .bss           0x008001c6        0x0 e:/winavr/bin/../lib/gcc/avr/4.3.3/../../../../avr/lib/avr5/crtm32.o
 .bss           0x008001c6        0x0 ./hal/BUZ_prog.o
 .bss           0x008001c6        0x0 ./hal/CLCD_program.o
 .bss           0x008001c6        0x0 ./hal/DCMOTOR_program.o
 .bss           0x008001c6        0x0 ./hal/DHT11_prog.o
 .bss           0x008001c6        0x0 ./hal/IR_prog.o
 .bss           0x008001c6        0x0 ./hal/KPD_prog.o
 .bss           0x008001c6        0x0 ./hal/LDR_prog.o
 .bss           0x008001c6        0x0 ./hal/LED_prog.o
 .bss           0x008001c6        0x0 ./hal/MQ2_prog.o
 .bss           0x008001c6        0x0 ./hal/PIR_prog.o
 .bss           0x008001c6        0x0 ./hal/soil moisture_program.o
 .bss           0x008001c6        0x0 ./MCAL/ADC_prog.o
 .bss           0x008001c6        0x0 ./MCAL/DIO_program.o
 .bss           0x008001c6        0x0 ./MCAL/EEPROM_programe.o
 .bss           0x008001c6        0x0 ./MCAL/TWI_prog.o
 .bss           0x008001c6        0x0 ./main.o
 .bss           0x008001c6        0x0 e:/winavr/bin/../lib/gcc/avr/4.3.3/avr5\libgcc.a(_mulsi3.o)
 .bss           0x008001c6        0x0 e:/winavr/bin/../lib/gcc/avr/4.3.3/avr5\libgcc.a(_udivmodhi4.o)
 .bss           0x008001c6        0x0 e:/winavr/bin/../lib/gcc/avr/4.3.3/avr5\libgcc.a(_udivmodsi4.o)
 .bss           0x008001c6        0x0 e:/winavr/bin/../lib/gcc/avr/4.3.3/avr5\libgcc.a(_divmodsi4.o)
 .bss           0x008001c6        0x0 e:/winavr/bin/../lib/gcc/avr/4.3.3/avr5\libgcc.a(_exit.o)
 .bss           0x008001c6        0x0 e:/winavr/bin/../lib/gcc/avr/4.3.3/avr5\libgcc.a(_copy_data.o)
 .bss           0x008001c6        0x0 e:/winavr/bin/../lib/gcc/avr/4.3.3/avr5\libgcc.a(_clear_bss.o)
 .bss           0x008001c6        0x0 e:/winavr/bin/../lib/gcc/avr/4.3.3/avr5\libgcc.a(_fixunssfsi.o)
 .bss           0x008001c6        0x0 e:/winavr/bin/../lib/gcc/avr/4.3.3/avr5\libgcc.a(_fixsfdi.o)
 .bss           0x008001c6        0x0 e:/winavr/bin/../lib/gcc/avr/4.3.3/avr5\libgcc.a(_fixunssfdi.o)
 .bss           0x008001c6        0x0 e:/winavr/bin/../lib/gcc/avr/4.3.3/avr5\libgcc.a(_addsub_sf.o)
 .bss           0x008001c6        0x0 e:/winavr/bin/../lib/gcc/avr/4.3.3/avr5\libgcc.a(_mul_sf.o)
 .bss           0x008001c6        0x0 e:/winavr/bin/../lib/gcc/avr/4.3.3/avr5\libgcc.a(_div_sf.o)
 .bss           0x008001c6        0x0 e:/winavr/bin/../lib/gcc/avr/4.3.3/avr5\libgcc.a(_gt_sf.o)
 .bss           0x008001c6        0x0 e:/winavr/bin/../lib/gcc/avr/4.3.3/avr5\libgcc.a(_ge_sf.o)
 .bss           0x008001c6        0x0 e:/winavr/bin/../lib/gcc/avr/4.3.3/avr5\libgcc.a(_lt_sf.o)
 .bss           0x008001c6        0x0 e:/winavr/bin/../lib/gcc/avr/4.3.3/avr5\libgcc.a(_si_to_sf.o)
 .bss           0x008001c6        0x0 e:/winavr/bin/../lib/gcc/avr/4.3.3/avr5\libgcc.a(_sf_to_si.o)
 .bss           0x008001c6        0x0 e:/winavr/bin/../lib/gcc/avr/4.3.3/avr5\libgcc.a(_thenan_sf.o)
 .bss           0x008001c6        0x0 e:/winavr/bin/../lib/gcc/avr/4.3.3/avr5\libgcc.a(_usi_to_sf.o)
 .bss           0x008001c6        0x0 e:/winavr/bin/../lib/gcc/avr/4.3.3/avr5\libgcc.a(_prologue.o)
 .bss           0x008001c6        0x0 e:/winavr/bin/../lib/gcc/avr/4.3.3/avr5\libgcc.a(_epilogue.o)
 .bss           0x008001c6        0x0 e:/winavr/bin/../lib/gcc/avr/4.3.3/avr5\libgcc.a(_ashldi3.o)
 .bss           0x008001c6        0x0 e:/winavr/bin/../lib/gcc/avr/4.3.3/avr5\libgcc.a(_clzsi2.o)
 .bss           0x008001c6        0x0 e:/winavr/bin/../lib/gcc/avr/4.3.3/avr5\libgcc.a(_pack_sf.o)
 .bss           0x008001c6        0x0 e:/winavr/bin/../lib/gcc/avr/4.3.3/avr5\libgcc.a(_unpack_sf.o)
 .bss           0x008001c6        0x0 e:/winavr/bin/../lib/gcc/avr/4.3.3/avr5\libgcc.a(_fpcmp_parts_sf.o)
 .bss           0x008001c6        0x0 e:/winavr/bin/../lib/gcc/avr/4.3.3/avr5\libgcc.a(_clz.o)
 *(.bss*)
 .bss.PIR_pvNotificationFunc
                0x008001c6        0x2 ./hal/PIR_prog.o
 .bss.PIR_u32LastDetectionTime
                0x008001c8        0x4 ./hal/PIR_prog.o
 .bss.ADC_pu16AsynchConversionResult
                0x008001cc        0x2 ./MCAL/ADC_prog.o
 .bss.ADC_pvNotificationFunc
                0x008001ce        0x2 ./MCAL/ADC_prog.o
 .bss.ADC_u8State
                0x008001d0        0x1 ./MCAL/ADC_prog.o
 .bss.ADC_u8ISRState
                0x008001d1        0x1 ./MCAL/ADC_prog.o
 .bss.ADC_pu8ChainChannel
                0x008001d2        0x2 ./MCAL/ADC_prog.o
 .bss.ADC_u8ChainSize
                0x008001d4        0x1 ./MCAL/ADC_prog.o
 .bss.ADC_u8Index
                0x008001d5        0x1 ./MCAL/ADC_prog.o
 *(COMMON)
                0x008001d6                PROVIDE (__bss_end, .)
                0x00005e94                __data_load_start = LOADADDR (.data)
                0x00005ffa                __data_load_end = (__data_load_start + SIZEOF (.data))

.noinit         0x008001d6        0x0
                0x008001d6                PROVIDE (__noinit_start, .)
 *(.noinit*)
                0x008001d6                PROVIDE (__noinit_end, .)
                0x008001d6                _end = .
                0x008001d6                PROVIDE (__heap_start, .)

.eeprom         0x00810000        0x0
 *(.eeprom*)
                0x00810000                __eeprom_end = .

.fuse
 *(.fuse)
 *(.lfuse)
 *(.hfuse)
 *(.efuse)

.lock
 *(.lock*)

.signature
 *(.signature*)

.stab           0x00000000     0x63e4
 *(.stab)
 .stab          0x00000000      0x300 ./hal/BUZ_prog.o
 .stab          0x00000300     0x10b0 ./hal/CLCD_program.o
                               0x1164 (size before relaxing)
 .stab          0x000013b0      0x270 ./hal/DCMOTOR_program.o
                                0x2a0 (size before relaxing)
 .stab          0x00001620      0xcf0 ./hal/DHT11_prog.o
                                0xf30 (size before relaxing)
 .stab          0x00002310      0x294 ./hal/IR_prog.o
                                0x348 (size before relaxing)
 .stab          0x000025a4      0x36c ./hal/KPD_prog.o
                                0x5ac (size before relaxing)
 .stab          0x00002910      0x3d8 ./hal/LDR_prog.o
                                0x468 (size before relaxing)
 .stab          0x00002ce8      0x24c ./hal/LED_prog.o
                                0x300 (size before relaxing)
 .stab          0x00002f34      0x63c ./hal/MQ2_prog.o
                                0x6e4 (size before relaxing)
 .stab          0x00003570      0x2dc ./hal/PIR_prog.o
                                0x390 (size before relaxing)
 .stab          0x0000384c      0x3f0 ./hal/soil moisture_program.o
                                0x498 (size before relaxing)
 .stab          0x00003c3c      0xa44 ./MCAL/ADC_prog.o
                                0xa50 (size before relaxing)
 .stab          0x00004680      0xe1c ./MCAL/DIO_program.o
                                0xeac (size before relaxing)
 .stab          0x0000549c      0x33c ./MCAL/EEPROM_programe.o
                                0x4c8 (size before relaxing)
 .stab          0x000057d8      0x774 ./MCAL/TWI_prog.o
                                0x804 (size before relaxing)
 .stab          0x00005f4c      0x498 ./main.o
                                0x66c (size before relaxing)

.stabstr        0x00000000     0x25fd
 *(.stabstr)
 .stabstr       0x00000000     0x25fd ./hal/BUZ_prog.o

.stab.excl
 *(.stab.excl)

.stab.exclstr
 *(.stab.exclstr)

.stab.index
 *(.stab.index)

.stab.indexstr
 *(.stab.indexstr)

.comment
 *(.comment)

.debug
 *(.debug)

.line
 *(.line)

.debug_srcinfo
 *(.debug_srcinfo)

.debug_sfnames
 *(.debug_sfnames)

.debug_aranges  0x00000000      0x220
 *(.debug_aranges)
 .debug_aranges
                0x00000000       0x20 e:/winavr/bin/../lib/gcc/avr/4.3.3/avr5\libgcc.a(_fixunssfsi.o)
 .debug_aranges
                0x00000020       0x20 e:/winavr/bin/../lib/gcc/avr/4.3.3/avr5\libgcc.a(_fixsfdi.o)
 .debug_aranges
                0x00000040       0x20 e:/winavr/bin/../lib/gcc/avr/4.3.3/avr5\libgcc.a(_fixunssfdi.o)
 .debug_aranges
                0x00000060       0x20 e:/winavr/bin/../lib/gcc/avr/4.3.3/avr5\libgcc.a(_addsub_sf.o)
 .debug_aranges
                0x00000080       0x20 e:/winavr/bin/../lib/gcc/avr/4.3.3/avr5\libgcc.a(_mul_sf.o)
 .debug_aranges
                0x000000a0       0x20 e:/winavr/bin/../lib/gcc/avr/4.3.3/avr5\libgcc.a(_div_sf.o)
 .debug_aranges
                0x000000c0       0x20 e:/winavr/bin/../lib/gcc/avr/4.3.3/avr5\libgcc.a(_gt_sf.o)
 .debug_aranges
                0x000000e0       0x20 e:/winavr/bin/../lib/gcc/avr/4.3.3/avr5\libgcc.a(_ge_sf.o)
 .debug_aranges
                0x00000100       0x20 e:/winavr/bin/../lib/gcc/avr/4.3.3/avr5\libgcc.a(_lt_sf.o)
 .debug_aranges
                0x00000120       0x20 e:/winavr/bin/../lib/gcc/avr/4.3.3/avr5\libgcc.a(_si_to_sf.o)
 .debug_aranges
                0x00000140       0x20 e:/winavr/bin/../lib/gcc/avr/4.3.3/avr5\libgcc.a(_sf_to_si.o)
 .debug_aranges
                0x00000160       0x20 e:/winavr/bin/../lib/gcc/avr/4.3.3/avr5\libgcc.a(_usi_to_sf.o)
 .debug_aranges
                0x00000180       0x20 e:/winavr/bin/../lib/gcc/avr/4.3.3/avr5\libgcc.a(_ashldi3.o)
 .debug_aranges
                0x000001a0       0x20 e:/winavr/bin/../lib/gcc/avr/4.3.3/avr5\libgcc.a(_clzsi2.o)
 .debug_aranges
                0x000001c0       0x20 e:/winavr/bin/../lib/gcc/avr/4.3.3/avr5\libgcc.a(_pack_sf.o)
 .debug_aranges
                0x000001e0       0x20 e:/winavr/bin/../lib/gcc/avr/4.3.3/avr5\libgcc.a(_unpack_sf.o)
 .debug_aranges
                0x00000200       0x20 e:/winavr/bin/../lib/gcc/avr/4.3.3/avr5\libgcc.a(_fpcmp_parts_sf.o)

.debug_pubnames
                0x00000000      0x277
 *(.debug_pubnames)
 .debug_pubnames
                0x00000000       0x23 e:/winavr/bin/../lib/gcc/avr/4.3.3/avr5\libgcc.a(_fixunssfsi.o)
 .debug_pubnames
                0x00000023       0x20 e:/winavr/bin/../lib/gcc/avr/4.3.3/avr5\libgcc.a(_fixsfdi.o)
 .debug_pubnames
                0x00000043       0x23 e:/winavr/bin/../lib/gcc/avr/4.3.3/avr5\libgcc.a(_fixunssfdi.o)
 .debug_pubnames
                0x00000066       0x2c e:/winavr/bin/../lib/gcc/avr/4.3.3/avr5\libgcc.a(_addsub_sf.o)
 .debug_pubnames
                0x00000092       0x1f e:/winavr/bin/../lib/gcc/avr/4.3.3/avr5\libgcc.a(_mul_sf.o)
 .debug_pubnames
                0x000000b1       0x1f e:/winavr/bin/../lib/gcc/avr/4.3.3/avr5\libgcc.a(_div_sf.o)
 .debug_pubnames
                0x000000d0       0x1e e:/winavr/bin/../lib/gcc/avr/4.3.3/avr5\libgcc.a(_gt_sf.o)
 .debug_pubnames
                0x000000ee       0x1e e:/winavr/bin/../lib/gcc/avr/4.3.3/avr5\libgcc.a(_ge_sf.o)
 .debug_pubnames
                0x0000010c       0x1e e:/winavr/bin/../lib/gcc/avr/4.3.3/avr5\libgcc.a(_lt_sf.o)
 .debug_pubnames
                0x0000012a       0x22 e:/winavr/bin/../lib/gcc/avr/4.3.3/avr5\libgcc.a(_si_to_sf.o)
 .debug_pubnames
                0x0000014c       0x20 e:/winavr/bin/../lib/gcc/avr/4.3.3/avr5\libgcc.a(_sf_to_si.o)
 .debug_pubnames
                0x0000016c       0x22 e:/winavr/bin/../lib/gcc/avr/4.3.3/avr5\libgcc.a(_thenan_sf.o)
 .debug_pubnames
                0x0000018e       0x24 e:/winavr/bin/../lib/gcc/avr/4.3.3/avr5\libgcc.a(_usi_to_sf.o)
 .debug_pubnames
                0x000001b2       0x20 e:/winavr/bin/../lib/gcc/avr/4.3.3/avr5\libgcc.a(_ashldi3.o)
 .debug_pubnames
                0x000001d2       0x1f e:/winavr/bin/../lib/gcc/avr/4.3.3/avr5\libgcc.a(_clzsi2.o)
 .debug_pubnames
                0x000001f1       0x1f e:/winavr/bin/../lib/gcc/avr/4.3.3/avr5\libgcc.a(_pack_sf.o)
 .debug_pubnames
                0x00000210       0x21 e:/winavr/bin/../lib/gcc/avr/4.3.3/avr5\libgcc.a(_unpack_sf.o)
 .debug_pubnames
                0x00000231       0x26 e:/winavr/bin/../lib/gcc/avr/4.3.3/avr5\libgcc.a(_fpcmp_parts_sf.o)
 .debug_pubnames
                0x00000257       0x20 e:/winavr/bin/../lib/gcc/avr/4.3.3/avr5\libgcc.a(_clz.o)

.debug_info     0x00000000     0x2953
 *(.debug_info)
 .debug_info    0x00000000       0xb1 e:/winavr/bin/../lib/gcc/avr/4.3.3/avr5\libgcc.a(_fixunssfsi.o)
 .debug_info    0x000000b1       0xb1 e:/winavr/bin/../lib/gcc/avr/4.3.3/avr5\libgcc.a(_fixsfdi.o)
 .debug_info    0x00000162      0x111 e:/winavr/bin/../lib/gcc/avr/4.3.3/avr5\libgcc.a(_fixunssfdi.o)
 .debug_info    0x00000273      0x47a e:/winavr/bin/../lib/gcc/avr/4.3.3/avr5\libgcc.a(_addsub_sf.o)
 .debug_info    0x000006ed      0x485 e:/winavr/bin/../lib/gcc/avr/4.3.3/avr5\libgcc.a(_mul_sf.o)
 .debug_info    0x00000b72      0x3fc e:/winavr/bin/../lib/gcc/avr/4.3.3/avr5\libgcc.a(_div_sf.o)
 .debug_info    0x00000f6e      0x27f e:/winavr/bin/../lib/gcc/avr/4.3.3/avr5\libgcc.a(_gt_sf.o)
 .debug_info    0x000011ed      0x27f e:/winavr/bin/../lib/gcc/avr/4.3.3/avr5\libgcc.a(_ge_sf.o)
 .debug_info    0x0000146c      0x27f e:/winavr/bin/../lib/gcc/avr/4.3.3/avr5\libgcc.a(_lt_sf.o)
 .debug_info    0x000016eb      0x207 e:/winavr/bin/../lib/gcc/avr/4.3.3/avr5\libgcc.a(_si_to_sf.o)
 .debug_info    0x000018f2      0x2b0 e:/winavr/bin/../lib/gcc/avr/4.3.3/avr5\libgcc.a(_sf_to_si.o)
 .debug_info    0x00001ba2      0x12c e:/winavr/bin/../lib/gcc/avr/4.3.3/avr5\libgcc.a(_thenan_sf.o)
 .debug_info    0x00001cce      0x206 e:/winavr/bin/../lib/gcc/avr/4.3.3/avr5\libgcc.a(_usi_to_sf.o)
 .debug_info    0x00001ed4      0x17f e:/winavr/bin/../lib/gcc/avr/4.3.3/avr5\libgcc.a(_ashldi3.o)
 .debug_info    0x00002053      0x117 e:/winavr/bin/../lib/gcc/avr/4.3.3/avr5\libgcc.a(_clzsi2.o)
 .debug_info    0x0000216a      0x2df e:/winavr/bin/../lib/gcc/avr/4.3.3/avr5\libgcc.a(_pack_sf.o)
 .debug_info    0x00002449      0x251 e:/winavr/bin/../lib/gcc/avr/4.3.3/avr5\libgcc.a(_unpack_sf.o)
 .debug_info    0x0000269a      0x210 e:/winavr/bin/../lib/gcc/avr/4.3.3/avr5\libgcc.a(_fpcmp_parts_sf.o)
 .debug_info    0x000028aa       0xa9 e:/winavr/bin/../lib/gcc/avr/4.3.3/avr5\libgcc.a(_clz.o)
 *(.gnu.linkonce.wi.*)

.debug_abbrev   0x00000000     0x16b7
 *(.debug_abbrev)
 .debug_abbrev  0x00000000       0x5d e:/winavr/bin/../lib/gcc/avr/4.3.3/avr5\libgcc.a(_fixunssfsi.o)
 .debug_abbrev  0x0000005d       0x5d e:/winavr/bin/../lib/gcc/avr/4.3.3/avr5\libgcc.a(_fixsfdi.o)
 .debug_abbrev  0x000000ba       0x9e e:/winavr/bin/../lib/gcc/avr/4.3.3/avr5\libgcc.a(_fixunssfdi.o)
 .debug_abbrev  0x00000158      0x1ea e:/winavr/bin/../lib/gcc/avr/4.3.3/avr5\libgcc.a(_addsub_sf.o)
 .debug_abbrev  0x00000342      0x21b e:/winavr/bin/../lib/gcc/avr/4.3.3/avr5\libgcc.a(_mul_sf.o)
 .debug_abbrev  0x0000055d      0x216 e:/winavr/bin/../lib/gcc/avr/4.3.3/avr5\libgcc.a(_div_sf.o)
 .debug_abbrev  0x00000773      0x15a e:/winavr/bin/../lib/gcc/avr/4.3.3/avr5\libgcc.a(_gt_sf.o)
 .debug_abbrev  0x000008cd      0x15a e:/winavr/bin/../lib/gcc/avr/4.3.3/avr5\libgcc.a(_ge_sf.o)
 .debug_abbrev  0x00000a27      0x15a e:/winavr/bin/../lib/gcc/avr/4.3.3/avr5\libgcc.a(_lt_sf.o)
 .debug_abbrev  0x00000b81      0x148 e:/winavr/bin/../lib/gcc/avr/4.3.3/avr5\libgcc.a(_si_to_sf.o)
 .debug_abbrev  0x00000cc9      0x17f e:/winavr/bin/../lib/gcc/avr/4.3.3/avr5\libgcc.a(_sf_to_si.o)
 .debug_abbrev  0x00000e48       0xad e:/winavr/bin/../lib/gcc/avr/4.3.3/avr5\libgcc.a(_thenan_sf.o)
 .debug_abbrev  0x00000ef5      0x157 e:/winavr/bin/../lib/gcc/avr/4.3.3/avr5\libgcc.a(_usi_to_sf.o)
 .debug_abbrev  0x0000104c       0xee e:/winavr/bin/../lib/gcc/avr/4.3.3/avr5\libgcc.a(_ashldi3.o)
 .debug_abbrev  0x0000113a       0xc4 e:/winavr/bin/../lib/gcc/avr/4.3.3/avr5\libgcc.a(_clzsi2.o)
 .debug_abbrev  0x000011fe      0x1c0 e:/winavr/bin/../lib/gcc/avr/4.3.3/avr5\libgcc.a(_pack_sf.o)
 .debug_abbrev  0x000013be      0x154 e:/winavr/bin/../lib/gcc/avr/4.3.3/avr5\libgcc.a(_unpack_sf.o)
 .debug_abbrev  0x00001512      0x13b e:/winavr/bin/../lib/gcc/avr/4.3.3/avr5\libgcc.a(_fpcmp_parts_sf.o)
 .debug_abbrev  0x0000164d       0x6a e:/winavr/bin/../lib/gcc/avr/4.3.3/avr5\libgcc.a(_clz.o)

.debug_line     0x00000000     0x1570
 *(.debug_line)
 .debug_line    0x00000000       0xa7 e:/winavr/bin/../lib/gcc/avr/4.3.3/avr5\libgcc.a(_fixunssfsi.o)
 .debug_line    0x000000a7       0xa7 e:/winavr/bin/../lib/gcc/avr/4.3.3/avr5\libgcc.a(_fixsfdi.o)
 .debug_line    0x0000014e       0xe7 e:/winavr/bin/../lib/gcc/avr/4.3.3/avr5\libgcc.a(_fixunssfdi.o)
 .debug_line    0x00000235      0x2af e:/winavr/bin/../lib/gcc/avr/4.3.3/avr5\libgcc.a(_addsub_sf.o)
 .debug_line    0x000004e4      0x239 e:/winavr/bin/../lib/gcc/avr/4.3.3/avr5\libgcc.a(_mul_sf.o)
 .debug_line    0x0000071d      0x1d5 e:/winavr/bin/../lib/gcc/avr/4.3.3/avr5\libgcc.a(_div_sf.o)
 .debug_line    0x000008f2       0xd3 e:/winavr/bin/../lib/gcc/avr/4.3.3/avr5\libgcc.a(_gt_sf.o)
 .debug_line    0x000009c5       0xd3 e:/winavr/bin/../lib/gcc/avr/4.3.3/avr5\libgcc.a(_ge_sf.o)
 .debug_line    0x00000a98       0xd3 e:/winavr/bin/../lib/gcc/avr/4.3.3/avr5\libgcc.a(_lt_sf.o)
 .debug_line    0x00000b6b      0x135 e:/winavr/bin/../lib/gcc/avr/4.3.3/avr5\libgcc.a(_si_to_sf.o)
 .debug_line    0x00000ca0      0x109 e:/winavr/bin/../lib/gcc/avr/4.3.3/avr5\libgcc.a(_sf_to_si.o)
 .debug_line    0x00000da9       0x90 e:/winavr/bin/../lib/gcc/avr/4.3.3/avr5\libgcc.a(_thenan_sf.o)
 .debug_line    0x00000e39      0x133 e:/winavr/bin/../lib/gcc/avr/4.3.3/avr5\libgcc.a(_usi_to_sf.o)
 .debug_line    0x00000f6c       0xd7 e:/winavr/bin/../lib/gcc/avr/4.3.3/avr5\libgcc.a(_ashldi3.o)
 .debug_line    0x00001043       0xa5 e:/winavr/bin/../lib/gcc/avr/4.3.3/avr5\libgcc.a(_clzsi2.o)
 .debug_line    0x000010e8      0x18a e:/winavr/bin/../lib/gcc/avr/4.3.3/avr5\libgcc.a(_pack_sf.o)
 .debug_line    0x00001272      0x14b e:/winavr/bin/../lib/gcc/avr/4.3.3/avr5\libgcc.a(_unpack_sf.o)
 .debug_line    0x000013bd      0x137 e:/winavr/bin/../lib/gcc/avr/4.3.3/avr5\libgcc.a(_fpcmp_parts_sf.o)
 .debug_line    0x000014f4       0x7c e:/winavr/bin/../lib/gcc/avr/4.3.3/avr5\libgcc.a(_clz.o)

.debug_frame    0x00000000      0x240
 *(.debug_frame)
 .debug_frame   0x00000000       0x20 e:/winavr/bin/../lib/gcc/avr/4.3.3/avr5\libgcc.a(_fixunssfsi.o)
 .debug_frame   0x00000020       0x20 e:/winavr/bin/../lib/gcc/avr/4.3.3/avr5\libgcc.a(_fixsfdi.o)
 .debug_frame   0x00000040       0x20 e:/winavr/bin/../lib/gcc/avr/4.3.3/avr5\libgcc.a(_fixunssfdi.o)
 .debug_frame   0x00000060       0x40 e:/winavr/bin/../lib/gcc/avr/4.3.3/avr5\libgcc.a(_addsub_sf.o)
 .debug_frame   0x000000a0       0x20 e:/winavr/bin/../lib/gcc/avr/4.3.3/avr5\libgcc.a(_mul_sf.o)
 .debug_frame   0x000000c0       0x20 e:/winavr/bin/../lib/gcc/avr/4.3.3/avr5\libgcc.a(_div_sf.o)
 .debug_frame   0x000000e0       0x20 e:/winavr/bin/../lib/gcc/avr/4.3.3/avr5\libgcc.a(_gt_sf.o)
 .debug_frame   0x00000100       0x20 e:/winavr/bin/../lib/gcc/avr/4.3.3/avr5\libgcc.a(_ge_sf.o)
 .debug_frame   0x00000120       0x20 e:/winavr/bin/../lib/gcc/avr/4.3.3/avr5\libgcc.a(_lt_sf.o)
 .debug_frame   0x00000140       0x20 e:/winavr/bin/../lib/gcc/avr/4.3.3/avr5\libgcc.a(_si_to_sf.o)
 .debug_frame   0x00000160       0x20 e:/winavr/bin/../lib/gcc/avr/4.3.3/avr5\libgcc.a(_sf_to_si.o)
 .debug_frame   0x00000180       0x20 e:/winavr/bin/../lib/gcc/avr/4.3.3/avr5\libgcc.a(_usi_to_sf.o)
 .debug_frame   0x000001a0       0x20 e:/winavr/bin/../lib/gcc/avr/4.3.3/avr5\libgcc.a(_ashldi3.o)
 .debug_frame   0x000001c0       0x20 e:/winavr/bin/../lib/gcc/avr/4.3.3/avr5\libgcc.a(_clzsi2.o)
 .debug_frame   0x000001e0       0x20 e:/winavr/bin/../lib/gcc/avr/4.3.3/avr5\libgcc.a(_pack_sf.o)
 .debug_frame   0x00000200       0x20 e:/winavr/bin/../lib/gcc/avr/4.3.3/avr5\libgcc.a(_unpack_sf.o)
 .debug_frame   0x00000220       0x20 e:/winavr/bin/../lib/gcc/avr/4.3.3/avr5\libgcc.a(_fpcmp_parts_sf.o)

.debug_str      0x00000000      0x36b
 *(.debug_str)
 .debug_str     0x00000000       0xbf e:/winavr/bin/../lib/gcc/avr/4.3.3/avr5\libgcc.a(_fixunssfsi.o)
                                 0xfe (size before relaxing)
 .debug_str     0x000000bf        0xa e:/winavr/bin/../lib/gcc/avr/4.3.3/avr5\libgcc.a(_fixsfdi.o)
                                 0xfa (size before relaxing)
 .debug_str     0x000000c9       0x2c e:/winavr/bin/../lib/gcc/avr/4.3.3/avr5\libgcc.a(_fixunssfdi.o)
                                0x11d (size before relaxing)
 .debug_str     0x000000f5      0x14d e:/winavr/bin/../lib/gcc/avr/4.3.3/avr5\libgcc.a(_addsub_sf.o)
                                0x206 (size before relaxing)
 .debug_str     0x00000242       0x27 e:/winavr/bin/../lib/gcc/avr/4.3.3/avr5\libgcc.a(_mul_sf.o)
                                0x1bf (size before relaxing)
 .debug_str     0x00000269       0x35 e:/winavr/bin/../lib/gcc/avr/4.3.3/avr5\libgcc.a(_div_sf.o)
                                0x1c8 (size before relaxing)
 .debug_str     0x0000029e        0x8 e:/winavr/bin/../lib/gcc/avr/4.3.3/avr5\libgcc.a(_gt_sf.o)
                                0x195 (size before relaxing)
 .debug_str     0x000002a6        0x8 e:/winavr/bin/../lib/gcc/avr/4.3.3/avr5\libgcc.a(_ge_sf.o)
                                0x195 (size before relaxing)
 .debug_str     0x000002ae        0x8 e:/winavr/bin/../lib/gcc/avr/4.3.3/avr5\libgcc.a(_lt_sf.o)
                                0x195 (size before relaxing)
 .debug_str     0x000002b6       0x18 e:/winavr/bin/../lib/gcc/avr/4.3.3/avr5\libgcc.a(_si_to_sf.o)
                                0x17b (size before relaxing)
 .debug_str     0x000002ce        0xa e:/winavr/bin/../lib/gcc/avr/4.3.3/avr5\libgcc.a(_sf_to_si.o)
                                0x19e (size before relaxing)
 .debug_str     0x00000000      0x103 e:/winavr/bin/../lib/gcc/avr/4.3.3/avr5\libgcc.a(_thenan_sf.o)
 .debug_str     0x000002d8       0x14 e:/winavr/bin/../lib/gcc/avr/4.3.3/avr5\libgcc.a(_usi_to_sf.o)
                                0x177 (size before relaxing)
 .debug_str     0x000002ec       0x34 e:/winavr/bin/../lib/gcc/avr/4.3.3/avr5\libgcc.a(_ashldi3.o)
                                0x131 (size before relaxing)
 .debug_str     0x00000320       0x20 e:/winavr/bin/../lib/gcc/avr/4.3.3/avr5\libgcc.a(_clzsi2.o)
                                0x111 (size before relaxing)
 .debug_str     0x00000340       0x10 e:/winavr/bin/../lib/gcc/avr/4.3.3/avr5\libgcc.a(_pack_sf.o)
                                0x19d (size before relaxing)
 .debug_str     0x00000350        0xb e:/winavr/bin/../lib/gcc/avr/4.3.3/avr5\libgcc.a(_unpack_sf.o)
                                0x17f (size before relaxing)
 .debug_str     0x0000035b       0x10 e:/winavr/bin/../lib/gcc/avr/4.3.3/avr5\libgcc.a(_fpcmp_parts_sf.o)
                                0x163 (size before relaxing)
 .debug_str     0x00000000       0xf4 e:/winavr/bin/../lib/gcc/avr/4.3.3/avr5\libgcc.a(_clz.o)

.debug_loc      0x00000000      0xbf0
 *(.debug_loc)
 .debug_loc     0x00000000       0x34 e:/winavr/bin/../lib/gcc/avr/4.3.3/avr5\libgcc.a(_fixunssfsi.o)
 .debug_loc     0x00000034       0x4a e:/winavr/bin/../lib/gcc/avr/4.3.3/avr5\libgcc.a(_fixsfdi.o)
 .debug_loc     0x0000007e       0x94 e:/winavr/bin/../lib/gcc/avr/4.3.3/avr5\libgcc.a(_fixunssfdi.o)
 .debug_loc     0x00000112      0x32a e:/winavr/bin/../lib/gcc/avr/4.3.3/avr5\libgcc.a(_addsub_sf.o)
 .debug_loc     0x0000043c      0x104 e:/winavr/bin/../lib/gcc/avr/4.3.3/avr5\libgcc.a(_mul_sf.o)
 .debug_loc     0x00000540       0xc0 e:/winavr/bin/../lib/gcc/avr/4.3.3/avr5\libgcc.a(_div_sf.o)
 .debug_loc     0x00000600       0x3c e:/winavr/bin/../lib/gcc/avr/4.3.3/avr5\libgcc.a(_gt_sf.o)
 .debug_loc     0x0000063c       0x3c e:/winavr/bin/../lib/gcc/avr/4.3.3/avr5\libgcc.a(_ge_sf.o)
 .debug_loc     0x00000678       0x3c e:/winavr/bin/../lib/gcc/avr/4.3.3/avr5\libgcc.a(_lt_sf.o)
 .debug_loc     0x000006b4       0xac e:/winavr/bin/../lib/gcc/avr/4.3.3/avr5\libgcc.a(_si_to_sf.o)
 .debug_loc     0x00000760       0x7e e:/winavr/bin/../lib/gcc/avr/4.3.3/avr5\libgcc.a(_sf_to_si.o)
 .debug_loc     0x000007de       0x4c e:/winavr/bin/../lib/gcc/avr/4.3.3/avr5\libgcc.a(_usi_to_sf.o)
 .debug_loc     0x0000082a       0xf8 e:/winavr/bin/../lib/gcc/avr/4.3.3/avr5\libgcc.a(_ashldi3.o)
 .debug_loc     0x00000922       0x94 e:/winavr/bin/../lib/gcc/avr/4.3.3/avr5\libgcc.a(_clzsi2.o)
 .debug_loc     0x000009b6      0x13e e:/winavr/bin/../lib/gcc/avr/4.3.3/avr5\libgcc.a(_pack_sf.o)
 .debug_loc     0x00000af4       0xac e:/winavr/bin/../lib/gcc/avr/4.3.3/avr5\libgcc.a(_unpack_sf.o)
 .debug_loc     0x00000ba0       0x50 e:/winavr/bin/../lib/gcc/avr/4.3.3/avr5\libgcc.a(_fpcmp_parts_sf.o)

.debug_macinfo
 *(.debug_macinfo)
OUTPUT(test2.elf elf32-avr)
LOAD linker stubs

.debug_ranges   0x00000000       0x50
 .debug_ranges  0x00000000       0x50 e:/winavr/bin/../lib/gcc/avr/4.3.3/avr5\libgcc.a(_mul_sf.o)
