Archive member included because of file (symbol)

c:/winavr-20100110/bin/../lib/gcc/avr/4.3.3/avr5\libgcc.a(_exit.o)
                              c:/winavr-20100110/bin/../lib/gcc/avr/4.3.3/../../../../avr/lib/avr5/crtm32.o (exit)
c:/winavr-20100110/bin/../lib/gcc/avr/4.3.3/avr5\libgcc.a(_copy_data.o)
                              ./main.o (__do_copy_data)
c:/winavr-20100110/bin/../lib/gcc/avr/4.3.3/avr5\libgcc.a(_clear_bss.o)
                              ./TIMER_project.o (__do_clear_bss)

Memory Configuration

Name             Origin             Length             Attributes
text             0x00000000         0x00020000         xr
data             0x00800060         0x0000ffa0         rw !x
eeprom           0x00810000         0x00010000         rw !x
fuse             0x00820000         0x00000400         rw !x
lock             0x00830000         0x00000400         rw !x
signature        0x00840000         0x00000400         rw !x
*default*        0x00000000         0xffffffff

Linker script and memory map

LOAD c:/winavr-20100110/bin/../lib/gcc/avr/4.3.3/../../../../avr/lib/avr5/crtm32.o
LOAD ./DIO_project.o
LOAD ./GIF_project.o
LOAD ./LED_project.o
LOAD ./TIMER_project.o
LOAD ./main.o
LOAD c:/winavr-20100110/bin/../lib/gcc/avr/4.3.3/avr5\libgcc.a
LOAD c:/winavr-20100110/bin/../lib/gcc/avr/4.3.3/../../../../avr/lib/avr5\libc.a
LOAD c:/winavr-20100110/bin/../lib/gcc/avr/4.3.3/avr5\libgcc.a

.hash
 *(.hash)

.dynsym
 *(.dynsym)

.dynstr
 *(.dynstr)

.gnu.version
 *(.gnu.version)

.gnu.version_d
 *(.gnu.version_d)

.gnu.version_r
 *(.gnu.version_r)

.rel.init
 *(.rel.init)

.rela.init
 *(.rela.init)

.rel.text
 *(.rel.text)
 *(.rel.text.*)
 *(.rel.gnu.linkonce.t*)

.rela.text
 *(.rela.text)
 *(.rela.text.*)
 *(.rela.gnu.linkonce.t*)

.rel.fini
 *(.rel.fini)

.rela.fini
 *(.rela.fini)

.rel.rodata
 *(.rel.rodata)
 *(.rel.rodata.*)
 *(.rel.gnu.linkonce.r*)

.rela.rodata
 *(.rela.rodata)
 *(.rela.rodata.*)
 *(.rela.gnu.linkonce.r*)

.rel.data
 *(.rel.data)
 *(.rel.data.*)
 *(.rel.gnu.linkonce.d*)

.rela.data
 *(.rela.data)
 *(.rela.data.*)
 *(.rela.gnu.linkonce.d*)

.rel.ctors
 *(.rel.ctors)

.rela.ctors
 *(.rela.ctors)

.rel.dtors
 *(.rel.dtors)

.rela.dtors
 *(.rela.dtors)

.rel.got
 *(.rel.got)

.rela.got
 *(.rela.got)

.rel.bss
 *(.rel.bss)

.rela.bss
 *(.rela.bss)

.rel.plt
 *(.rel.plt)

.rela.plt
 *(.rela.plt)

.text           0x00000000     0x18ba
 *(.vectors)
 .vectors       0x00000000       0x54 c:/winavr-20100110/bin/../lib/gcc/avr/4.3.3/../../../../avr/lib/avr5/crtm32.o
                0x00000000                __vectors
                0x00000000                __vector_default
 *(.vectors)
 *(.progmem.gcc*)
 *(.progmem*)
                0x00000054                . = ALIGN (0x2)
                0x00000054                __trampolines_start = .
 *(.trampolines)
 .trampolines   0x00000054        0x0 linker stubs
 *(.trampolines*)
                0x00000054                __trampolines_end = .
 *(.jumptables)
 *(.jumptables*)
 *(.lowtext)
 *(.lowtext*)
                0x00000054                __ctors_start = .
 *(.ctors)
                0x00000054                __ctors_end = .
                0x00000054                __dtors_start = .
 *(.dtors)
                0x00000054                __dtors_end = .
 SORT(*)(.ctors)
 SORT(*)(.dtors)
 *(.init0)
 .init0         0x00000054        0x0 c:/winavr-20100110/bin/../lib/gcc/avr/4.3.3/../../../../avr/lib/avr5/crtm32.o
                0x00000054                __init
 *(.init0)
 *(.init1)
 *(.init1)
 *(.init2)
 .init2         0x00000054        0xc c:/winavr-20100110/bin/../lib/gcc/avr/4.3.3/../../../../avr/lib/avr5/crtm32.o
 *(.init2)
 *(.init3)
 *(.init3)
 *(.init4)
 .init4         0x00000060       0x16 c:/winavr-20100110/bin/../lib/gcc/avr/4.3.3/avr5\libgcc.a(_copy_data.o)
                0x00000060                __do_copy_data
 .init4         0x00000076       0x10 c:/winavr-20100110/bin/../lib/gcc/avr/4.3.3/avr5\libgcc.a(_clear_bss.o)
                0x00000076                __do_clear_bss
 *(.init4)
 *(.init5)
 *(.init5)
 *(.init6)
 *(.init6)
 *(.init7)
 *(.init7)
 *(.init8)
 *(.init8)
 *(.init9)
 .init9         0x00000086        0x8 c:/winavr-20100110/bin/../lib/gcc/avr/4.3.3/../../../../avr/lib/avr5/crtm32.o
 *(.init9)
 *(.text)
 .text          0x0000008e        0x4 c:/winavr-20100110/bin/../lib/gcc/avr/4.3.3/../../../../avr/lib/avr5/crtm32.o
                0x0000008e                __vector_1
                0x0000008e                __vector_12
                0x0000008e                __bad_interrupt
                0x0000008e                __vector_3
                0x0000008e                __vector_13
                0x0000008e                __vector_17
                0x0000008e                __vector_19
                0x0000008e                __vector_2
                0x0000008e                __vector_15
                0x0000008e                __vector_14
                0x0000008e                __vector_16
                0x0000008e                __vector_18
                0x0000008e                __vector_20
 .text          0x00000092        0x0 ./DIO_project.o
 .text          0x00000092        0x0 ./GIF_project.o
 .text          0x00000092        0x0 ./LED_project.o
 .text          0x00000092        0x0 ./TIMER_project.o
 .text          0x00000092        0x0 ./main.o
 .text          0x00000092        0x0 c:/winavr-20100110/bin/../lib/gcc/avr/4.3.3/avr5\libgcc.a(_exit.o)
 .text          0x00000092        0x0 c:/winavr-20100110/bin/../lib/gcc/avr/4.3.3/avr5\libgcc.a(_copy_data.o)
 .text          0x00000092        0x0 c:/winavr-20100110/bin/../lib/gcc/avr/4.3.3/avr5\libgcc.a(_clear_bss.o)
                0x00000092                . = ALIGN (0x2)
 *(.text.*)
 .text.DIO_eunmSetPinDirection
                0x00000092      0x21e ./DIO_project.o
                0x00000092                DIO_eunmSetPinDirection
 .text.DIO_eunmSetPinValue
                0x000002b0      0x21e ./DIO_project.o
                0x000002b0                DIO_eunmSetPinValue
 .text.DIO_eunmGetPin
                0x000004ce      0x18a ./DIO_project.o
                0x000004ce                DIO_eunmGetPin
 .text.DIO_eunmTogglePin
                0x00000658      0x118 ./DIO_project.o
                0x00000658                DIO_eunmTogglePin
 .text.DIO_eunmSetPortDirection
                0x00000770       0x96 ./DIO_project.o
                0x00000770                DIO_eunmSetPortDirection
 .text.DIO_eunmSetPortValue
                0x00000806       0x96 ./DIO_project.o
                0x00000806                DIO_eunmSetPortValue
 .text.DIO_eunmGetPort
                0x0000089c       0xaa ./DIO_project.o
                0x0000089c                DIO_eunmGetPort
 .text.DIO_eunmToggelPort
                0x00000946       0xaa ./DIO_project.o
                0x00000946                DIO_eunmToggelPort
 .text.DIO_eunmSetPinInterPullUp
                0x000009f0      0x2b2 ./DIO_project.o
                0x000009f0                DIO_eunmSetPinInterPullUp
 .text.DIO_voidWriteHighNibble
                0x00000ca2       0xf8 ./DIO_project.o
                0x00000ca2                DIO_voidWriteHighNibble
 .text.DIO_voidWriteLowNibble
                0x00000d9a       0xf6 ./DIO_project.o
                0x00000d9a                DIO_voidWriteLowNibble
 .text.GIF_VoidEnable
                0x00000e90       0x1c ./GIF_project.o
                0x00000e90                GIF_VoidEnable
 .text.GIF_VoidDisable
                0x00000eac       0x1c ./GIF_project.o
                0x00000eac                GIF_VoidDisable
 .text.LED_VoidInitialPin
                0x00000ec8       0x2a ./LED_project.o
                0x00000ec8                LED_VoidInitialPin
 .text.LED_VoidTurnOn
                0x00000ef2       0x44 ./LED_project.o
                0x00000ef2                LED_VoidTurnOn
 .text.LED_VoidTurnOff
                0x00000f36       0x44 ./LED_project.o
                0x00000f36                LED_VoidTurnOff
 .text.LED_VoidToggle
                0x00000f7a       0x28 ./LED_project.o
                0x00000f7a                LED_VoidToggle
 .text.TIMER0_voidInit
                0x00000fa2       0x5c ./TIMER_project.o
                0x00000fa2                TIMER0_voidInit
 .text.TIMER1_voidInit
                0x00000ffe      0x100 ./TIMER_project.o
                0x00000ffe                TIMER1_voidInit
 .text.TIMER2_voidInit
                0x000010fe       0x6a ./TIMER_project.o
                0x000010fe                TIMER2_voidInit
 .text.TIMER0_voidSetPreload
                0x00001168       0x1c ./TIMER_project.o
                0x00001168                TIMER0_voidSetPreload
 .text.TIMER1_voidSetPreload
                0x00001184       0x24 ./TIMER_project.o
                0x00001184                TIMER1_voidSetPreload
 .text.TIMER2_voidSetPreload
                0x000011a8       0x1c ./TIMER_project.o
                0x000011a8                TIMER2_voidSetPreload
 .text.TIMER0_voidSetCTC
                0x000011c4       0x1c ./TIMER_project.o
                0x000011c4                TIMER0_voidSetCTC
 .text.TIMER1_voidSetCTCA
                0x000011e0       0x24 ./TIMER_project.o
                0x000011e0                TIMER1_voidSetCTCA
 .text.TIMER1_voidSetCTCB
                0x00001204       0x24 ./TIMER_project.o
                0x00001204                TIMER1_voidSetCTCB
 .text.TIMER2_voidSetCTC
                0x00001228       0x1c ./TIMER_project.o
                0x00001228                TIMER2_voidSetCTC
 .text.TIMER1_voidSetICR1
                0x00001244       0x24 ./TIMER_project.o
                0x00001244                TIMER1_voidSetICR1
 .text.TIMER0_u8GetTimerCounterValue
                0x00001268       0x14 ./TIMER_project.o
                0x00001268                TIMER0_u8GetTimerCounterValue
 .text.TIMER1_u16GetTimerCounterValue
                0x0000127c       0x16 ./TIMER_project.o
                0x0000127c                TIMER1_u16GetTimerCounterValue
 .text.TIMER2_u8GetTimerCounterValue
                0x00001292       0x14 ./TIMER_project.o
                0x00001292                TIMER2_u8GetTimerCounterValue
 .text.TIMER_voidSetPWM
                0x000012a6       0x24 ./TIMER_project.o
                0x000012a6                TIMER_voidSetPWM
 .text.TIMER_voidICUInitEnable
                0x000012ca       0x2a ./TIMER_project.o
                0x000012ca                TIMER_voidICUInitEnable
 .text.TIMER_voidICUSetTriggerEdge
                0x000012f4       0x4a ./TIMER_project.o
                0x000012f4                TIMER_voidICUSetTriggerEdge
 .text.TIMER_voidICUEnableInterrupt
                0x0000133e       0x1c ./TIMER_project.o
                0x0000133e                TIMER_voidICUEnableInterrupt
 .text.TIMER_voidICUDisableInterrupt
                0x0000135a       0x1c ./TIMER_project.o
                0x0000135a                TIMER_voidICUDisableInterrupt
 .text.TIMER_u16GetICR
                0x00001376       0x16 ./TIMER_project.o
                0x00001376                TIMER_u16GetICR
 .text.TIMER_voidWDTSleep
                0x0000138c       0x2a ./TIMER_project.o
                0x0000138c                TIMER_voidWDTSleep
 .text.TIMER_voidWDTEnable
                0x000013b6       0x1c ./TIMER_project.o
                0x000013b6                TIMER_voidWDTEnable
 .text.TIMER_voidWDTDisable
                0x000013d2       0x22 ./TIMER_project.o
                0x000013d2                TIMER_voidWDTDisable
 .text.TIMER_u8SetCallBack
                0x000013f4       0x4c ./TIMER_project.o
                0x000013f4                TIMER_u8SetCallBack
 .text.__vector_11
                0x00001440       0x66 ./TIMER_project.o
                0x00001440                __vector_11
 .text.__vector_10
                0x000014a6       0x66 ./TIMER_project.o
                0x000014a6                __vector_10
 .text.__vector_9
                0x0000150c       0x66 ./TIMER_project.o
                0x0000150c                __vector_9
 .text.__vector_8
                0x00001572       0x66 ./TIMER_project.o
                0x00001572                __vector_8
 .text.__vector_7
                0x000015d8       0x66 ./TIMER_project.o
                0x000015d8                __vector_7
 .text.__vector_6
                0x0000163e       0x66 ./TIMER_project.o
                0x0000163e                __vector_6
 .text.__vector_5
                0x000016a4       0x66 ./TIMER_project.o
                0x000016a4                __vector_5
 .text.__vector_4
                0x0000170a       0x66 ./TIMER_project.o
                0x0000170a                __vector_4
 .text.APP      0x00001770       0x4a ./main.o
                0x00001770                APP
 .text.DELAY    0x000017ba       0x46 ./main.o
                0x000017ba                DELAY
 .text.main     0x00001800       0xb6 ./main.o
                0x00001800                main
 .text.libgcc   0x000018b6        0x0 c:/winavr-20100110/bin/../lib/gcc/avr/4.3.3/avr5\libgcc.a(_exit.o)
 .text.libgcc   0x000018b6        0x0 c:/winavr-20100110/bin/../lib/gcc/avr/4.3.3/avr5\libgcc.a(_copy_data.o)
 .text.libgcc   0x000018b6        0x0 c:/winavr-20100110/bin/../lib/gcc/avr/4.3.3/avr5\libgcc.a(_clear_bss.o)
                0x000018b6                . = ALIGN (0x2)
 *(.fini9)
 .fini9         0x000018b6        0x0 c:/winavr-20100110/bin/../lib/gcc/avr/4.3.3/avr5\libgcc.a(_exit.o)
                0x000018b6                exit
                0x000018b6                _exit
 *(.fini9)
 *(.fini8)
 *(.fini8)
 *(.fini7)
 *(.fini7)
 *(.fini6)
 *(.fini6)
 *(.fini5)
 *(.fini5)
 *(.fini4)
 *(.fini4)
 *(.fini3)
 *(.fini3)
 *(.fini2)
 *(.fini2)
 *(.fini1)
 *(.fini1)
 *(.fini0)
 .fini0         0x000018b6        0x4 c:/winavr-20100110/bin/../lib/gcc/avr/4.3.3/avr5\libgcc.a(_exit.o)
 *(.fini0)
                0x000018ba                _etext = .

.data           0x00800060        0xa load address 0x000018ba
                0x00800060                PROVIDE (__data_start, .)
 *(.data)
 .data          0x00800060        0x0 c:/winavr-20100110/bin/../lib/gcc/avr/4.3.3/../../../../avr/lib/avr5/crtm32.o
 .data          0x00800060        0x0 ./DIO_project.o
 .data          0x00800060        0x0 ./GIF_project.o
 .data          0x00800060        0x0 ./LED_project.o
 .data          0x00800060        0x0 ./TIMER_project.o
 .data          0x00800060        0x0 ./main.o
 .data          0x00800060        0x0 c:/winavr-20100110/bin/../lib/gcc/avr/4.3.3/avr5\libgcc.a(_exit.o)
 .data          0x00800060        0x0 c:/winavr-20100110/bin/../lib/gcc/avr/4.3.3/avr5\libgcc.a(_copy_data.o)
 .data          0x00800060        0x0 c:/winavr-20100110/bin/../lib/gcc/avr/4.3.3/avr5\libgcc.a(_clear_bss.o)
 *(.data*)
 .data.led1     0x00800060        0x3 ./main.o
                0x00800060                led1
 .data.led2     0x00800063        0x3 ./main.o
                0x00800063                led2
 .data.led3     0x00800066        0x3 ./main.o
                0x00800066                led3
 *(.rodata)
 *(.rodata*)
 *(.gnu.linkonce.d*)
                0x0080006a                . = ALIGN (0x2)
 *fill*         0x00800069        0x1 00
                0x0080006a                _edata = .
                0x0080006a                PROVIDE (__data_end, .)

.bss            0x0080006a       0x27
                0x0080006a                PROVIDE (__bss_start, .)
 *(.bss)
 .bss           0x0080006a        0x0 c:/winavr-20100110/bin/../lib/gcc/avr/4.3.3/../../../../avr/lib/avr5/crtm32.o
 .bss           0x0080006a        0x0 ./DIO_project.o
 .bss           0x0080006a        0x0 ./GIF_project.o
 .bss           0x0080006a        0x0 ./LED_project.o
 .bss           0x0080006a        0x0 ./TIMER_project.o
 .bss           0x0080006a        0x0 ./main.o
 .bss           0x0080006a        0x0 c:/winavr-20100110/bin/../lib/gcc/avr/4.3.3/avr5\libgcc.a(_exit.o)
 .bss           0x0080006a        0x0 c:/winavr-20100110/bin/../lib/gcc/avr/4.3.3/avr5\libgcc.a(_copy_data.o)
 .bss           0x0080006a        0x0 c:/winavr-20100110/bin/../lib/gcc/avr/4.3.3/avr5\libgcc.a(_clear_bss.o)
 *(.bss*)
 .bss.TIMERS_pvCallBackFunc
                0x0080006a       0x20 ./TIMER_project.o
 .bss.count1    0x0080008a        0x1 ./main.o
                0x0080008a                count1
 .bss.count2    0x0080008b        0x1 ./main.o
                0x0080008b                count2
 .bss.x         0x0080008c        0x1 ./main.o
                0x0080008c                x
 .bss.count3    0x0080008d        0x2 ./main.o
                0x0080008d                count3
 .bss.count4    0x0080008f        0x2 ./main.o
                0x0080008f                count4
 *(COMMON)
                0x00800091                PROVIDE (__bss_end, .)
                0x000018ba                __data_load_start = LOADADDR (.data)
                0x000018c4                __data_load_end = (__data_load_start + SIZEOF (.data))

.noinit         0x00800091        0x0
                0x00800091                PROVIDE (__noinit_start, .)
 *(.noinit*)
                0x00800091                PROVIDE (__noinit_end, .)
                0x00800091                _end = .
                0x00800091                PROVIDE (__heap_start, .)

.eeprom         0x00810000        0x0
 *(.eeprom*)
                0x00810000                __eeprom_end = .

.fuse
 *(.fuse)
 *(.lfuse)
 *(.hfuse)
 *(.efuse)

.lock
 *(.lock*)

.signature
 *(.signature*)

.stab           0x00000000     0x1db8
 *(.stab)
 .stab          0x00000000      0xc84 ./DIO_project.o
 .stab          0x00000c84      0x1c8 ./GIF_project.o
                                0x1d4 (size before relaxing)
 .stab          0x00000e4c      0x24c ./LED_project.o
                                0x300 (size before relaxing)
 .stab          0x00001098      0xa20 ./TIMER_project.o
                                0xad4 (size before relaxing)
 .stab          0x00001ab8      0x300 ./main.o
                                0x3a8 (size before relaxing)

.stabstr        0x00000000      0xbc8
 *(.stabstr)
 .stabstr       0x00000000      0xbc8 ./DIO_project.o

.stab.excl
 *(.stab.excl)

.stab.exclstr
 *(.stab.exclstr)

.stab.index
 *(.stab.index)

.stab.indexstr
 *(.stab.indexstr)

.comment
 *(.comment)

.debug
 *(.debug)

.line
 *(.line)

.debug_srcinfo
 *(.debug_srcinfo)

.debug_sfnames
 *(.debug_sfnames)

.debug_aranges
 *(.debug_aranges)

.debug_pubnames
 *(.debug_pubnames)

.debug_info
 *(.debug_info)
 *(.gnu.linkonce.wi.*)

.debug_abbrev
 *(.debug_abbrev)

.debug_line
 *(.debug_line)

.debug_frame
 *(.debug_frame)

.debug_str
 *(.debug_str)

.debug_loc
 *(.debug_loc)

.debug_macinfo
 *(.debug_macinfo)
OUTPUT(test_timer.elf elf32-avr)
LOAD linker stubs
