Archive member included because of file (symbol)

e:/winavr/bin/../lib/gcc/avr/4.3.3/avr5\libgcc.a(_mulsi3.o)
                              ./hal/CLCD_program.o (__mulsi3)
e:/winavr/bin/../lib/gcc/avr/4.3.3/avr5\libgcc.a(_udivmodhi4.o)
                              ./hal/DT11_prog.o (__udivmodhi4)
e:/winavr/bin/../lib/gcc/avr/4.3.3/avr5\libgcc.a(_udivmodsi4.o)
                              ./hal/CLCD_program.o (__udivmodsi4)
e:/winavr/bin/../lib/gcc/avr/4.3.3/avr5\libgcc.a(_divmodsi4.o)
                              ./hal/CLCD_program.o (__divmodsi4)
e:/winavr/bin/../lib/gcc/avr/4.3.3/avr5\libgcc.a(_exit.o)
                              e:/winavr/bin/../lib/gcc/avr/4.3.3/../../../../avr/lib/avr5/crtm32.o (exit)
e:/winavr/bin/../lib/gcc/avr/4.3.3/avr5\libgcc.a(_copy_data.o)
                              ./hal/CLCD_program.o (__do_copy_data)
e:/winavr/bin/../lib/gcc/avr/4.3.3/avr5\libgcc.a(_clear_bss.o)
                              ./MCAL/ADC_prog.o (__do_clear_bss)
e:/winavr/bin/../lib/gcc/avr/4.3.3/avr5\libgcc.a(_fixunssfsi.o)
                              ./hal/LDR_prog.o (__fixunssfsi)
e:/winavr/bin/../lib/gcc/avr/4.3.3/avr5\libgcc.a(_fixsfdi.o)
                              ./hal/CLCD_program.o (__fixsfdi)
e:/winavr/bin/../lib/gcc/avr/4.3.3/avr5\libgcc.a(_fixunssfdi.o)
                              e:/winavr/bin/../lib/gcc/avr/4.3.3/avr5\libgcc.a(_fixsfdi.o) (__fixunssfdi)
e:/winavr/bin/../lib/gcc/avr/4.3.3/avr5\libgcc.a(_addsub_sf.o)
                              ./hal/CLCD_program.o (__subsf3)
e:/winavr/bin/../lib/gcc/avr/4.3.3/avr5\libgcc.a(_mul_sf.o)
                              ./hal/CLCD_program.o (__mulsf3)
e:/winavr/bin/../lib/gcc/avr/4.3.3/avr5\libgcc.a(_div_sf.o)
                              ./hal/LDR_prog.o (__divsf3)
e:/winavr/bin/../lib/gcc/avr/4.3.3/avr5\libgcc.a(_ge_sf.o)
                              e:/winavr/bin/../lib/gcc/avr/4.3.3/avr5\libgcc.a(_fixunssfsi.o) (__gesf2)
e:/winavr/bin/../lib/gcc/avr/4.3.3/avr5\libgcc.a(_lt_sf.o)
                              ./hal/CLCD_program.o (__ltsf2)
e:/winavr/bin/../lib/gcc/avr/4.3.3/avr5\libgcc.a(_si_to_sf.o)
                              ./hal/CLCD_program.o (__floatsisf)
e:/winavr/bin/../lib/gcc/avr/4.3.3/avr5\libgcc.a(_sf_to_si.o)
                              ./hal/CLCD_program.o (__fixsfsi)
e:/winavr/bin/../lib/gcc/avr/4.3.3/avr5\libgcc.a(_thenan_sf.o)
                              e:/winavr/bin/../lib/gcc/avr/4.3.3/avr5\libgcc.a(_addsub_sf.o) (__thenan_sf)
e:/winavr/bin/../lib/gcc/avr/4.3.3/avr5\libgcc.a(_usi_to_sf.o)
                              ./hal/LDR_prog.o (__floatunsisf)
e:/winavr/bin/../lib/gcc/avr/4.3.3/avr5\libgcc.a(_prologue.o)
                              e:/winavr/bin/../lib/gcc/avr/4.3.3/avr5\libgcc.a(_fixunssfdi.o) (__prologue_saves__)
e:/winavr/bin/../lib/gcc/avr/4.3.3/avr5\libgcc.a(_epilogue.o)
                              e:/winavr/bin/../lib/gcc/avr/4.3.3/avr5\libgcc.a(_fixunssfdi.o) (__epilogue_restores__)
e:/winavr/bin/../lib/gcc/avr/4.3.3/avr5\libgcc.a(_ashldi3.o)
                              e:/winavr/bin/../lib/gcc/avr/4.3.3/avr5\libgcc.a(_fixunssfdi.o) (__ashldi3)
e:/winavr/bin/../lib/gcc/avr/4.3.3/avr5\libgcc.a(_clzsi2.o)
                              e:/winavr/bin/../lib/gcc/avr/4.3.3/avr5\libgcc.a(_si_to_sf.o) (__clzsi2)
e:/winavr/bin/../lib/gcc/avr/4.3.3/avr5\libgcc.a(_pack_sf.o)
                              e:/winavr/bin/../lib/gcc/avr/4.3.3/avr5\libgcc.a(_addsub_sf.o) (__pack_f)
e:/winavr/bin/../lib/gcc/avr/4.3.3/avr5\libgcc.a(_unpack_sf.o)
                              e:/winavr/bin/../lib/gcc/avr/4.3.3/avr5\libgcc.a(_addsub_sf.o) (__unpack_f)
e:/winavr/bin/../lib/gcc/avr/4.3.3/avr5\libgcc.a(_fpcmp_parts_sf.o)
                              e:/winavr/bin/../lib/gcc/avr/4.3.3/avr5\libgcc.a(_ge_sf.o) (__fpcmp_parts_f)
e:/winavr/bin/../lib/gcc/avr/4.3.3/avr5\libgcc.a(_clz.o)
                              e:/winavr/bin/../lib/gcc/avr/4.3.3/avr5\libgcc.a(_clzsi2.o) (__clz_tab)

Memory Configuration

Name             Origin             Length             Attributes
text             0x00000000         0x00020000         xr
data             0x00800060         0x0000ffa0         rw !x
eeprom           0x00810000         0x00010000         rw !x
fuse             0x00820000         0x00000400         rw !x
lock             0x00830000         0x00000400         rw !x
signature        0x00840000         0x00000400         rw !x
*default*        0x00000000         0xffffffff

Linker script and memory map

LOAD e:/winavr/bin/../lib/gcc/avr/4.3.3/../../../../avr/lib/avr5/crtm32.o
LOAD ./hal/BUZ_prog.o
LOAD ./hal/CLCD_program.o
LOAD ./hal/DCMOTOR_program.o
LOAD ./hal/DT11_prog.o
LOAD ./hal/IR_prog.o
LOAD ./hal/KPD_prog.o
LOAD ./hal/LDR_prog.o
LOAD ./hal/LED_prog.o
LOAD ./hal/MQ2_prog.o
LOAD ./hal/PIR_prog.o
LOAD ./hal/soil moisture_program.o
LOAD ./MCAL/ADC_prog.o
LOAD ./MCAL/DIO_program.o
LOAD ./MCAL/EEPROM_programe.o
LOAD ./MCAL/TWI_prog.o
LOAD ./main.o
LOAD e:/winavr/bin/../lib/gcc/avr/4.3.3/avr5\libgcc.a
LOAD e:/winavr/bin/../lib/gcc/avr/4.3.3/../../../../avr/lib/avr5\libc.a
LOAD e:/winavr/bin/../lib/gcc/avr/4.3.3/avr5\libgcc.a

.hash
 *(.hash)

.dynsym
 *(.dynsym)

.dynstr
 *(.dynstr)

.gnu.version
 *(.gnu.version)

.gnu.version_d
 *(.gnu.version_d)

.gnu.version_r
 *(.gnu.version_r)

.rel.init
 *(.rel.init)

.rela.init
 *(.rela.init)

.rel.text
 *(.rel.text)
 *(.rel.text.*)
 *(.rel.gnu.linkonce.t*)

.rela.text
 *(.rela.text)
 *(.rela.text.*)
 *(.rela.gnu.linkonce.t*)

.rel.fini
 *(.rel.fini)

.rela.fini
 *(.rela.fini)

.rel.rodata
 *(.rel.rodata)
 *(.rel.rodata.*)
 *(.rel.gnu.linkonce.r*)

.rela.rodata
 *(.rela.rodata)
 *(.rela.rodata.*)
 *(.rela.gnu.linkonce.r*)

.rel.data
 *(.rel.data)
 *(.rel.data.*)
 *(.rel.gnu.linkonce.d*)

.rela.data
 *(.rela.data)
 *(.rela.data.*)
 *(.rela.gnu.linkonce.d*)

.rel.ctors
 *(.rel.ctors)

.rela.ctors
 *(.rela.ctors)

.rel.dtors
 *(.rel.dtors)

.rela.dtors
 *(.rela.dtors)

.rel.got
 *(.rel.got)

.rela.got
 *(.rela.got)

.rel.bss
 *(.rel.bss)

.rela.bss
 *(.rela.bss)

.rel.plt
 *(.rel.plt)

.rela.plt
 *(.rela.plt)

.text           0x00000000     0x29e8
 *(.vectors)
 .vectors       0x00000000       0x54 e:/winavr/bin/../lib/gcc/avr/4.3.3/../../../../avr/lib/avr5/crtm32.o
                0x00000000                __vectors
                0x00000000                __vector_default
 *(.vectors)
 *(.progmem.gcc*)
 *(.progmem*)
                0x00000054                . = ALIGN (0x2)
                0x00000054                __trampolines_start = .
 *(.trampolines)
 .trampolines   0x00000054        0x0 linker stubs
 *(.trampolines*)
                0x00000054                __trampolines_end = .
 *(.jumptables)
 *(.jumptables*)
 *(.lowtext)
 *(.lowtext*)
                0x00000054                __ctors_start = .
 *(.ctors)
                0x00000054                __ctors_end = .
                0x00000054                __dtors_start = .
 *(.dtors)
                0x00000054                __dtors_end = .
 SORT(*)(.ctors)
 SORT(*)(.dtors)
 *(.init0)
 .init0         0x00000054        0x0 e:/winavr/bin/../lib/gcc/avr/4.3.3/../../../../avr/lib/avr5/crtm32.o
                0x00000054                __init
 *(.init0)
 *(.init1)
 *(.init1)
 *(.init2)
 .init2         0x00000054        0xc e:/winavr/bin/../lib/gcc/avr/4.3.3/../../../../avr/lib/avr5/crtm32.o
 *(.init2)
 *(.init3)
 *(.init3)
 *(.init4)
 .init4         0x00000060       0x16 e:/winavr/bin/../lib/gcc/avr/4.3.3/avr5\libgcc.a(_copy_data.o)
                0x00000060                __do_copy_data
 .init4         0x00000076       0x10 e:/winavr/bin/../lib/gcc/avr/4.3.3/avr5\libgcc.a(_clear_bss.o)
                0x00000076                __do_clear_bss
 *(.init4)
 *(.init5)
 *(.init5)
 *(.init6)
 *(.init6)
 *(.init7)
 *(.init7)
 *(.init8)
 *(.init8)
 *(.init9)
 .init9         0x00000086        0x8 e:/winavr/bin/../lib/gcc/avr/4.3.3/../../../../avr/lib/avr5/crtm32.o
 *(.init9)
 *(.text)
 .text          0x0000008e        0x4 e:/winavr/bin/../lib/gcc/avr/4.3.3/../../../../avr/lib/avr5/crtm32.o
                0x0000008e                __vector_1
                0x0000008e                __vector_12
                0x0000008e                __bad_interrupt
                0x0000008e                __vector_6
                0x0000008e                __vector_3
                0x0000008e                __vector_11
                0x0000008e                __vector_13
                0x0000008e                __vector_17
                0x0000008e                __vector_19
                0x0000008e                __vector_7
                0x0000008e                __vector_5
                0x0000008e                __vector_4
                0x0000008e                __vector_9
                0x0000008e                __vector_2
                0x0000008e                __vector_15
                0x0000008e                __vector_8
                0x0000008e                __vector_14
                0x0000008e                __vector_10
                0x0000008e                __vector_18
                0x0000008e                __vector_20
 .text          0x00000092        0x0 ./hal/BUZ_prog.o
 .text          0x00000092        0x0 ./hal/CLCD_program.o
 .text          0x00000092        0x0 ./hal/DCMOTOR_program.o
 .text          0x00000092        0x0 ./hal/DT11_prog.o
 .text          0x00000092        0x0 ./hal/IR_prog.o
 .text          0x00000092        0x0 ./hal/KPD_prog.o
 .text          0x00000092        0x0 ./hal/LDR_prog.o
 .text          0x00000092        0x0 ./hal/LED_prog.o
 .text          0x00000092        0x0 ./hal/MQ2_prog.o
 .text          0x00000092        0x0 ./hal/PIR_prog.o
 .text          0x00000092        0x0 ./hal/soil moisture_program.o
 .text          0x00000092        0x0 ./MCAL/ADC_prog.o
 .text          0x00000092        0x0 ./MCAL/DIO_program.o
 .text          0x00000092        0x0 ./MCAL/EEPROM_programe.o
 .text          0x00000092        0x0 ./MCAL/TWI_prog.o
 .text          0x00000092        0x0 ./main.o
 .text          0x00000092        0x0 e:/winavr/bin/../lib/gcc/avr/4.3.3/avr5\libgcc.a(_mulsi3.o)
 .text          0x00000092        0x0 e:/winavr/bin/../lib/gcc/avr/4.3.3/avr5\libgcc.a(_udivmodhi4.o)
 .text          0x00000092        0x0 e:/winavr/bin/../lib/gcc/avr/4.3.3/avr5\libgcc.a(_udivmodsi4.o)
 .text          0x00000092        0x0 e:/winavr/bin/../lib/gcc/avr/4.3.3/avr5\libgcc.a(_divmodsi4.o)
 .text          0x00000092        0x0 e:/winavr/bin/../lib/gcc/avr/4.3.3/avr5\libgcc.a(_exit.o)
 .text          0x00000092        0x0 e:/winavr/bin/../lib/gcc/avr/4.3.3/avr5\libgcc.a(_copy_data.o)
 .text          0x00000092        0x0 e:/winavr/bin/../lib/gcc/avr/4.3.3/avr5\libgcc.a(_clear_bss.o)
 .text          0x00000092       0x58 e:/winavr/bin/../lib/gcc/avr/4.3.3/avr5\libgcc.a(_fixunssfsi.o)
                0x00000092                __fixunssfsi
 .text          0x000000ea       0xe8 e:/winavr/bin/../lib/gcc/avr/4.3.3/avr5\libgcc.a(_fixsfdi.o)
                0x000000ea                __fixsfdi
 .text          0x000001d2      0x150 e:/winavr/bin/../lib/gcc/avr/4.3.3/avr5\libgcc.a(_fixunssfdi.o)
                0x000001d2                __fixunssfdi
 .text          0x00000322      0x354 e:/winavr/bin/../lib/gcc/avr/4.3.3/avr5\libgcc.a(_addsub_sf.o)
                0x000005ba                __subsf3
                0x0000061c                __addsf3
 .text          0x00000676      0x1f4 e:/winavr/bin/../lib/gcc/avr/4.3.3/avr5\libgcc.a(_mul_sf.o)
                0x00000676                __mulsf3
 .text          0x0000086a      0x158 e:/winavr/bin/../lib/gcc/avr/4.3.3/avr5\libgcc.a(_div_sf.o)
                0x0000086a                __divsf3
 .text          0x000009c2       0x60 e:/winavr/bin/../lib/gcc/avr/4.3.3/avr5\libgcc.a(_ge_sf.o)
                0x000009c2                __gesf2
 .text          0x00000a22       0x60 e:/winavr/bin/../lib/gcc/avr/4.3.3/avr5\libgcc.a(_lt_sf.o)
                0x00000a22                __ltsf2
 .text          0x00000a82       0xbc e:/winavr/bin/../lib/gcc/avr/4.3.3/avr5\libgcc.a(_si_to_sf.o)
                0x00000a82                __floatsisf
 .text          0x00000b3e       0xa8 e:/winavr/bin/../lib/gcc/avr/4.3.3/avr5\libgcc.a(_sf_to_si.o)
                0x00000b3e                __fixsfsi
 .text          0x00000be6        0x0 e:/winavr/bin/../lib/gcc/avr/4.3.3/avr5\libgcc.a(_thenan_sf.o)
 .text          0x00000be6       0xf2 e:/winavr/bin/../lib/gcc/avr/4.3.3/avr5\libgcc.a(_usi_to_sf.o)
                0x00000be6                __floatunsisf
 .text          0x00000cd8        0x0 e:/winavr/bin/../lib/gcc/avr/4.3.3/avr5\libgcc.a(_prologue.o)
 .text          0x00000cd8        0x0 e:/winavr/bin/../lib/gcc/avr/4.3.3/avr5\libgcc.a(_epilogue.o)
 .text          0x00000cd8       0xfe e:/winavr/bin/../lib/gcc/avr/4.3.3/avr5\libgcc.a(_ashldi3.o)
                0x00000cd8                __ashldi3
 .text          0x00000dd6       0x9e e:/winavr/bin/../lib/gcc/avr/4.3.3/avr5\libgcc.a(_clzsi2.o)
                0x00000dd6                __clzsi2
 .text          0x00000e74      0x1aa e:/winavr/bin/../lib/gcc/avr/4.3.3/avr5\libgcc.a(_pack_sf.o)
                0x00000e74                __pack_f
 .text          0x0000101e       0xf0 e:/winavr/bin/../lib/gcc/avr/4.3.3/avr5\libgcc.a(_unpack_sf.o)
                0x0000101e                __unpack_f
 .text          0x0000110e       0xb2 e:/winavr/bin/../lib/gcc/avr/4.3.3/avr5\libgcc.a(_fpcmp_parts_sf.o)
                0x0000110e                __fpcmp_parts_f
 .text          0x000011c0        0x0 e:/winavr/bin/../lib/gcc/avr/4.3.3/avr5\libgcc.a(_clz.o)
                0x000011c0                . = ALIGN (0x2)
 *(.text.*)
 .text.BUZ_vTog
                0x000011c0       0x28 ./hal/BUZ_prog.o
                0x000011c0                BUZ_vTog
 .text.BUZ_vOff
                0x000011e8       0x32 ./hal/BUZ_prog.o
                0x000011e8                BUZ_vOff
 .text.BUZ_vOn  0x0000121a       0x32 ./hal/BUZ_prog.o
                0x0000121a                BUZ_vOn
 .text.BUZ_vInit
                0x0000124c       0x2a ./hal/BUZ_prog.o
                0x0000124c                BUZ_vInit
 .text.CLCD_voidSendFallingEdge
                0x00001276       0x2e ./hal/CLCD_program.o
 .text.CLCD_voidsendCommand
                0x000012a4       0x40 ./hal/CLCD_program.o
                0x000012a4                CLCD_voidsendCommand
 .text.CLCD_voidSetPosition
                0x000012e4       0x34 ./hal/CLCD_program.o
                0x000012e4                CLCD_voidSetPosition
 .text.CLCD_voidClearScreen
                0x00001318       0x10 ./hal/CLCD_program.o
                0x00001318                CLCD_voidClearScreen
 .text.CLCD_voidsendData
                0x00001328       0x40 ./hal/CLCD_program.o
                0x00001328                CLCD_voidsendData
 .text.CLCD_vSendIntNumber
                0x00001368       0xf4 ./hal/CLCD_program.o
                0x00001368                CLCD_vSendIntNumber
 .text.CLCD_vSendFloatNumber
                0x0000145c       0x88 ./hal/CLCD_program.o
                0x0000145c                CLCD_vSendFloatNumber
 .text.CLCD_voidSendExtraChar
                0x000014e4       0x44 ./hal/CLCD_program.o
                0x000014e4                CLCD_voidSendExtraChar
 .text.CLCD_voidsendString
                0x00001528       0x26 ./hal/CLCD_program.o
                0x00001528                CLCD_voidsendString
 .text.CLCD_voidInit
                0x0000154e       0xa2 ./hal/CLCD_program.o
                0x0000154e                CLCD_voidInit
 .text.DCMOTOR_uint8Control
                0x000015f0       0x4c ./hal/DCMOTOR_program.o
                0x000015f0                DCMOTOR_uint8Control
 .text.AnalogSensor_u8GetRawValue
                0x0000163c       0x12 ./hal/DT11_prog.o
                0x0000163c                AnalogSensor_u8GetRawValue
 .text.AnalogSensor_u8GetPercentage
                0x0000164e       0x7e ./hal/DT11_prog.o
                0x0000164e                AnalogSensor_u8GetPercentage
 .text.AnalogSensor_voidInit
                0x000016cc        0x6 ./hal/DT11_prog.o
                0x000016cc                AnalogSensor_voidInit
 .text.IR_enumGetState
                0x000016d2       0x52 ./hal/IR_prog.o
                0x000016d2                IR_enumGetState
 .text.IR_enumInit
                0x00001724       0x2a ./hal/IR_prog.o
                0x00001724                IR_enumInit
 .text.KPD_u8GetPressed
                0x0000174e      0x108 ./hal/KPD_prog.o
                0x0000174e                KPD_u8GetPressed
 .text.KPD_vInit
                0x00001856       0x3a ./hal/KPD_prog.o
                0x00001856                KPD_vInit
 .text.LDR_enumGetAnalogSignal
                0x00001890       0x1e ./hal/LDR_prog.o
                0x00001890                LDR_enumGetAnalogSignal
 .text.LDR_enumGetLightIntensity
                0x000018ae       0xce ./hal/LDR_prog.o
                0x000018ae                LDR_enumGetLightIntensity
 .text.LDR_enumInit
                0x0000197c       0x2a ./hal/LDR_prog.o
                0x0000197c                LDR_enumInit
 .text.LED_vTog
                0x000019a6       0x28 ./hal/LED_prog.o
                0x000019a6                LED_vTog
 .text.LED_vTurnOff
                0x000019ce       0x38 ./hal/LED_prog.o
                0x000019ce                LED_vTurnOff
 .text.LED_vTurnOn
                0x00001a06       0x38 ./hal/LED_prog.o
                0x00001a06                LED_vTurnOn
 .text.LED_vInit
                0x00001a3e       0x2a ./hal/LED_prog.o
                0x00001a3e                LED_vInit
 .text.MQ2_u16CalculateRS
                0x00001a68       0x7c ./hal/MQ2_prog.o
 .text.MQ2_enumGetAnalogSignal
                0x00001ae4       0x22 ./hal/MQ2_prog.o
                0x00001ae4                MQ2_enumGetAnalogSignal
 .text.MQ2_enumCalibrate
                0x00001b06       0xa0 ./hal/MQ2_prog.o
                0x00001b06                MQ2_enumCalibrate
 .text.MQ2_enumGetGasConcentration
                0x00001ba6       0xa2 ./hal/MQ2_prog.o
                0x00001ba6                MQ2_enumGetGasConcentration
 .text.MQ2_enumInit
                0x00001c48       0x3a ./hal/MQ2_prog.o
                0x00001c48                MQ2_enumInit
 .text.SoilMoisture_u8GetRawValue
                0x00001c82       0x12 ./hal/soil moisture_program.o
                0x00001c82                SoilMoisture_u8GetRawValue
 .text.SoilMoisture_u8GetPercentage
                0x00001c94       0x7e ./hal/soil moisture_program.o
                0x00001c94                SoilMoisture_u8GetPercentage
 .text.SoilMoisture_u8IsDry
                0x00001d12       0x4c ./hal/soil moisture_program.o
                0x00001d12                SoilMoisture_u8IsDry
 .text.SoilMoisture_voidInit
                0x00001d5e        0x6 ./hal/soil moisture_program.o
                0x00001d5e                SoilMoisture_voidInit
 .text.ADC_vInit
                0x00001d64       0x1a ./MCAL/ADC_prog.o
                0x00001d64                ADC_vInit
 .text.ADC_vEnable
                0x00001d7e        0x4 ./MCAL/ADC_prog.o
                0x00001d7e                ADC_vEnable
 .text.ADC_vDisable
                0x00001d82        0x4 ./MCAL/ADC_prog.o
                0x00001d82                ADC_vDisable
 .text.ADC_vInterruptEnable
                0x00001d86        0x4 ./MCAL/ADC_prog.o
                0x00001d86                ADC_vInterruptEnable
 .text.ADC_vInterruptDisable
                0x00001d8a        0x4 ./MCAL/ADC_prog.o
                0x00001d8a                ADC_vInterruptDisable
 .text.ADC_u8VoltageReference
                0x00001d8e       0x2a ./MCAL/ADC_prog.o
                0x00001d8e                ADC_u8VoltageReference
 .text.ADC_u8SetPrescaler
                0x00001db8       0x1a ./MCAL/ADC_prog.o
                0x00001db8                ADC_u8SetPrescaler
 .text.ADC_u8SetAdjustment
                0x00001dd2       0x16 ./MCAL/ADC_prog.o
                0x00001dd2                ADC_u8SetAdjustment
 .text.ADC_u8SetTriggerSource
                0x00001de8       0x22 ./MCAL/ADC_prog.o
                0x00001de8                ADC_u8SetTriggerSource
 .text.ADC_u8GetResultSync
                0x00001e0a       0x7e ./MCAL/ADC_prog.o
                0x00001e0a                ADC_u8GetResultSync
 .text.ADC_u8StartConversionAsynch
                0x00001e88       0x50 ./MCAL/ADC_prog.o
                0x00001e88                ADC_u8StartConversionAsynch
 .text.ADC_u8StartChainAsynch
                0x00001ed8       0x78 ./MCAL/ADC_prog.o
                0x00001ed8                ADC_u8StartChainAsynch
 .text.__vector_16
                0x00001f50       0xd6 ./MCAL/ADC_prog.o
                0x00001f50                __vector_16
 .text.DIO_enumSetPinDirection
                0x00002026       0xfc ./MCAL/DIO_program.o
                0x00002026                DIO_enumSetPinDirection
 .text.DIO_enumWritePinValue
                0x00002122       0xfc ./MCAL/DIO_program.o
                0x00002122                DIO_enumWritePinValue
 .text.DIO_enumReadPinValue
                0x0000221e       0x54 ./MCAL/DIO_program.o
                0x0000221e                DIO_enumReadPinValue
 .text.DIO_enumTogglePinValue
                0x00002272       0x78 ./MCAL/DIO_program.o
                0x00002272                DIO_enumTogglePinValue
 .text.DIO_enumSetPortDirection
                0x000022ea       0x2c ./MCAL/DIO_program.o
                0x000022ea                DIO_enumSetPortDirection
 .text.DIO_enumWritePortValue
                0x00002316       0x2e ./MCAL/DIO_program.o
                0x00002316                DIO_enumWritePortValue
 .text.DIO_enumReadPortValue
                0x00002344       0x22 ./MCAL/DIO_program.o
                0x00002344                DIO_enumReadPortValue
 .text.DIO_enumTogglePortValue
                0x00002366       0x3e ./MCAL/DIO_program.o
                0x00002366                DIO_enumTogglePortValue
 .text.DIO_enumConnectPullUp
                0x000023a4      0x128 ./MCAL/DIO_program.o
                0x000023a4                DIO_enumConnectPullUp
 .text.DIO_vWriteLowNibble
                0x000024cc       0x58 ./MCAL/DIO_program.o
                0x000024cc                DIO_vWriteLowNibble
 .text.DIO_vWriteHighNibble
                0x00002524       0x5a ./MCAL/DIO_program.o
                0x00002524                DIO_vWriteHighNibble
 .text.DIO_vSetLowNibbleDir
                0x0000257e       0x58 ./MCAL/DIO_program.o
                0x0000257e                DIO_vSetLowNibbleDir
 .text.DIO_vSetHighNibbleDir
                0x000025d6       0x5a ./MCAL/DIO_program.o
                0x000025d6                DIO_vSetHighNibbleDir
 .text.EEPROM_write
                0x00002630       0x2c ./MCAL/EEPROM_programe.o
                0x00002630                EEPROM_write
 .text.EEPROM_read
                0x0000265c       0x24 ./MCAL/EEPROM_programe.o
                0x0000265c                EEPROM_read
 .text.TWI_vInitMaster
                0x00002680       0x1e ./MCAL/TWI_prog.o
                0x00002680                TWI_vInitMaster
 .text.TWI_vInitSlave
                0x0000269e       0x12 ./MCAL/TWI_prog.o
                0x0000269e                TWI_vInitSlave
 .text.TWI_SendStartCondition
                0x000026b0       0x22 ./MCAL/TWI_prog.o
                0x000026b0                TWI_SendStartCondition
 .text.TWI_SendRepeatedStart
                0x000026d2       0x22 ./MCAL/TWI_prog.o
                0x000026d2                TWI_SendRepeatedStart
 .text.TWI_SendSlaveAddressWithWrite
                0x000026f4       0x28 ./MCAL/TWI_prog.o
                0x000026f4                TWI_SendSlaveAddressWithWrite
 .text.TWI_SendSlaveAddressWithRead
                0x0000271c       0x28 ./MCAL/TWI_prog.o
                0x0000271c                TWI_SendSlaveAddressWithRead
 .text.TWI_MasterWriteDataByte
                0x00002744       0x1e ./MCAL/TWI_prog.o
                0x00002744                TWI_MasterWriteDataByte
 .text.TWI_MasterReadDataByte
                0x00002762       0x22 ./MCAL/TWI_prog.o
                0x00002762                TWI_MasterReadDataByte
 .text.TWI_SlaveWriteDataByte
                0x00002784       0x1e ./MCAL/TWI_prog.o
                0x00002784                TWI_SlaveWriteDataByte
 .text.TWI_SlaveReadDataByte
                0x000027a2       0x22 ./MCAL/TWI_prog.o
                0x000027a2                TWI_SlaveReadDataByte
 .text.TWI_vSendStopCondition
                0x000027c4        0xe ./MCAL/TWI_prog.o
                0x000027c4                TWI_vSendStopCondition
 .text.main     0x000027d2       0xc4 ./main.o
                0x000027d2                main
 .text.libgcc   0x00002896       0x3e e:/winavr/bin/../lib/gcc/avr/4.3.3/avr5\libgcc.a(_mulsi3.o)
                0x00002896                __mulsi3
 .text.libgcc   0x000028d4       0x28 e:/winavr/bin/../lib/gcc/avr/4.3.3/avr5\libgcc.a(_udivmodhi4.o)
                0x000028d4                __udivmodhi4
 .text.libgcc   0x000028fc       0x44 e:/winavr/bin/../lib/gcc/avr/4.3.3/avr5\libgcc.a(_udivmodsi4.o)
                0x000028fc                __udivmodsi4
 .text.libgcc   0x00002940       0x36 e:/winavr/bin/../lib/gcc/avr/4.3.3/avr5\libgcc.a(_divmodsi4.o)
                0x00002940                __divmodsi4
 .text.libgcc   0x00002976        0x0 e:/winavr/bin/../lib/gcc/avr/4.3.3/avr5\libgcc.a(_exit.o)
 .text.libgcc   0x00002976        0x0 e:/winavr/bin/../lib/gcc/avr/4.3.3/avr5\libgcc.a(_copy_data.o)
 .text.libgcc   0x00002976        0x0 e:/winavr/bin/../lib/gcc/avr/4.3.3/avr5\libgcc.a(_clear_bss.o)
 .text.libgcc   0x00002976       0x38 e:/winavr/bin/../lib/gcc/avr/4.3.3/avr5\libgcc.a(_prologue.o)
                0x00002976                __prologue_saves__
 .text.libgcc   0x000029ae       0x36 e:/winavr/bin/../lib/gcc/avr/4.3.3/avr5\libgcc.a(_epilogue.o)
                0x000029ae                __epilogue_restores__
                0x000029e4                . = ALIGN (0x2)
 *(.fini9)
 .fini9         0x000029e4        0x0 e:/winavr/bin/../lib/gcc/avr/4.3.3/avr5\libgcc.a(_exit.o)
                0x000029e4                exit
                0x000029e4                _exit
 *(.fini9)
 *(.fini8)
 *(.fini8)
 *(.fini7)
 *(.fini7)
 *(.fini6)
 *(.fini6)
 *(.fini5)
 *(.fini5)
 *(.fini4)
 *(.fini4)
 *(.fini3)
 *(.fini3)
 *(.fini2)
 *(.fini2)
 *(.fini1)
 *(.fini1)
 *(.fini0)
 .fini0         0x000029e4        0x4 e:/winavr/bin/../lib/gcc/avr/4.3.3/avr5\libgcc.a(_exit.o)
 *(.fini0)
                0x000029e8                _etext = .

.data           0x00800060      0x154 load address 0x000029e8
                0x00800060                PROVIDE (__data_start, .)
 *(.data)
 .data          0x00800060        0x0 e:/winavr/bin/../lib/gcc/avr/4.3.3/../../../../avr/lib/avr5/crtm32.o
 .data          0x00800060        0x0 ./hal/BUZ_prog.o
 .data          0x00800060        0x0 ./hal/CLCD_program.o
 .data          0x00800060        0x0 ./hal/DCMOTOR_program.o
 .data          0x00800060        0x0 ./hal/DT11_prog.o
 .data          0x00800060        0x0 ./hal/IR_prog.o
 .data          0x00800060        0x0 ./hal/KPD_prog.o
 .data          0x00800060        0x0 ./hal/LDR_prog.o
 .data          0x00800060        0x0 ./hal/LED_prog.o
 .data          0x00800060        0x0 ./hal/MQ2_prog.o
 .data          0x00800060        0x0 ./hal/PIR_prog.o
 .data          0x00800060        0x0 ./hal/soil moisture_program.o
 .data          0x00800060        0x0 ./MCAL/ADC_prog.o
 .data          0x00800060        0x0 ./MCAL/DIO_program.o
 .data          0x00800060        0x0 ./MCAL/EEPROM_programe.o
 .data          0x00800060        0x0 ./MCAL/TWI_prog.o
 .data          0x00800060       0x24 ./main.o
 .data          0x00800084        0x0 e:/winavr/bin/../lib/gcc/avr/4.3.3/avr5\libgcc.a(_mulsi3.o)
 .data          0x00800084        0x0 e:/winavr/bin/../lib/gcc/avr/4.3.3/avr5\libgcc.a(_udivmodhi4.o)
 .data          0x00800084        0x0 e:/winavr/bin/../lib/gcc/avr/4.3.3/avr5\libgcc.a(_udivmodsi4.o)
 .data          0x00800084        0x0 e:/winavr/bin/../lib/gcc/avr/4.3.3/avr5\libgcc.a(_divmodsi4.o)
 .data          0x00800084        0x0 e:/winavr/bin/../lib/gcc/avr/4.3.3/avr5\libgcc.a(_exit.o)
 .data          0x00800084        0x0 e:/winavr/bin/../lib/gcc/avr/4.3.3/avr5\libgcc.a(_copy_data.o)
 .data          0x00800084        0x0 e:/winavr/bin/../lib/gcc/avr/4.3.3/avr5\libgcc.a(_clear_bss.o)
 .data          0x00800084        0x0 e:/winavr/bin/../lib/gcc/avr/4.3.3/avr5\libgcc.a(_fixunssfsi.o)
 .data          0x00800084        0x0 e:/winavr/bin/../lib/gcc/avr/4.3.3/avr5\libgcc.a(_fixsfdi.o)
 .data          0x00800084        0x0 e:/winavr/bin/../lib/gcc/avr/4.3.3/avr5\libgcc.a(_fixunssfdi.o)
 .data          0x00800084        0x0 e:/winavr/bin/../lib/gcc/avr/4.3.3/avr5\libgcc.a(_addsub_sf.o)
 .data          0x00800084        0x0 e:/winavr/bin/../lib/gcc/avr/4.3.3/avr5\libgcc.a(_mul_sf.o)
 .data          0x00800084        0x0 e:/winavr/bin/../lib/gcc/avr/4.3.3/avr5\libgcc.a(_div_sf.o)
 .data          0x00800084        0x0 e:/winavr/bin/../lib/gcc/avr/4.3.3/avr5\libgcc.a(_ge_sf.o)
 .data          0x00800084        0x0 e:/winavr/bin/../lib/gcc/avr/4.3.3/avr5\libgcc.a(_lt_sf.o)
 .data          0x00800084        0x0 e:/winavr/bin/../lib/gcc/avr/4.3.3/avr5\libgcc.a(_si_to_sf.o)
 .data          0x00800084        0x0 e:/winavr/bin/../lib/gcc/avr/4.3.3/avr5\libgcc.a(_sf_to_si.o)
 .data          0x00800084        0x8 e:/winavr/bin/../lib/gcc/avr/4.3.3/avr5\libgcc.a(_thenan_sf.o)
                0x00800084                __thenan_sf
 .data          0x0080008c        0x0 e:/winavr/bin/../lib/gcc/avr/4.3.3/avr5\libgcc.a(_usi_to_sf.o)
 .data          0x0080008c        0x0 e:/winavr/bin/../lib/gcc/avr/4.3.3/avr5\libgcc.a(_prologue.o)
 .data          0x0080008c        0x0 e:/winavr/bin/../lib/gcc/avr/4.3.3/avr5\libgcc.a(_epilogue.o)
 .data          0x0080008c        0x0 e:/winavr/bin/../lib/gcc/avr/4.3.3/avr5\libgcc.a(_ashldi3.o)
 .data          0x0080008c        0x0 e:/winavr/bin/../lib/gcc/avr/4.3.3/avr5\libgcc.a(_clzsi2.o)
 .data          0x0080008c        0x0 e:/winavr/bin/../lib/gcc/avr/4.3.3/avr5\libgcc.a(_pack_sf.o)
 .data          0x0080008c        0x0 e:/winavr/bin/../lib/gcc/avr/4.3.3/avr5\libgcc.a(_unpack_sf.o)
 .data          0x0080008c        0x0 e:/winavr/bin/../lib/gcc/avr/4.3.3/avr5\libgcc.a(_fpcmp_parts_sf.o)
 .data          0x0080008c      0x100 e:/winavr/bin/../lib/gcc/avr/4.3.3/avr5\libgcc.a(_clz.o)
                0x0080008c                __clz_tab
 *(.data*)
 .data.CLCD_u8ExtraChar
                0x0080018c       0x18 ./hal/CLCD_program.o
                0x0080018c                CLCD_u8ExtraChar
 .data.KPD_u8Buttons
                0x008001a4       0x10 ./hal/KPD_prog.o
                0x008001a4                KPD_u8Buttons
 *(.rodata)
 *(.rodata*)
 *(.gnu.linkonce.d*)
                0x008001b4                . = ALIGN (0x2)
                0x008001b4                _edata = .
                0x008001b4                PROVIDE (__data_end, .)

.bss            0x008001b4        0xa
                0x008001b4                PROVIDE (__bss_start, .)
 *(.bss)
 .bss           0x008001b4        0x0 e:/winavr/bin/../lib/gcc/avr/4.3.3/../../../../avr/lib/avr5/crtm32.o
 .bss           0x008001b4        0x0 ./hal/BUZ_prog.o
 .bss           0x008001b4        0x0 ./hal/CLCD_program.o
 .bss           0x008001b4        0x0 ./hal/DCMOTOR_program.o
 .bss           0x008001b4        0x0 ./hal/DT11_prog.o
 .bss           0x008001b4        0x0 ./hal/IR_prog.o
 .bss           0x008001b4        0x0 ./hal/KPD_prog.o
 .bss           0x008001b4        0x0 ./hal/LDR_prog.o
 .bss           0x008001b4        0x0 ./hal/LED_prog.o
 .bss           0x008001b4        0x0 ./hal/MQ2_prog.o
 .bss           0x008001b4        0x0 ./hal/PIR_prog.o
 .bss           0x008001b4        0x0 ./hal/soil moisture_program.o
 .bss           0x008001b4        0x0 ./MCAL/ADC_prog.o
 .bss           0x008001b4        0x0 ./MCAL/DIO_program.o
 .bss           0x008001b4        0x0 ./MCAL/EEPROM_programe.o
 .bss           0x008001b4        0x0 ./MCAL/TWI_prog.o
 .bss           0x008001b4        0x0 ./main.o
 .bss           0x008001b4        0x0 e:/winavr/bin/../lib/gcc/avr/4.3.3/avr5\libgcc.a(_mulsi3.o)
 .bss           0x008001b4        0x0 e:/winavr/bin/../lib/gcc/avr/4.3.3/avr5\libgcc.a(_udivmodhi4.o)
 .bss           0x008001b4        0x0 e:/winavr/bin/../lib/gcc/avr/4.3.3/avr5\libgcc.a(_udivmodsi4.o)
 .bss           0x008001b4        0x0 e:/winavr/bin/../lib/gcc/avr/4.3.3/avr5\libgcc.a(_divmodsi4.o)
 .bss           0x008001b4        0x0 e:/winavr/bin/../lib/gcc/avr/4.3.3/avr5\libgcc.a(_exit.o)
 .bss           0x008001b4        0x0 e:/winavr/bin/../lib/gcc/avr/4.3.3/avr5\libgcc.a(_copy_data.o)
 .bss           0x008001b4        0x0 e:/winavr/bin/../lib/gcc/avr/4.3.3/avr5\libgcc.a(_clear_bss.o)
 .bss           0x008001b4        0x0 e:/winavr/bin/../lib/gcc/avr/4.3.3/avr5\libgcc.a(_fixunssfsi.o)
 .bss           0x008001b4        0x0 e:/winavr/bin/../lib/gcc/avr/4.3.3/avr5\libgcc.a(_fixsfdi.o)
 .bss           0x008001b4        0x0 e:/winavr/bin/../lib/gcc/avr/4.3.3/avr5\libgcc.a(_fixunssfdi.o)
 .bss           0x008001b4        0x0 e:/winavr/bin/../lib/gcc/avr/4.3.3/avr5\libgcc.a(_addsub_sf.o)
 .bss           0x008001b4        0x0 e:/winavr/bin/../lib/gcc/avr/4.3.3/avr5\libgcc.a(_mul_sf.o)
 .bss           0x008001b4        0x0 e:/winavr/bin/../lib/gcc/avr/4.3.3/avr5\libgcc.a(_div_sf.o)
 .bss           0x008001b4        0x0 e:/winavr/bin/../lib/gcc/avr/4.3.3/avr5\libgcc.a(_ge_sf.o)
 .bss           0x008001b4        0x0 e:/winavr/bin/../lib/gcc/avr/4.3.3/avr5\libgcc.a(_lt_sf.o)
 .bss           0x008001b4        0x0 e:/winavr/bin/../lib/gcc/avr/4.3.3/avr5\libgcc.a(_si_to_sf.o)
 .bss           0x008001b4        0x0 e:/winavr/bin/../lib/gcc/avr/4.3.3/avr5\libgcc.a(_sf_to_si.o)
 .bss           0x008001b4        0x0 e:/winavr/bin/../lib/gcc/avr/4.3.3/avr5\libgcc.a(_thenan_sf.o)
 .bss           0x008001b4        0x0 e:/winavr/bin/../lib/gcc/avr/4.3.3/avr5\libgcc.a(_usi_to_sf.o)
 .bss           0x008001b4        0x0 e:/winavr/bin/../lib/gcc/avr/4.3.3/avr5\libgcc.a(_prologue.o)
 .bss           0x008001b4        0x0 e:/winavr/bin/../lib/gcc/avr/4.3.3/avr5\libgcc.a(_epilogue.o)
 .bss           0x008001b4        0x0 e:/winavr/bin/../lib/gcc/avr/4.3.3/avr5\libgcc.a(_ashldi3.o)
 .bss           0x008001b4        0x0 e:/winavr/bin/../lib/gcc/avr/4.3.3/avr5\libgcc.a(_clzsi2.o)
 .bss           0x008001b4        0x0 e:/winavr/bin/../lib/gcc/avr/4.3.3/avr5\libgcc.a(_pack_sf.o)
 .bss           0x008001b4        0x0 e:/winavr/bin/../lib/gcc/avr/4.3.3/avr5\libgcc.a(_unpack_sf.o)
 .bss           0x008001b4        0x0 e:/winavr/bin/../lib/gcc/avr/4.3.3/avr5\libgcc.a(_fpcmp_parts_sf.o)
 .bss           0x008001b4        0x0 e:/winavr/bin/../lib/gcc/avr/4.3.3/avr5\libgcc.a(_clz.o)
 *(.bss*)
 .bss.ADC_pu16AsynchConversionResult
                0x008001b4        0x2 ./MCAL/ADC_prog.o
 .bss.ADC_u8State
                0x008001b6        0x1 ./MCAL/ADC_prog.o
 .bss.ADC_pvNotificationFunc
                0x008001b7        0x2 ./MCAL/ADC_prog.o
 .bss.ADC_u8ISRState
                0x008001b9        0x1 ./MCAL/ADC_prog.o
 .bss.ADC_pu8ChainChannel
                0x008001ba        0x2 ./MCAL/ADC_prog.o
 .bss.ADC_u8ChainSize
                0x008001bc        0x1 ./MCAL/ADC_prog.o
 .bss.ADC_u8Index
                0x008001bd        0x1 ./MCAL/ADC_prog.o
 *(COMMON)
                0x008001be                PROVIDE (__bss_end, .)
                0x000029e8                __data_load_start = LOADADDR (.data)
                0x00002b3c                __data_load_end = (__data_load_start + SIZEOF (.data))

.noinit         0x008001be        0x0
                0x008001be                PROVIDE (__noinit_start, .)
 *(.noinit*)
                0x008001be                PROVIDE (__noinit_end, .)
                0x008001be                _end = .
                0x008001be                PROVIDE (__heap_start, .)

.eeprom         0x00810000        0x0
 *(.eeprom*)
                0x00810000                __eeprom_end = .

.fuse
 *(.fuse)
 *(.lfuse)
 *(.hfuse)
 *(.efuse)

.lock
 *(.lock*)

.signature
 *(.signature*)

.stab
 *(.stab)

.stabstr
 *(.stabstr)

.stab.excl
 *(.stab.excl)

.stab.exclstr
 *(.stab.exclstr)

.stab.index
 *(.stab.index)

.stab.indexstr
 *(.stab.indexstr)

.comment
 *(.comment)

.debug
 *(.debug)

.line
 *(.line)

.debug_srcinfo
 *(.debug_srcinfo)

.debug_sfnames
 *(.debug_sfnames)

.debug_aranges  0x00000000      0x200
 *(.debug_aranges)
 .debug_aranges
                0x00000000       0x20 e:/winavr/bin/../lib/gcc/avr/4.3.3/avr5\libgcc.a(_fixunssfsi.o)
 .debug_aranges
                0x00000020       0x20 e:/winavr/bin/../lib/gcc/avr/4.3.3/avr5\libgcc.a(_fixsfdi.o)
 .debug_aranges
                0x00000040       0x20 e:/winavr/bin/../lib/gcc/avr/4.3.3/avr5\libgcc.a(_fixunssfdi.o)
 .debug_aranges
                0x00000060       0x20 e:/winavr/bin/../lib/gcc/avr/4.3.3/avr5\libgcc.a(_addsub_sf.o)
 .debug_aranges
                0x00000080       0x20 e:/winavr/bin/../lib/gcc/avr/4.3.3/avr5\libgcc.a(_mul_sf.o)
 .debug_aranges
                0x000000a0       0x20 e:/winavr/bin/../lib/gcc/avr/4.3.3/avr5\libgcc.a(_div_sf.o)
 .debug_aranges
                0x000000c0       0x20 e:/winavr/bin/../lib/gcc/avr/4.3.3/avr5\libgcc.a(_ge_sf.o)
 .debug_aranges
                0x000000e0       0x20 e:/winavr/bin/../lib/gcc/avr/4.3.3/avr5\libgcc.a(_lt_sf.o)
 .debug_aranges
                0x00000100       0x20 e:/winavr/bin/../lib/gcc/avr/4.3.3/avr5\libgcc.a(_si_to_sf.o)
 .debug_aranges
                0x00000120       0x20 e:/winavr/bin/../lib/gcc/avr/4.3.3/avr5\libgcc.a(_sf_to_si.o)
 .debug_aranges
                0x00000140       0x20 e:/winavr/bin/../lib/gcc/avr/4.3.3/avr5\libgcc.a(_usi_to_sf.o)
 .debug_aranges
                0x00000160       0x20 e:/winavr/bin/../lib/gcc/avr/4.3.3/avr5\libgcc.a(_ashldi3.o)
 .debug_aranges
                0x00000180       0x20 e:/winavr/bin/../lib/gcc/avr/4.3.3/avr5\libgcc.a(_clzsi2.o)
 .debug_aranges
                0x000001a0       0x20 e:/winavr/bin/../lib/gcc/avr/4.3.3/avr5\libgcc.a(_pack_sf.o)
 .debug_aranges
                0x000001c0       0x20 e:/winavr/bin/../lib/gcc/avr/4.3.3/avr5\libgcc.a(_unpack_sf.o)
 .debug_aranges
                0x000001e0       0x20 e:/winavr/bin/../lib/gcc/avr/4.3.3/avr5\libgcc.a(_fpcmp_parts_sf.o)

.debug_pubnames
                0x00000000      0x259
 *(.debug_pubnames)
 .debug_pubnames
                0x00000000       0x23 e:/winavr/bin/../lib/gcc/avr/4.3.3/avr5\libgcc.a(_fixunssfsi.o)
 .debug_pubnames
                0x00000023       0x20 e:/winavr/bin/../lib/gcc/avr/4.3.3/avr5\libgcc.a(_fixsfdi.o)
 .debug_pubnames
                0x00000043       0x23 e:/winavr/bin/../lib/gcc/avr/4.3.3/avr5\libgcc.a(_fixunssfdi.o)
 .debug_pubnames
                0x00000066       0x2c e:/winavr/bin/../lib/gcc/avr/4.3.3/avr5\libgcc.a(_addsub_sf.o)
 .debug_pubnames
                0x00000092       0x1f e:/winavr/bin/../lib/gcc/avr/4.3.3/avr5\libgcc.a(_mul_sf.o)
 .debug_pubnames
                0x000000b1       0x1f e:/winavr/bin/../lib/gcc/avr/4.3.3/avr5\libgcc.a(_div_sf.o)
 .debug_pubnames
                0x000000d0       0x1e e:/winavr/bin/../lib/gcc/avr/4.3.3/avr5\libgcc.a(_ge_sf.o)
 .debug_pubnames
                0x000000ee       0x1e e:/winavr/bin/../lib/gcc/avr/4.3.3/avr5\libgcc.a(_lt_sf.o)
 .debug_pubnames
                0x0000010c       0x22 e:/winavr/bin/../lib/gcc/avr/4.3.3/avr5\libgcc.a(_si_to_sf.o)
 .debug_pubnames
                0x0000012e       0x20 e:/winavr/bin/../lib/gcc/avr/4.3.3/avr5\libgcc.a(_sf_to_si.o)
 .debug_pubnames
                0x0000014e       0x22 e:/winavr/bin/../lib/gcc/avr/4.3.3/avr5\libgcc.a(_thenan_sf.o)
 .debug_pubnames
                0x00000170       0x24 e:/winavr/bin/../lib/gcc/avr/4.3.3/avr5\libgcc.a(_usi_to_sf.o)
 .debug_pubnames
                0x00000194       0x20 e:/winavr/bin/../lib/gcc/avr/4.3.3/avr5\libgcc.a(_ashldi3.o)
 .debug_pubnames
                0x000001b4       0x1f e:/winavr/bin/../lib/gcc/avr/4.3.3/avr5\libgcc.a(_clzsi2.o)
 .debug_pubnames
                0x000001d3       0x1f e:/winavr/bin/../lib/gcc/avr/4.3.3/avr5\libgcc.a(_pack_sf.o)
 .debug_pubnames
                0x000001f2       0x21 e:/winavr/bin/../lib/gcc/avr/4.3.3/avr5\libgcc.a(_unpack_sf.o)
 .debug_pubnames
                0x00000213       0x26 e:/winavr/bin/../lib/gcc/avr/4.3.3/avr5\libgcc.a(_fpcmp_parts_sf.o)
 .debug_pubnames
                0x00000239       0x20 e:/winavr/bin/../lib/gcc/avr/4.3.3/avr5\libgcc.a(_clz.o)

.debug_info     0x00000000     0x26d4
 *(.debug_info)
 .debug_info    0x00000000       0xb1 e:/winavr/bin/../lib/gcc/avr/4.3.3/avr5\libgcc.a(_fixunssfsi.o)
 .debug_info    0x000000b1       0xb1 e:/winavr/bin/../lib/gcc/avr/4.3.3/avr5\libgcc.a(_fixsfdi.o)
 .debug_info    0x00000162      0x111 e:/winavr/bin/../lib/gcc/avr/4.3.3/avr5\libgcc.a(_fixunssfdi.o)
 .debug_info    0x00000273      0x47a e:/winavr/bin/../lib/gcc/avr/4.3.3/avr5\libgcc.a(_addsub_sf.o)
 .debug_info    0x000006ed      0x485 e:/winavr/bin/../lib/gcc/avr/4.3.3/avr5\libgcc.a(_mul_sf.o)
 .debug_info    0x00000b72      0x3fc e:/winavr/bin/../lib/gcc/avr/4.3.3/avr5\libgcc.a(_div_sf.o)
 .debug_info    0x00000f6e      0x27f e:/winavr/bin/../lib/gcc/avr/4.3.3/avr5\libgcc.a(_ge_sf.o)
 .debug_info    0x000011ed      0x27f e:/winavr/bin/../lib/gcc/avr/4.3.3/avr5\libgcc.a(_lt_sf.o)
 .debug_info    0x0000146c      0x207 e:/winavr/bin/../lib/gcc/avr/4.3.3/avr5\libgcc.a(_si_to_sf.o)
 .debug_info    0x00001673      0x2b0 e:/winavr/bin/../lib/gcc/avr/4.3.3/avr5\libgcc.a(_sf_to_si.o)
 .debug_info    0x00001923      0x12c e:/winavr/bin/../lib/gcc/avr/4.3.3/avr5\libgcc.a(_thenan_sf.o)
 .debug_info    0x00001a4f      0x206 e:/winavr/bin/../lib/gcc/avr/4.3.3/avr5\libgcc.a(_usi_to_sf.o)
 .debug_info    0x00001c55      0x17f e:/winavr/bin/../lib/gcc/avr/4.3.3/avr5\libgcc.a(_ashldi3.o)
 .debug_info    0x00001dd4      0x117 e:/winavr/bin/../lib/gcc/avr/4.3.3/avr5\libgcc.a(_clzsi2.o)
 .debug_info    0x00001eeb      0x2df e:/winavr/bin/../lib/gcc/avr/4.3.3/avr5\libgcc.a(_pack_sf.o)
 .debug_info    0x000021ca      0x251 e:/winavr/bin/../lib/gcc/avr/4.3.3/avr5\libgcc.a(_unpack_sf.o)
 .debug_info    0x0000241b      0x210 e:/winavr/bin/../lib/gcc/avr/4.3.3/avr5\libgcc.a(_fpcmp_parts_sf.o)
 .debug_info    0x0000262b       0xa9 e:/winavr/bin/../lib/gcc/avr/4.3.3/avr5\libgcc.a(_clz.o)
 *(.gnu.linkonce.wi.*)

.debug_abbrev   0x00000000     0x155d
 *(.debug_abbrev)
 .debug_abbrev  0x00000000       0x5d e:/winavr/bin/../lib/gcc/avr/4.3.3/avr5\libgcc.a(_fixunssfsi.o)
 .debug_abbrev  0x0000005d       0x5d e:/winavr/bin/../lib/gcc/avr/4.3.3/avr5\libgcc.a(_fixsfdi.o)
 .debug_abbrev  0x000000ba       0x9e e:/winavr/bin/../lib/gcc/avr/4.3.3/avr5\libgcc.a(_fixunssfdi.o)
 .debug_abbrev  0x00000158      0x1ea e:/winavr/bin/../lib/gcc/avr/4.3.3/avr5\libgcc.a(_addsub_sf.o)
 .debug_abbrev  0x00000342      0x21b e:/winavr/bin/../lib/gcc/avr/4.3.3/avr5\libgcc.a(_mul_sf.o)
 .debug_abbrev  0x0000055d      0x216 e:/winavr/bin/../lib/gcc/avr/4.3.3/avr5\libgcc.a(_div_sf.o)
 .debug_abbrev  0x00000773      0x15a e:/winavr/bin/../lib/gcc/avr/4.3.3/avr5\libgcc.a(_ge_sf.o)
 .debug_abbrev  0x000008cd      0x15a e:/winavr/bin/../lib/gcc/avr/4.3.3/avr5\libgcc.a(_lt_sf.o)
 .debug_abbrev  0x00000a27      0x148 e:/winavr/bin/../lib/gcc/avr/4.3.3/avr5\libgcc.a(_si_to_sf.o)
 .debug_abbrev  0x00000b6f      0x17f e:/winavr/bin/../lib/gcc/avr/4.3.3/avr5\libgcc.a(_sf_to_si.o)
 .debug_abbrev  0x00000cee       0xad e:/winavr/bin/../lib/gcc/avr/4.3.3/avr5\libgcc.a(_thenan_sf.o)
 .debug_abbrev  0x00000d9b      0x157 e:/winavr/bin/../lib/gcc/avr/4.3.3/avr5\libgcc.a(_usi_to_sf.o)
 .debug_abbrev  0x00000ef2       0xee e:/winavr/bin/../lib/gcc/avr/4.3.3/avr5\libgcc.a(_ashldi3.o)
 .debug_abbrev  0x00000fe0       0xc4 e:/winavr/bin/../lib/gcc/avr/4.3.3/avr5\libgcc.a(_clzsi2.o)
 .debug_abbrev  0x000010a4      0x1c0 e:/winavr/bin/../lib/gcc/avr/4.3.3/avr5\libgcc.a(_pack_sf.o)
 .debug_abbrev  0x00001264      0x154 e:/winavr/bin/../lib/gcc/avr/4.3.3/avr5\libgcc.a(_unpack_sf.o)
 .debug_abbrev  0x000013b8      0x13b e:/winavr/bin/../lib/gcc/avr/4.3.3/avr5\libgcc.a(_fpcmp_parts_sf.o)
 .debug_abbrev  0x000014f3       0x6a e:/winavr/bin/../lib/gcc/avr/4.3.3/avr5\libgcc.a(_clz.o)

.debug_line     0x00000000     0x149d
 *(.debug_line)
 .debug_line    0x00000000       0xa7 e:/winavr/bin/../lib/gcc/avr/4.3.3/avr5\libgcc.a(_fixunssfsi.o)
 .debug_line    0x000000a7       0xa7 e:/winavr/bin/../lib/gcc/avr/4.3.3/avr5\libgcc.a(_fixsfdi.o)
 .debug_line    0x0000014e       0xe7 e:/winavr/bin/../lib/gcc/avr/4.3.3/avr5\libgcc.a(_fixunssfdi.o)
 .debug_line    0x00000235      0x2af e:/winavr/bin/../lib/gcc/avr/4.3.3/avr5\libgcc.a(_addsub_sf.o)
 .debug_line    0x000004e4      0x239 e:/winavr/bin/../lib/gcc/avr/4.3.3/avr5\libgcc.a(_mul_sf.o)
 .debug_line    0x0000071d      0x1d5 e:/winavr/bin/../lib/gcc/avr/4.3.3/avr5\libgcc.a(_div_sf.o)
 .debug_line    0x000008f2       0xd3 e:/winavr/bin/../lib/gcc/avr/4.3.3/avr5\libgcc.a(_ge_sf.o)
 .debug_line    0x000009c5       0xd3 e:/winavr/bin/../lib/gcc/avr/4.3.3/avr5\libgcc.a(_lt_sf.o)
 .debug_line    0x00000a98      0x135 e:/winavr/bin/../lib/gcc/avr/4.3.3/avr5\libgcc.a(_si_to_sf.o)
 .debug_line    0x00000bcd      0x109 e:/winavr/bin/../lib/gcc/avr/4.3.3/avr5\libgcc.a(_sf_to_si.o)
 .debug_line    0x00000cd6       0x90 e:/winavr/bin/../lib/gcc/avr/4.3.3/avr5\libgcc.a(_thenan_sf.o)
 .debug_line    0x00000d66      0x133 e:/winavr/bin/../lib/gcc/avr/4.3.3/avr5\libgcc.a(_usi_to_sf.o)
 .debug_line    0x00000e99       0xd7 e:/winavr/bin/../lib/gcc/avr/4.3.3/avr5\libgcc.a(_ashldi3.o)
 .debug_line    0x00000f70       0xa5 e:/winavr/bin/../lib/gcc/avr/4.3.3/avr5\libgcc.a(_clzsi2.o)
 .debug_line    0x00001015      0x18a e:/winavr/bin/../lib/gcc/avr/4.3.3/avr5\libgcc.a(_pack_sf.o)
 .debug_line    0x0000119f      0x14b e:/winavr/bin/../lib/gcc/avr/4.3.3/avr5\libgcc.a(_unpack_sf.o)
 .debug_line    0x000012ea      0x137 e:/winavr/bin/../lib/gcc/avr/4.3.3/avr5\libgcc.a(_fpcmp_parts_sf.o)
 .debug_line    0x00001421       0x7c e:/winavr/bin/../lib/gcc/avr/4.3.3/avr5\libgcc.a(_clz.o)

.debug_frame    0x00000000      0x220
 *(.debug_frame)
 .debug_frame   0x00000000       0x20 e:/winavr/bin/../lib/gcc/avr/4.3.3/avr5\libgcc.a(_fixunssfsi.o)
 .debug_frame   0x00000020       0x20 e:/winavr/bin/../lib/gcc/avr/4.3.3/avr5\libgcc.a(_fixsfdi.o)
 .debug_frame   0x00000040       0x20 e:/winavr/bin/../lib/gcc/avr/4.3.3/avr5\libgcc.a(_fixunssfdi.o)
 .debug_frame   0x00000060       0x40 e:/winavr/bin/../lib/gcc/avr/4.3.3/avr5\libgcc.a(_addsub_sf.o)
 .debug_frame   0x000000a0       0x20 e:/winavr/bin/../lib/gcc/avr/4.3.3/avr5\libgcc.a(_mul_sf.o)
 .debug_frame   0x000000c0       0x20 e:/winavr/bin/../lib/gcc/avr/4.3.3/avr5\libgcc.a(_div_sf.o)
 .debug_frame   0x000000e0       0x20 e:/winavr/bin/../lib/gcc/avr/4.3.3/avr5\libgcc.a(_ge_sf.o)
 .debug_frame   0x00000100       0x20 e:/winavr/bin/../lib/gcc/avr/4.3.3/avr5\libgcc.a(_lt_sf.o)
 .debug_frame   0x00000120       0x20 e:/winavr/bin/../lib/gcc/avr/4.3.3/avr5\libgcc.a(_si_to_sf.o)
 .debug_frame   0x00000140       0x20 e:/winavr/bin/../lib/gcc/avr/4.3.3/avr5\libgcc.a(_sf_to_si.o)
 .debug_frame   0x00000160       0x20 e:/winavr/bin/../lib/gcc/avr/4.3.3/avr5\libgcc.a(_usi_to_sf.o)
 .debug_frame   0x00000180       0x20 e:/winavr/bin/../lib/gcc/avr/4.3.3/avr5\libgcc.a(_ashldi3.o)
 .debug_frame   0x000001a0       0x20 e:/winavr/bin/../lib/gcc/avr/4.3.3/avr5\libgcc.a(_clzsi2.o)
 .debug_frame   0x000001c0       0x20 e:/winavr/bin/../lib/gcc/avr/4.3.3/avr5\libgcc.a(_pack_sf.o)
 .debug_frame   0x000001e0       0x20 e:/winavr/bin/../lib/gcc/avr/4.3.3/avr5\libgcc.a(_unpack_sf.o)
 .debug_frame   0x00000200       0x20 e:/winavr/bin/../lib/gcc/avr/4.3.3/avr5\libgcc.a(_fpcmp_parts_sf.o)

.debug_str      0x00000000      0x363
 *(.debug_str)
 .debug_str     0x00000000       0xbf e:/winavr/bin/../lib/gcc/avr/4.3.3/avr5\libgcc.a(_fixunssfsi.o)
                                 0xfe (size before relaxing)
 .debug_str     0x000000bf        0xa e:/winavr/bin/../lib/gcc/avr/4.3.3/avr5\libgcc.a(_fixsfdi.o)
                                 0xfa (size before relaxing)
 .debug_str     0x000000c9       0x2c e:/winavr/bin/../lib/gcc/avr/4.3.3/avr5\libgcc.a(_fixunssfdi.o)
                                0x11d (size before relaxing)
 .debug_str     0x000000f5      0x14d e:/winavr/bin/../lib/gcc/avr/4.3.3/avr5\libgcc.a(_addsub_sf.o)
                                0x206 (size before relaxing)
 .debug_str     0x00000242       0x27 e:/winavr/bin/../lib/gcc/avr/4.3.3/avr5\libgcc.a(_mul_sf.o)
                                0x1bf (size before relaxing)
 .debug_str     0x00000269       0x35 e:/winavr/bin/../lib/gcc/avr/4.3.3/avr5\libgcc.a(_div_sf.o)
                                0x1c8 (size before relaxing)
 .debug_str     0x0000029e        0x8 e:/winavr/bin/../lib/gcc/avr/4.3.3/avr5\libgcc.a(_ge_sf.o)
                                0x195 (size before relaxing)
 .debug_str     0x000002a6        0x8 e:/winavr/bin/../lib/gcc/avr/4.3.3/avr5\libgcc.a(_lt_sf.o)
                                0x195 (size before relaxing)
 .debug_str     0x000002ae       0x18 e:/winavr/bin/../lib/gcc/avr/4.3.3/avr5\libgcc.a(_si_to_sf.o)
                                0x17b (size before relaxing)
 .debug_str     0x000002c6        0xa e:/winavr/bin/../lib/gcc/avr/4.3.3/avr5\libgcc.a(_sf_to_si.o)
                                0x19e (size before relaxing)
 .debug_str     0x00000000      0x103 e:/winavr/bin/../lib/gcc/avr/4.3.3/avr5\libgcc.a(_thenan_sf.o)
 .debug_str     0x000002d0       0x14 e:/winavr/bin/../lib/gcc/avr/4.3.3/avr5\libgcc.a(_usi_to_sf.o)
                                0x177 (size before relaxing)
 .debug_str     0x000002e4       0x34 e:/winavr/bin/../lib/gcc/avr/4.3.3/avr5\libgcc.a(_ashldi3.o)
                                0x131 (size before relaxing)
 .debug_str     0x00000318       0x20 e:/winavr/bin/../lib/gcc/avr/4.3.3/avr5\libgcc.a(_clzsi2.o)
                                0x111 (size before relaxing)
 .debug_str     0x00000338       0x10 e:/winavr/bin/../lib/gcc/avr/4.3.3/avr5\libgcc.a(_pack_sf.o)
                                0x19d (size before relaxing)
 .debug_str     0x00000348        0xb e:/winavr/bin/../lib/gcc/avr/4.3.3/avr5\libgcc.a(_unpack_sf.o)
                                0x17f (size before relaxing)
 .debug_str     0x00000353       0x10 e:/winavr/bin/../lib/gcc/avr/4.3.3/avr5\libgcc.a(_fpcmp_parts_sf.o)
                                0x163 (size before relaxing)
 .debug_str     0x00000000       0xf4 e:/winavr/bin/../lib/gcc/avr/4.3.3/avr5\libgcc.a(_clz.o)

.debug_loc      0x00000000      0xbb4
 *(.debug_loc)
 .debug_loc     0x00000000       0x34 e:/winavr/bin/../lib/gcc/avr/4.3.3/avr5\libgcc.a(_fixunssfsi.o)
 .debug_loc     0x00000034       0x4a e:/winavr/bin/../lib/gcc/avr/4.3.3/avr5\libgcc.a(_fixsfdi.o)
 .debug_loc     0x0000007e       0x94 e:/winavr/bin/../lib/gcc/avr/4.3.3/avr5\libgcc.a(_fixunssfdi.o)
 .debug_loc     0x00000112      0x32a e:/winavr/bin/../lib/gcc/avr/4.3.3/avr5\libgcc.a(_addsub_sf.o)
 .debug_loc     0x0000043c      0x104 e:/winavr/bin/../lib/gcc/avr/4.3.3/avr5\libgcc.a(_mul_sf.o)
 .debug_loc     0x00000540       0xc0 e:/winavr/bin/../lib/gcc/avr/4.3.3/avr5\libgcc.a(_div_sf.o)
 .debug_loc     0x00000600       0x3c e:/winavr/bin/../lib/gcc/avr/4.3.3/avr5\libgcc.a(_ge_sf.o)
 .debug_loc     0x0000063c       0x3c e:/winavr/bin/../lib/gcc/avr/4.3.3/avr5\libgcc.a(_lt_sf.o)
 .debug_loc     0x00000678       0xac e:/winavr/bin/../lib/gcc/avr/4.3.3/avr5\libgcc.a(_si_to_sf.o)
 .debug_loc     0x00000724       0x7e e:/winavr/bin/../lib/gcc/avr/4.3.3/avr5\libgcc.a(_sf_to_si.o)
 .debug_loc     0x000007a2       0x4c e:/winavr/bin/../lib/gcc/avr/4.3.3/avr5\libgcc.a(_usi_to_sf.o)
 .debug_loc     0x000007ee       0xf8 e:/winavr/bin/../lib/gcc/avr/4.3.3/avr5\libgcc.a(_ashldi3.o)
 .debug_loc     0x000008e6       0x94 e:/winavr/bin/../lib/gcc/avr/4.3.3/avr5\libgcc.a(_clzsi2.o)
 .debug_loc     0x0000097a      0x13e e:/winavr/bin/../lib/gcc/avr/4.3.3/avr5\libgcc.a(_pack_sf.o)
 .debug_loc     0x00000ab8       0xac e:/winavr/bin/../lib/gcc/avr/4.3.3/avr5\libgcc.a(_unpack_sf.o)
 .debug_loc     0x00000b64       0x50 e:/winavr/bin/../lib/gcc/avr/4.3.3/avr5\libgcc.a(_fpcmp_parts_sf.o)

.debug_macinfo
 *(.debug_macinfo)
OUTPUT(test.elf elf32-avr)
LOAD linker stubs

.debug_ranges   0x00000000       0x50
 .debug_ranges  0x00000000       0x50 e:/winavr/bin/../lib/gcc/avr/4.3.3/avr5\libgcc.a(_mul_sf.o)
